
PROGRAM "S12ZVMxHCEVB_SW_CW11.elf"

*********************************************************************************************
TARGET SECTION
---------------------------------------------------------------------------------------------
Processor   : Freescale S12Z
Memory Model: SMALL
File Format : ELF\DWARF 2.0
Linker      : SmartLinker V-5.0.54 Build 18298, Oct 26 2018

*********************************************************************************************
FILE SECTION
---------------------------------------------------------------------------------------------
actuate_s12zvm_c.obj                    Model: SMALL,         Lang: ANSI-C,        Compiler Version: C/C++ Compiler for S12/L-ISA v-5.0.45 build 18298
meas_s12zvm_c.obj                       Model: SMALL,         Lang: ANSI-C,        Compiler Version: C/C++ Compiler for S12/L-ISA v-5.0.45 build 18298
pwm_control_c.obj                       Model: SMALL,         Lang: ANSI-C,        Compiler Version: C/C++ Compiler for S12/L-ISA v-5.0.45 build 18298
state_machine_c.obj                     Model: SMALL,         Lang: ANSI-C,        Compiler Version: C/C++ Compiler for S12/L-ISA v-5.0.45 build 18298
vector_c.obj                            Model: SMALL,         Lang: ANSI-C,        Compiler Version: C/C++ Compiler for S12/L-ISA v-5.0.45 build 18298
adc_c.obj                               Model: SMALL,         Lang: ANSI-C,        Compiler Version: C/C++ Compiler for S12/L-ISA v-5.0.45 build 18298
cpmu_c.obj                              Model: SMALL,         Lang: ANSI-C,        Compiler Version: C/C++ Compiler for S12/L-ISA v-5.0.45 build 18298
gdu_c.obj                               Model: SMALL,         Lang: ANSI-C,        Compiler Version: C/C++ Compiler for S12/L-ISA v-5.0.45 build 18298
pim_c.obj                               Model: SMALL,         Lang: ANSI-C,        Compiler Version: C/C++ Compiler for S12/L-ISA v-5.0.45 build 18298
pmf_c.obj                               Model: SMALL,         Lang: ANSI-C,        Compiler Version: C/C++ Compiler for S12/L-ISA v-5.0.45 build 18298
ptu_c.obj                               Model: SMALL,         Lang: ANSI-C,        Compiler Version: C/C++ Compiler for S12/L-ISA v-5.0.45 build 18298
sci_c.obj                               Model: SMALL,         Lang: ANSI-C,        Compiler Version: C/C++ Compiler for S12/L-ISA v-5.0.45 build 18298
tim_c.obj                               Model: SMALL,         Lang: ANSI-C,        Compiler Version: C/C++ Compiler for S12/L-ISA v-5.0.45 build 18298
freemaster_appcmd_c.obj                 Model: SMALL,         Lang: ANSI-C,        Compiler Version: C/C++ Compiler for S12/L-ISA v-5.0.45 build 18298
freemaster_protocol_c.obj               Model: SMALL,         Lang: ANSI-C,        Compiler Version: C/C++ Compiler for S12/L-ISA v-5.0.45 build 18298
freemaster_rec_c.obj                    Model: SMALL,         Lang: ANSI-C,        Compiler Version: C/C++ Compiler for S12/L-ISA v-5.0.45 build 18298
freemaster_scope_c.obj                  Model: SMALL,         Lang: ANSI-C,        Compiler Version: C/C++ Compiler for S12/L-ISA v-5.0.45 build 18298
freemaster_serial_c.obj                 Model: SMALL,         Lang: ANSI-C,        Compiler Version: C/C++ Compiler for S12/L-ISA v-5.0.45 build 18298
freemaster_HC12_c.obj                   Model: SMALL,         Lang: ANSI-C,        Compiler Version: C/C++ Compiler for S12/L-ISA v-5.0.45 build 18298
MC9S12ZVML128_PMSM_c.obj                Model: SMALL,         Lang: ANSI-C,        Compiler Version: C/C++ Compiler for S12/L-ISA v-5.0.45 build 18298
eeprom_S12Z_c.obj                       Model: SMALL,         Lang: ANSI-C,        Compiler Version: C/C++ Compiler for S12/L-ISA v-5.0.45 build 18298
motorinter_c.obj                        Model: SMALL,         Lang: ANSI-C,        Compiler Version: C/C++ Compiler for S12/L-ISA v-5.0.45 build 18298
lin_cfg_c.obj                           Model: SMALL,         Lang: ANSI-C,        Compiler Version: C/C++ Compiler for S12/L-ISA v-5.0.45 build 18298
SystemSchedule_c.obj                    Model: SMALL,         Lang: ANSI-C,        Compiler Version: C/C++ Compiler for S12/L-ISA v-5.0.45 build 18298
ProjectConfig_c.obj                     Model: SMALL,         Lang: ANSI-C,        Compiler Version: C/C++ Compiler for S12/L-ISA v-5.0.45 build 18298
MotorOperation_c.obj                    Model: SMALL,         Lang: ANSI-C,        Compiler Version: C/C++ Compiler for S12/L-ISA v-5.0.45 build 18298
Measurement_c.obj                       Model: SMALL,         Lang: ANSI-C,        Compiler Version: C/C++ Compiler for S12/L-ISA v-5.0.45 build 18298
Diagnostic_c.obj                        Model: SMALL,         Lang: ANSI-C,        Compiler Version: C/C++ Compiler for S12/L-ISA v-5.0.45 build 18298
Diagnostic_Platform_c.obj               Model: SMALL,         Lang: ANSI-C,        Compiler Version: C/C++ Compiler for S12/L-ISA v-5.0.45 build 18298
Common_c.obj                            Model: SMALL,         Lang: ANSI-C,        Compiler Version: C/C++ Compiler for S12/L-ISA v-5.0.45 build 18298
TaskAnalysis_c.obj                      Model: SMALL,         Lang: ANSI-C,        Compiler Version: C/C++ Compiler for S12/L-ISA v-5.0.45 build 18298
BSW_c.obj                               Model: SMALL,         Lang: ANSI-C,        Compiler Version: C/C++ Compiler for S12/L-ISA v-5.0.45 build 18298
starts12z_c.obj                         Model: SMALL,         Lang: ANSI-C,        Compiler Version: C/C++ Compiler for S12/L-ISA v-5.0.45 build 18298
mc9s12zvml128_c.obj                     Model: SMALL,         Lang: ANSI-C,        Compiler Version: C/C++ Compiler for S12/L-ISA v-5.0.45 build 18298
lin_commontl_api_c.obj                  Model: SMALL,         Lang: ANSI-C,        Compiler Version: C/C++ Compiler for S12/L-ISA v-5.0.45 build 18298
lin_commontl_proto_c.obj                Model: SMALL,         Lang: ANSI-C,        Compiler Version: C/C++ Compiler for S12/L-ISA v-5.0.45 build 18298
lin_c.obj                               Model: SMALL,         Lang: ANSI-C,        Compiler Version: C/C++ Compiler for S12/L-ISA v-5.0.45 build 18298
lin_diagnostic_service_c.obj            Model: SMALL,         Lang: ANSI-C,        Compiler Version: C/C++ Compiler for S12/L-ISA v-5.0.45 build 18298
lin_common_api_c.obj                    Model: SMALL,         Lang: ANSI-C,        Compiler Version: C/C++ Compiler for S12/L-ISA v-5.0.45 build 18298
lin_common_proto_c.obj                  Model: SMALL,         Lang: ANSI-C,        Compiler Version: C/C++ Compiler for S12/L-ISA v-5.0.45 build 18298
lin_lin21_proto_c.obj                   Model: SMALL,         Lang: ANSI-C,        Compiler Version: C/C++ Compiler for S12/L-ISA v-5.0.45 build 18298
lin_isr_c.obj                           Model: SMALL,         Lang: ANSI-C,        Compiler Version: C/C++ Compiler for S12/L-ISA v-5.0.45 build 18298
lin_lld_sci_c.obj                       Model: SMALL,         Lang: ANSI-C,        Compiler Version: C/C++ Compiler for S12/L-ISA v-5.0.45 build 18298
lin_lld_timesrv_c.obj                   Model: SMALL,         Lang: ANSI-C,        Compiler Version: C/C++ Compiler for S12/L-ISA v-5.0.45 build 18298
rts12z.o (ansii.lib)                    Model: SMALL,         Lang: ANSI-C,        Compiler Version: C/C++ Compiler for S12/L-ISA v-5.0.45 build 18298
CustomerInterface_c.obj (LIB_CustomerInterface_v010_NXP_600W.lib)Model: SMALL,         Lang: ANSI-C,        Compiler Version: C/C++ Compiler for S12/L-ISA v-5.0.45 build 18298
CustomerInterface_InputSignal_c.obj (LIB_CustomerInterface_v010_NXP_600W.lib)Model: SMALL,         Lang: ANSI-C,        Compiler Version: C/C++ Compiler for S12/L-ISA v-5.0.45 build 18298
PWMDetection_c.obj (LIB_CustomerInterface_v010_NXP_600W.lib)Model: SMALL,         Lang: ANSI-C,        Compiler Version: C/C++ Compiler for S12/L-ISA v-5.0.45 build 18298
SpeedCurve_Platform_c.obj (LIB_CustomerInterface_v010_NXP_600W.lib)Model: SMALL,         Lang: ANSI-C,        Compiler Version: C/C++ Compiler for S12/L-ISA v-5.0.45 build 18298
DataLog_c.obj (LIB_Datalog_v011_NXP.lib)Model: SMALL,         Lang: ANSI-C,        Compiler Version: C/C++ Compiler for S12/L-ISA v-5.0.45 build 18298
FlashOperation_c.obj (LIB_Datalog_v011_NXP.lib)Model: SMALL,         Lang: ANSI-C,        Compiler Version: C/C++ Compiler for S12/L-ISA v-5.0.45 build 18298
InternalError_c.obj (LIB_Datalog_v011_NXP.lib)Model: SMALL,         Lang: ANSI-C,        Compiler Version: C/C++ Compiler for S12/L-ISA v-5.0.45 build 18298
TimeBase_c.obj (LIB_Datalog_v011_NXP.lib)Model: SMALL,         Lang: ANSI-C,        Compiler Version: C/C++ Compiler for S12/L-ISA v-5.0.45 build 18298
Protection_c.obj (LIB_Protection_v017_NXP_600W.lib)Model: SMALL,         Lang: ANSI-C,        Compiler Version: C/C++ Compiler for S12/L-ISA v-5.0.45 build 18298
blockageprotection_c.obj (LIB_Protection_v017_NXP_600W.lib)Model: SMALL,         Lang: ANSI-C,        Compiler Version: C/C++ Compiler for S12/L-ISA v-5.0.45 build 18298
currentprotection_c.obj (LIB_Protection_v017_NXP_600W.lib)Model: SMALL,         Lang: ANSI-C,        Compiler Version: C/C++ Compiler for S12/L-ISA v-5.0.45 build 18298
electronicsprotection_c.obj (LIB_Protection_v017_NXP_600W.lib)Model: SMALL,         Lang: ANSI-C,        Compiler Version: C/C++ Compiler for S12/L-ISA v-5.0.45 build 18298
powerprotection_c.obj (LIB_Protection_v017_NXP_600W.lib)Model: SMALL,         Lang: ANSI-C,        Compiler Version: C/C++ Compiler for S12/L-ISA v-5.0.45 build 18298
temperatureprotection_c.obj (LIB_Protection_v017_NXP_600W.lib)Model: SMALL,         Lang: ANSI-C,        Compiler Version: C/C++ Compiler for S12/L-ISA v-5.0.45 build 18298
voltageprotection_c.obj (LIB_Protection_v017_NXP_600W.lib)Model: SMALL,         Lang: ANSI-C,        Compiler Version: C/C++ Compiler for S12/L-ISA v-5.0.45 build 18298
appl_diag_c.obj (LIB_UDS_v011_NXP.lib)  Model: SMALL,         Lang: ANSI-C,        Compiler Version: C/C++ Compiler for S12/L-ISA v-5.0.45 build 18298
AMCLIB_BemfObsrvDQ_cUCSMALL.o (MC9S12ZVM_AMMCLIB.UC.a)Model: SMALL,         Lang: ANSI-C,        Compiler Version: C/C++ Compiler for S12/L-ISA v-5.0.47 build 19351
AMCLIB_CurrentLoop_cUCSMALL.o (MC9S12ZVM_AMMCLIB.UC.a)Model: SMALL,         Lang: ANSI-C,        Compiler Version: C/C++ Compiler for S12/L-ISA v-5.0.47 build 19351
AMCLIB_SpeedLoop_cUCSMALL.o (MC9S12ZVM_AMMCLIB.UC.a)Model: SMALL,         Lang: ANSI-C,        Compiler Version: C/C++ Compiler for S12/L-ISA v-5.0.47 build 19351
AMCLIB_TrackObsrv_cUCSMALL.o (MC9S12ZVM_AMMCLIB.UC.a)Model: SMALL,         Lang: ANSI-C,        Compiler Version: C/C++ Compiler for S12/L-ISA v-5.0.47 build 19351
GDFLIB_FilterIIR1_cUCSMALL.o (MC9S12ZVM_AMMCLIB.UC.a)Model: SMALL,         Lang: ANSI-C,        Compiler Version: C/C++ Compiler for S12/L-ISA v-5.0.47 build 19351
GDFLIB_FilterMA_cUCSMALL.o (MC9S12ZVM_AMMCLIB.UC.a)Model: SMALL,         Lang: ANSI-C,        Compiler Version: C/C++ Compiler for S12/L-ISA v-5.0.47 build 19351
GFLIB_Atan_cUCSMALL.o (MC9S12ZVM_AMMCLIB.UC.a)Model: SMALL,         Lang: ANSI-C,        Compiler Version: C/C++ Compiler for S12/L-ISA v-5.0.47 build 19351
GFLIB_ControllerPIpAW_cUCSMALL.o (MC9S12ZVM_AMMCLIB.UC.a)Model: SMALL,         Lang: ANSI-C,        Compiler Version: C/C++ Compiler for S12/L-ISA v-5.0.47 build 19351
GFLIB_ControllerPIrAW_cUCSMALL.o (MC9S12ZVM_AMMCLIB.UC.a)Model: SMALL,         Lang: ANSI-C,        Compiler Version: C/C++ Compiler for S12/L-ISA v-5.0.47 build 19351
GFLIB_Cos_cUCSMALL.o (MC9S12ZVM_AMMCLIB.UC.a)Model: SMALL,         Lang: ANSI-C,        Compiler Version: C/C++ Compiler for S12/L-ISA v-5.0.47 build 19351
GFLIB_IntegratorTR_cUCSMALL.o (MC9S12ZVM_AMMCLIB.UC.a)Model: SMALL,         Lang: ANSI-C,        Compiler Version: C/C++ Compiler for S12/L-ISA v-5.0.47 build 19351
GFLIB_Limit_cUCSMALL.o (MC9S12ZVM_AMMCLIB.UC.a)Model: SMALL,         Lang: ANSI-C,        Compiler Version: C/C++ Compiler for S12/L-ISA v-5.0.47 build 19351
GFLIB_SinCos_cUCSMALL.o (MC9S12ZVM_AMMCLIB.UC.a)Model: SMALL,         Lang: ANSI-C,        Compiler Version: C/C++ Compiler for S12/L-ISA v-5.0.47 build 19351
GFLIB_Sin_cUCSMALL.o (MC9S12ZVM_AMMCLIB.UC.a)Model: SMALL,         Lang: ANSI-C,        Compiler Version: C/C++ Compiler for S12/L-ISA v-5.0.47 build 19351
GFLIB_Sqrt_cUCSMALL.o (MC9S12ZVM_AMMCLIB.UC.a)Model: SMALL,         Lang: ANSI-C,        Compiler Version: C/C++ Compiler for S12/L-ISA v-5.0.47 build 19351
GMCLIB_Clark_cUCSMALL.o (MC9S12ZVM_AMMCLIB.UC.a)Model: SMALL,         Lang: ANSI-C,        Compiler Version: C/C++ Compiler for S12/L-ISA v-5.0.47 build 19351
GMCLIB_DecouplingPMSM_cUCSMALL.o (MC9S12ZVM_AMMCLIB.UC.a)Model: SMALL,         Lang: ANSI-C,        Compiler Version: C/C++ Compiler for S12/L-ISA v-5.0.47 build 19351
GMCLIB_ElimDcBusRip_cUCSMALL.o (MC9S12ZVM_AMMCLIB.UC.a)Model: SMALL,         Lang: ANSI-C,        Compiler Version: C/C++ Compiler for S12/L-ISA v-5.0.47 build 19351
GMCLIB_ParkInv_cUCSMALL.o (MC9S12ZVM_AMMCLIB.UC.a)Model: SMALL,         Lang: ANSI-C,        Compiler Version: C/C++ Compiler for S12/L-ISA v-5.0.47 build 19351
GMCLIB_Park_cUCSMALL.o (MC9S12ZVM_AMMCLIB.UC.a)Model: SMALL,         Lang: ANSI-C,        Compiler Version: C/C++ Compiler for S12/L-ISA v-5.0.47 build 19351
GMCLIB_SvmStd_cUCSMALL.o (MC9S12ZVM_AMMCLIB.UC.a)Model: SMALL,         Lang: ANSI-C,        Compiler Version: C/C++ Compiler for S12/L-ISA v-5.0.47 build 19351

*********************************************************************************************
STARTUP SECTION
---------------------------------------------------------------------------------------------
Entry point: 0xFE002E (_Startup)
_startupData is allocated at 0xFE003E and uses 20 Bytes
extern struct _tagStartup {
  unsigned nofZeroOut     1
  _Range   pZeroOut       0x1500     3518
  _Copy    *toCopyDownBeg 0xFE6763
  int      nofInitBodies  0
  _Cpp     *initBodies    0xFE0059
  int      nofFiniBodies  0
  _Cpp     *finiBodies    0xFE0059
} _startupData;

*********************************************************************************************
SECTION-ALLOCATION SECTION
Section Name                    Size  Type     From       To       Segment
---------------------------------------------------------------------------------------------
.init                             62     R   0xFE0000   0xFE003D   ROM
.startData                        27     R   0xFE003E   0xFE0058   ROM
.rodata                          692     R   0xFE005C   0xFE030F   ROM
.text                          25683     R   0xFE0310   0xFE6762   ROM
.copy                            586     R   0xFE6763   0xFE69AC   ROM
.stack                          1280   R/W     0x1000     0x14FF   RAM
ptuTrigE                          40   R/W     0x1500     0x1527   RAM
adcLists                         128   R/W     0x1528     0x15A7   RAM
.data                            453   R/W     0x15A8     0x176C   RAM
vector                           496     R   0xFFFE10   0xFFFFFF   OSVECTORS
.__absdata_ADC1RBP__               3   N/I      0x661      0x663   .absSeg0
.__absdata_ADC1CBP__               3   N/I      0x65D      0x65F   .absSeg1
.__absdata_ADC0RBP__               3   N/I      0x621      0x623   .absSeg2
.__absdata_ADC0CBP__               3   N/I      0x61D      0x61F   .absSeg3
.__absdata_PTUPTR__                3   N/I      0x591      0x593   .absSeg4
.__absdata_ECCDPTR__               3   N/I      0x3C7      0x3C9   .absSeg5
.__absdata_DBGDA__                 3   N/I      0x145      0x147   .absSeg6
.__absdata_DBGCA__                 3   N/I      0x135      0x137   .absSeg7
.__absdata_DBGBA__                 3   N/I      0x125      0x127   .absSeg8
.__absdata_DBGAA__                 3   N/I      0x115      0x117   .absSeg9
.__absdata_MMCPC__                 3   N/I       0x85       0x87   .absSeg10
.__absdata__ADC1CMD__              4   N/I      0x654      0x657   .absSeg11
.__absdata__ADC0CMD__              4   N/I      0x614      0x617   .absSeg12
.__absdata__PARTID__               4   N/I        0x0        0x3   .absSeg13
.__absdata__CAN0TXTSR__            2   N/I      0x83E      0x83F   .absSeg14
.__absdata__CAN0RXTSR__            2   N/I      0x82E      0x82F   .absSeg15
.__absdata__SPI0DR__               2   N/I      0x784      0x785   .absSeg16
.__absdata__SCI1BD__               2   N/I      0x710      0x711   .absSeg17
.__absdata__SCI0BD__               2   N/I      0x700      0x701   .absSeg18
.__absdata__CPMUIRCTRIM__          2   N/I      0x6D8      0x6D9   .absSeg19
.__absdata__CPMUAPIR__             2   N/I      0x6D4      0x6D5   .absSeg20
.__absdata__ADC1IMDRI__            2   N/I      0x64E      0x64F   .absSeg21
.__absdata__ADC1CONIF__            2   N/I      0x64C      0x64D   .absSeg22
.__absdata__ADC1CONIE__            2   N/I      0x64A      0x64B   .absSeg23
.__absdata__ADC1CTL__              2   N/I      0x640      0x641   .absSeg24
.__absdata__ADC0IMDRI__            2   N/I      0x60E      0x60F   .absSeg25
.__absdata__ADC0CONIF__            2   N/I      0x60C      0x60D   .absSeg26
.__absdata__ADC0CONIE__            2   N/I      0x60A      0x60B   .absSeg27
.__absdata__ADC0CTL__              2   N/I      0x600      0x601   .absSeg28
.__absdata__TIM0TC3__              2   N/I      0x5D6      0x5D7   .absSeg29
.__absdata__TIM0TC2__              2   N/I      0x5D4      0x5D5   .absSeg30
.__absdata__TIM0TC1__              2   N/I      0x5D2      0x5D3   .absSeg31
.__absdata__TIM0TC0__              2   N/I      0x5D0      0x5D1   .absSeg32
.__absdata__TIM0TCNT__             2   N/I      0x5C4      0x5C5   .absSeg33
.__absdata__PMFDTMC__              2   N/I      0x536      0x537   .absSeg34
.__absdata__PMFMODC__              2   N/I      0x534      0x535   .absSeg35
.__absdata__PMFCNTC__              2   N/I      0x532      0x533   .absSeg36
.__absdata__PMFDTMB__              2   N/I      0x52E      0x52F   .absSeg37
.__absdata__PMFMODB__              2   N/I      0x52C      0x52D   .absSeg38
.__absdata__PMFCNTB__              2   N/I      0x52A      0x52B   .absSeg39
.__absdata__PMFDTMA__              2   N/I      0x526      0x527   .absSeg40
.__absdata__PMFMODA__              2   N/I      0x524      0x525   .absSeg41
.__absdata__PMFCNTA__              2   N/I      0x522      0x523   .absSeg42
.__absdata__PMFVAL5__              2   N/I      0x51A      0x51B   .absSeg43
.__absdata__PMFVAL4__              2   N/I      0x518      0x519   .absSeg44
.__absdata__PMFVAL3__              2   N/I      0x516      0x517   .absSeg45
.__absdata__PMFVAL2__              2   N/I      0x514      0x515   .absSeg46
.__absdata__PMFVAL1__              2   N/I      0x512      0x513   .absSeg47
.__absdata__PMFVAL0__              2   N/I      0x510      0x511   .absSeg48
.__absdata__ECCDD__                2   N/I      0x3CC      0x3CD   .absSeg49
.__absdata__FCCOB5__               2   N/I      0x396      0x397   .absSeg50
.__absdata__FCCOB4__               2   N/I      0x394      0x395   .absSeg51
.__absdata__FCCOB3__               2   N/I      0x392      0x393   .absSeg52
.__absdata__FCCOB2__               2   N/I      0x390      0x391   .absSeg53
.__absdata__FCCOB1__               2   N/I      0x38E      0x38F   .absSeg54
.__absdata__FCCOB0__               2   N/I      0x38C      0x38D   .absSeg55
.__absdata__DIENAD__               2   N/I      0x298      0x299   .absSeg56
.__absdata__PIFAD__                2   N/I      0x28E      0x28F   .absSeg57
.__absdata__PIEAD__                2   N/I      0x28C      0x28D   .absSeg58
.__absdata__PPSAD__                2   N/I      0x288      0x289   .absSeg59
.__absdata__PERAD__                2   N/I      0x286      0x287   .absSeg60
.__absdata__DDRAD__                2   N/I      0x284      0x285   .absSeg61
.__absdata__PTIAD__                2   N/I      0x282      0x283   .absSeg62
.__absdata__PTAD__                 2   N/I      0x280      0x281   .absSeg63
.__absdata__DBGTB__                2   N/I      0x104      0x105   .absSeg64
.__absdata__MMCCCR__               2   N/I       0x82       0x83   .absSeg65
.__absdata__MMCEC__                2   N/I       0x80       0x81   .absSeg66
.__absdata__IVBR__                 2   N/I       0x10       0x11   .absSeg67
.__absdata__LP0IF__                1   N/I      0x987      0x987   .absSeg68
.__absdata__LP0IE__                1   N/I      0x986      0x986   .absSeg69
.__absdata__LP0SR__                1   N/I      0x985      0x985   .absSeg70
.__absdata__LP0SLRM__              1   N/I      0x983      0x983   .absSeg71
.__absdata__LP0CR__                1   N/I      0x981      0x981   .absSeg72
.__absdata__LP0DR__                1   N/I      0x980      0x980   .absSeg73
.__absdata__CAN0TXTBPR__           1   N/I      0x83D      0x83D   .absSeg74
.__absdata__CAN0TXDLR__            1   N/I      0x83C      0x83C   .absSeg75
.__absdata__CAN0TXDSR7__           1   N/I      0x83B      0x83B   .absSeg76
.__absdata__CAN0TXDSR6__           1   N/I      0x83A      0x83A   .absSeg77
.__absdata__CAN0TXDSR5__           1   N/I      0x839      0x839   .absSeg78
.__absdata__CAN0TXDSR4__           1   N/I      0x838      0x838   .absSeg79
.__absdata__CAN0TXDSR3__           1   N/I      0x837      0x837   .absSeg80
.__absdata__CAN0TXDSR2__           1   N/I      0x836      0x836   .absSeg81
.__absdata__CAN0TXDSR1__           1   N/I      0x835      0x835   .absSeg82
.__absdata__CAN0TXDSR0__           1   N/I      0x834      0x834   .absSeg83
.__absdata__CAN0TXIDR3__           1   N/I      0x833      0x833   .absSeg84
.__absdata__CAN0TXIDR2__           1   N/I      0x832      0x832   .absSeg85
.__absdata__CAN0TXIDR1__           1   N/I      0x831      0x831   .absSeg86
.__absdata__CAN0TXIDR0__           1   N/I      0x830      0x830   .absSeg87
.__absdata__CAN0RXDLR__            1   N/I      0x82C      0x82C   .absSeg88
.__absdata__CAN0RXDSR7__           1   N/I      0x82B      0x82B   .absSeg89
.__absdata__CAN0RXDSR6__           1   N/I      0x82A      0x82A   .absSeg90
.__absdata__CAN0RXDSR5__           1   N/I      0x829      0x829   .absSeg91
.__absdata__CAN0RXDSR4__           1   N/I      0x828      0x828   .absSeg92
.__absdata__CAN0RXDSR3__           1   N/I      0x827      0x827   .absSeg93
.__absdata__CAN0RXDSR2__           1   N/I      0x826      0x826   .absSeg94
.__absdata__CAN0RXDSR1__           1   N/I      0x825      0x825   .absSeg95
.__absdata__CAN0RXDSR0__           1   N/I      0x824      0x824   .absSeg96
.__absdata__CAN0RXIDR3__           1   N/I      0x823      0x823   .absSeg97
.__absdata__CAN0RXIDR2__           1   N/I      0x822      0x822   .absSeg98
.__absdata__CAN0RXIDR1__           1   N/I      0x821      0x821   .absSeg99
.__absdata__CAN0RXIDR0__           1   N/I      0x820      0x820   .absSeg100
.__absdata__CAN0IDMR7__            1   N/I      0x81F      0x81F   .absSeg101
.__absdata__CAN0IDMR6__            1   N/I      0x81E      0x81E   .absSeg102
.__absdata__CAN0IDMR5__            1   N/I      0x81D      0x81D   .absSeg103
.__absdata__CAN0IDMR4__            1   N/I      0x81C      0x81C   .absSeg104
.__absdata__CAN0IDAR7__            1   N/I      0x81B      0x81B   .absSeg105
.__absdata__CAN0IDAR6__            1   N/I      0x81A      0x81A   .absSeg106
.__absdata__CAN0IDAR5__            1   N/I      0x819      0x819   .absSeg107
.__absdata__CAN0IDAR4__            1   N/I      0x818      0x818   .absSeg108
.__absdata__CAN0IDMR3__            1   N/I      0x817      0x817   .absSeg109
.__absdata__CAN0IDMR2__            1   N/I      0x816      0x816   .absSeg110
.__absdata__CAN0IDMR1__            1   N/I      0x815      0x815   .absSeg111
.__absdata__CAN0IDMR0__            1   N/I      0x814      0x814   .absSeg112
.__absdata__CAN0IDAR3__            1   N/I      0x813      0x813   .absSeg113
.__absdata__CAN0IDAR2__            1   N/I      0x812      0x812   .absSeg114
.__absdata__CAN0IDAR1__            1   N/I      0x811      0x811   .absSeg115
.__absdata__CAN0IDAR0__            1   N/I      0x810      0x810   .absSeg116
.__absdata__CAN0TXERR__            1   N/I      0x80F      0x80F   .absSeg117
.__absdata__CAN0RXERR__            1   N/I      0x80E      0x80E   .absSeg118
.__absdata__CAN0MISC__             1   N/I      0x80D      0x80D   .absSeg119
.__absdata__CAN0IDAC__             1   N/I      0x80B      0x80B   .absSeg120
.__absdata__CAN0TBSEL__            1   N/I      0x80A      0x80A   .absSeg121
.__absdata__CAN0TAAK__             1   N/I      0x809      0x809   .absSeg122
.__absdata__CAN0TARQ__             1   N/I      0x808      0x808   .absSeg123
.__absdata__CAN0TIER__             1   N/I      0x807      0x807   .absSeg124
.__absdata__CAN0TFLG__             1   N/I      0x806      0x806   .absSeg125
.__absdata__CAN0RIER__             1   N/I      0x805      0x805   .absSeg126
.__absdata__CAN0RFLG__             1   N/I      0x804      0x804   .absSeg127
.__absdata__CAN0BTR1__             1   N/I      0x803      0x803   .absSeg128
.__absdata__CAN0BTR0__             1   N/I      0x802      0x802   .absSeg129
.__absdata__CAN0CTL1__             1   N/I      0x801      0x801   .absSeg130
.__absdata__CAN0CTL0__             1   N/I      0x800      0x800   .absSeg131
.__absdata__SPI0SR__               1   N/I      0x783      0x783   .absSeg132
.__absdata__SPI0BR__               1   N/I      0x782      0x782   .absSeg133
.__absdata__SPI0CR2__              1   N/I      0x781      0x781   .absSeg134
.__absdata__SPI0CR1__              1   N/I      0x780      0x780   .absSeg135
.__absdata__SCI1DRL__              1   N/I      0x717      0x717   .absSeg136
.__absdata__SCI1DRH__              1   N/I      0x716      0x716   .absSeg137
.__absdata__SCI1SR2__              1   N/I      0x715      0x715   .absSeg138
.__absdata__SCI1SR1__              1   N/I      0x714      0x714   .absSeg139
.__absdata__SCI1CR2__              1   N/I      0x713      0x713   .absSeg140
.__absdata__SCI1ACR2__             1   N/I      0x712      0x712   .absSeg141
.__absdata__SCI0DRL__              1   N/I      0x707      0x707   .absSeg142
.__absdata__SCI0DRH__              1   N/I      0x706      0x706   .absSeg143
.__absdata__SCI0SR2__              1   N/I      0x705      0x705   .absSeg144
.__absdata__SCI0SR1__              1   N/I      0x704      0x704   .absSeg145
.__absdata__SCI0CR2__              1   N/I      0x703      0x703   .absSeg146
.__absdata__SCI0ACR2__             1   N/I      0x702      0x702   .absSeg147
.__absdata__BATIF__                1   N/I      0x6F3      0x6F3   .absSeg148
.__absdata__BATIE__                1   N/I      0x6F2      0x6F2   .absSeg149
.__absdata__BATSR__                1   N/I      0x6F1      0x6F1   .absSeg150
.__absdata__BATE__                 1   N/I      0x6F0      0x6F0   .absSeg151
.__absdata__CPMUOSC2__             1   N/I      0x6DE      0x6DE   .absSeg152
.__absdata__CPMUVREGCTL__          1   N/I      0x6DD      0x6DD   .absSeg153
.__absdata__CPMUPROT__             1   N/I      0x6DB      0x6DB   .absSeg154
.__absdata__CPMUOSC__              1   N/I      0x6DA      0x6DA   .absSeg155
.__absdata__CPMUHTTR__             1   N/I      0x6D7      0x6D7   .absSeg156
.__absdata__CPMUACLKTR__           1   N/I      0x6D3      0x6D3   .absSeg157
.__absdata__CPMUAPICTL__           1   N/I      0x6D2      0x6D2   .absSeg158
.__absdata__CPMULVCTL__            1   N/I      0x6D1      0x6D1   .absSeg159
.__absdata__CPMUHTCTL__            1   N/I      0x6D0      0x6D0   .absSeg160
.__absdata__CPMUARMCOP__           1   N/I      0x6CF      0x6CF   .absSeg161
.__absdata__CPMUCOP__              1   N/I      0x6CC      0x6CC   .absSeg162
.__absdata__CPMURTI__              1   N/I      0x6CB      0x6CB   .absSeg163
.__absdata__CPMUPLL__              1   N/I      0x6CA      0x6CA   .absSeg164
.__absdata__CPMUCLKS__             1   N/I      0x6C9      0x6C9   .absSeg165
.__absdata__CPMUINT__              1   N/I      0x6C8      0x6C8   .absSeg166
.__absdata__CPMUIFLG__             1   N/I      0x6C7      0x6C7   .absSeg167
.__absdata__CPMUPOSTDIV__          1   N/I      0x6C6      0x6C6   .absSeg168
.__absdata__CPMUREFDIV__           1   N/I      0x6C5      0x6C5   .absSeg169
.__absdata__CPMUSYNR__             1   N/I      0x6C4      0x6C4   .absSeg170
.__absdata__CPMURFLG__             1   N/I      0x6C3      0x6C3   .absSeg171
.__absdata__GDUOC1__               1   N/I      0x6AF      0x6AF   .absSeg172
.__absdata__GDUOC0__               1   N/I      0x6AE      0x6AE   .absSeg173
.__absdata__GDUCLK2__              1   N/I      0x6AD      0x6AD   .absSeg174
.__absdata__GDUPHL__               1   N/I      0x6AC      0x6AC   .absSeg175
.__absdata__GDUDSLVL__             1   N/I      0x6AB      0x6AB   .absSeg176
.__absdata__GDUCSO__               1   N/I      0x6AA      0x6AA   .absSeg177
.__absdata__GDUPHMUX__             1   N/I      0x6A9      0x6A9   .absSeg178
.__absdata__GDUBCL__               1   N/I      0x6A8      0x6A8   .absSeg179
.__absdata__GDUCLK1__              1   N/I      0x6A7      0x6A7   .absSeg180
.__absdata__GDUF__                 1   N/I      0x6A6      0x6A6   .absSeg181
.__absdata__GDUSRC__               1   N/I      0x6A5      0x6A5   .absSeg182
.__absdata__GDUSTAT__              1   N/I      0x6A4      0x6A4   .absSeg183
.__absdata__GDUDSE__               1   N/I      0x6A3      0x6A3   .absSeg184
.__absdata__GDUIE__                1   N/I      0x6A2      0x6A2   .absSeg185
.__absdata__GDUCTR__               1   N/I      0x6A1      0x6A1   .absSeg186
.__absdata__GDUE__                 1   N/I      0x6A0      0x6A0   .absSeg187
.__absdata__ADC1CROFF1__           1   N/I      0x665      0x665   .absSeg188
.__absdata__ADC1CROFF0__           1   N/I      0x664      0x664   .absSeg189
.__absdata__ADC1RBP_2__            1   N/I      0x663      0x663   .absSeg190
.__absdata__ADC1RBP_1__            1   N/I      0x662      0x662   .absSeg191
.__absdata__ADC1RBP_0__            1   N/I      0x661      0x661   .absSeg192
.__absdata__ADC1RIDX__             1   N/I      0x660      0x660   .absSeg193
.__absdata__ADC1CBP_2__            1   N/I      0x65F      0x65F   .absSeg194
.__absdata__ADC1CBP_1__            1   N/I      0x65E      0x65E   .absSeg195
.__absdata__ADC1CBP_0__            1   N/I      0x65D      0x65D   .absSeg196
.__absdata__ADC1CIDX__             1   N/I      0x65C      0x65C   .absSeg197
.__absdata__ADC1EOLRI__            1   N/I      0x650      0x650   .absSeg198
.__absdata__ADC1IF__               1   N/I      0x649      0x649   .absSeg199
.__absdata__ADC1EIF__              1   N/I      0x648      0x648   .absSeg200
.__absdata__ADC1IE__               1   N/I      0x647      0x647   .absSeg201
.__absdata__ADC1EIE__              1   N/I      0x646      0x646   .absSeg202
.__absdata__ADC1FLWCTL__           1   N/I      0x645      0x645   .absSeg203
.__absdata__ADC1FMT__              1   N/I      0x644      0x644   .absSeg204
.__absdata__ADC1TIM__              1   N/I      0x643      0x643   .absSeg205
.__absdata__ADC1STS__              1   N/I      0x642      0x642   .absSeg206
.__absdata__ADC0CROFF1__           1   N/I      0x625      0x625   .absSeg207
.__absdata__ADC0CROFF0__           1   N/I      0x624      0x624   .absSeg208
.__absdata__ADC0RBP_2__            1   N/I      0x623      0x623   .absSeg209
.__absdata__ADC0RBP_1__            1   N/I      0x622      0x622   .absSeg210
.__absdata__ADC0RBP_0__            1   N/I      0x621      0x621   .absSeg211
.__absdata__ADC0RIDX__             1   N/I      0x620      0x620   .absSeg212
.__absdata__ADC0CBP_2__            1   N/I      0x61F      0x61F   .absSeg213
.__absdata__ADC0CBP_1__            1   N/I      0x61E      0x61E   .absSeg214
.__absdata__ADC0CBP_0__            1   N/I      0x61D      0x61D   .absSeg215
.__absdata__ADC0CIDX__             1   N/I      0x61C      0x61C   .absSeg216
.__absdata__ADC0EOLRI__            1   N/I      0x610      0x610   .absSeg217
.__absdata__ADC0IF__               1   N/I      0x609      0x609   .absSeg218
.__absdata__ADC0EIF__              1   N/I      0x608      0x608   .absSeg219
.__absdata__ADC0IE__               1   N/I      0x607      0x607   .absSeg220
.__absdata__ADC0EIE__              1   N/I      0x606      0x606   .absSeg221
.__absdata__ADC0FLWCTL__           1   N/I      0x605      0x605   .absSeg222
.__absdata__ADC0FMT__              1   N/I      0x604      0x604   .absSeg223
.__absdata__ADC0TIM__              1   N/I      0x603      0x603   .absSeg224
.__absdata__ADC0STS__              1   N/I      0x602      0x602   .absSeg225
.__absdata__TIM0PTPSR__            1   N/I      0x5EE      0x5EE   .absSeg226
.__absdata__TIM0OCPD__             1   N/I      0x5EC      0x5EC   .absSeg227
.__absdata__TIM0TFLG2__            1   N/I      0x5CF      0x5CF   .absSeg228
.__absdata__TIM0TFLG1__            1   N/I      0x5CE      0x5CE   .absSeg229
.__absdata__TIM0TSCR2__            1   N/I      0x5CD      0x5CD   .absSeg230
.__absdata__TIM0TIE__              1   N/I      0x5CC      0x5CC   .absSeg231
.__absdata__TIM0TCTL4__            1   N/I      0x5CB      0x5CB   .absSeg232
.__absdata__TIM0TCTL2__            1   N/I      0x5C9      0x5C9   .absSeg233
.__absdata__TIM0TTOV__             1   N/I      0x5C7      0x5C7   .absSeg234
.__absdata__TIM0TSCR1__            1   N/I      0x5C6      0x5C6   .absSeg235
.__absdata__TIM0CFORC__            1   N/I      0x5C1      0x5C1   .absSeg236
.__absdata__TIM0TIOS__             1   N/I      0x5C0      0x5C0   .absSeg237
.__absdata__PTUDEBUG__             1   N/I      0x59F      0x59F   .absSeg238
.__absdata__TG1L1IDX__             1   N/I      0x597      0x597   .absSeg239
.__absdata__TG1L0IDX__             1   N/I      0x596      0x596   .absSeg240
.__absdata__TG0L1IDX__             1   N/I      0x595      0x595   .absSeg241
.__absdata__TG0L0IDX__             1   N/I      0x594      0x594   .absSeg242
.__absdata__PTUPTRL__              1   N/I      0x593      0x593   .absSeg243
.__absdata__PTUPTRM__              1   N/I      0x592      0x592   .absSeg244
.__absdata__PTUPTRH__              1   N/I      0x591      0x591   .absSeg245
.__absdata__PTUCNTL__              1   N/I      0x58F      0x58F   .absSeg246
.__absdata__PTUCNTH__              1   N/I      0x58E      0x58E   .absSeg247
.__absdata__TG1TVL__               1   N/I      0x58D      0x58D   .absSeg248
.__absdata__TG1TVH__               1   N/I      0x58C      0x58C   .absSeg249
.__absdata__TG1TNUM__              1   N/I      0x58B      0x58B   .absSeg250
.__absdata__TG1LIST__              1   N/I      0x58A      0x58A   .absSeg251
.__absdata__TG0TVL__               1   N/I      0x589      0x589   .absSeg252
.__absdata__TG0TVH__               1   N/I      0x588      0x588   .absSeg253
.__absdata__TG0TNUM__              1   N/I      0x587      0x587   .absSeg254
.__absdata__TG0LIST__              1   N/I      0x586      0x586   .absSeg255
.__absdata__PTUIFL__               1   N/I      0x585      0x585   .absSeg256
.__absdata__PTUIFH__               1   N/I      0x584      0x584   .absSeg257
.__absdata__PTUIEL__               1   N/I      0x583      0x583   .absSeg258
.__absdata__PTUIEH__               1   N/I      0x582      0x582   .absSeg259
.__absdata__PTUC__                 1   N/I      0x581      0x581   .absSeg260
.__absdata__PTUE__                 1   N/I      0x580      0x580   .absSeg261
.__absdata__PMFOUTF__              1   N/I      0x53E      0x53E   .absSeg262
.__absdata__PMFDMP5__              1   N/I      0x53D      0x53D   .absSeg263
.__absdata__PMFDMP4__              1   N/I      0x53C      0x53C   .absSeg264
.__absdata__PMFDMP3__              1   N/I      0x53B      0x53B   .absSeg265
.__absdata__PMFDMP2__              1   N/I      0x53A      0x53A   .absSeg266
.__absdata__PMFDMP1__              1   N/I      0x539      0x539   .absSeg267
.__absdata__PMFDMP0__              1   N/I      0x538      0x538   .absSeg268
.__absdata__PMFFQCC__              1   N/I      0x531      0x531   .absSeg269
.__absdata__PMFENCC__              1   N/I      0x530      0x530   .absSeg270
.__absdata__PMFFQCB__              1   N/I      0x529      0x529   .absSeg271
.__absdata__PMFENCB__              1   N/I      0x528      0x528   .absSeg272
.__absdata__PMFFQCA__              1   N/I      0x521      0x521   .absSeg273
.__absdata__PMFENCA__              1   N/I      0x520      0x520   .absSeg274
.__absdata__PMFCINV__              1   N/I      0x51F      0x51F   .absSeg275
.__absdata__PMFICCTL__             1   N/I      0x51E      0x51E   .absSeg276
.__absdata__PMFROIF__              1   N/I      0x51D      0x51D   .absSeg277
.__absdata__PMFROIE__              1   N/I      0x51C      0x51C   .absSeg278
.__absdata__PMFCCTL__              1   N/I      0x50F      0x50F   .absSeg279
.__absdata__PMFDTMS__              1   N/I      0x50E      0x50E   .absSeg280
.__absdata__PMFOUTB__              1   N/I      0x50D      0x50D   .absSeg281
.__absdata__PMFOUTC__              1   N/I      0x50C      0x50C   .absSeg282
.__absdata__PMFQSMP1__             1   N/I      0x509      0x509   .absSeg283
.__absdata__PMFQSMP0__             1   N/I      0x508      0x508   .absSeg284
.__absdata__PMFFIF__               1   N/I      0x507      0x507   .absSeg285
.__absdata__PMFFIE__               1   N/I      0x506      0x506   .absSeg286
.__absdata__PMFFMOD__              1   N/I      0x505      0x505   .absSeg287
.__absdata__PMFFEN__               1   N/I      0x504      0x504   .absSeg288
.__absdata__PMFCFG3__              1   N/I      0x503      0x503   .absSeg289
.__absdata__PMFCFG2__              1   N/I      0x502      0x502   .absSeg290
.__absdata__PMFCFG1__              1   N/I      0x501      0x501   .absSeg291
.__absdata__PMFCFG0__              1   N/I      0x500      0x500   .absSeg292
.__absdata__ECCDCMD__              1   N/I      0x3CF      0x3CF   .absSeg293
.__absdata__ECCDE__                1   N/I      0x3CE      0x3CE   .absSeg294
.__absdata__ECCDPTRL__             1   N/I      0x3C9      0x3C9   .absSeg295
.__absdata__ECCDPTRM__             1   N/I      0x3C8      0x3C8   .absSeg296
.__absdata__ECCDPTRH__             1   N/I      0x3C7      0x3C7   .absSeg297
.__absdata__ECCIF__                1   N/I      0x3C2      0x3C2   .absSeg298
.__absdata__ECCIE__                1   N/I      0x3C1      0x3C1   .absSeg299
.__absdata__ECCSTAT__              1   N/I      0x3C0      0x3C0   .absSeg300
.__absdata__FOPT__                 1   N/I      0x38A      0x38A   .absSeg301
.__absdata__DFPROT__               1   N/I      0x389      0x389   .absSeg302
.__absdata__FPROT__                1   N/I      0x388      0x388   .absSeg303
.__absdata__FERSTAT__              1   N/I      0x387      0x387   .absSeg304
.__absdata__FSTAT__                1   N/I      0x386      0x386   .absSeg305
.__absdata__FERCNFG__              1   N/I      0x385      0x385   .absSeg306
.__absdata__FCNFG__                1   N/I      0x384      0x384   .absSeg307
.__absdata__FPSTAT__               1   N/I      0x383      0x383   .absSeg308
.__absdata__FCCOBIX__              1   N/I      0x382      0x382   .absSeg309
.__absdata__FSEC__                 1   N/I      0x381      0x381   .absSeg310
.__absdata__FCLKDIV__              1   N/I      0x380      0x380   .absSeg311
.__absdata__RDRP__                 1   N/I      0x2FD      0x2FD   .absSeg312
.__absdata__PIFP__                 1   N/I      0x2F7      0x2F7   .absSeg313
.__absdata__PIEP__                 1   N/I      0x2F6      0x2F6   .absSeg314
.__absdata__PPSP__                 1   N/I      0x2F4      0x2F4   .absSeg315
.__absdata__PERP__                 1   N/I      0x2F3      0x2F3   .absSeg316
.__absdata__DDRP__                 1   N/I      0x2F2      0x2F2   .absSeg317
.__absdata__PTIP__                 1   N/I      0x2F1      0x2F1   .absSeg318
.__absdata__PTP__                  1   N/I      0x2F0      0x2F0   .absSeg319
.__absdata__WOMS__                 1   N/I      0x2DF      0x2DF   .absSeg320
.__absdata__PIFS__                 1   N/I      0x2D7      0x2D7   .absSeg321
.__absdata__PIES__                 1   N/I      0x2D6      0x2D6   .absSeg322
.__absdata__PPSS__                 1   N/I      0x2D4      0x2D4   .absSeg323
.__absdata__PERS__                 1   N/I      0x2D3      0x2D3   .absSeg324
.__absdata__DDRS__                 1   N/I      0x2D2      0x2D2   .absSeg325
.__absdata__PTIS__                 1   N/I      0x2D1      0x2D1   .absSeg326
.__absdata__PTS__                  1   N/I      0x2D0      0x2D0   .absSeg327
.__absdata__PPST__                 1   N/I      0x2C4      0x2C4   .absSeg328
.__absdata__PERT__                 1   N/I      0x2C3      0x2C3   .absSeg329
.__absdata__DDRT__                 1   N/I      0x2C2      0x2C2   .absSeg330
.__absdata__PTIT__                 1   N/I      0x2C1      0x2C1   .absSeg331
.__absdata__PTT__                  1   N/I      0x2C0      0x2C0   .absSeg332
.__absdata__PPSE__                 1   N/I      0x268      0x268   .absSeg333
.__absdata__PERE__                 1   N/I      0x266      0x266   .absSeg334
.__absdata__DDRE__                 1   N/I      0x264      0x264   .absSeg335
.__absdata__PTIE__                 1   N/I      0x262      0x262   .absSeg336
.__absdata__PTE__                  1   N/I      0x260      0x260   .absSeg337
.__absdata__PIMMISC__              1   N/I      0x20A      0x20A   .absSeg338
.__absdata__IRQCR__                1   N/I      0x209      0x209   .absSeg339
.__absdata__ECLKCTL__              1   N/I      0x208      0x208   .absSeg340
.__absdata__MODRR2__               1   N/I      0x202      0x202   .absSeg341
.__absdata__MODRR1__               1   N/I      0x201      0x201   .absSeg342
.__absdata__MODRR0__               1   N/I      0x200      0x200   .absSeg343
.__absdata__DBGDAL__               1   N/I      0x147      0x147   .absSeg344
.__absdata__DBGDAM__               1   N/I      0x146      0x146   .absSeg345
.__absdata__DBGDAH__               1   N/I      0x145      0x145   .absSeg346
.__absdata__DBGDCTL__              1   N/I      0x140      0x140   .absSeg347
.__absdata__DBGCDM3__              1   N/I      0x13F      0x13F   .absSeg348
.__absdata__DBGCDM2__              1   N/I      0x13E      0x13E   .absSeg349
.__absdata__DBGCDM1__              1   N/I      0x13D      0x13D   .absSeg350
.__absdata__DBGCDM0__              1   N/I      0x13C      0x13C   .absSeg351
.__absdata__DBGCD3__               1   N/I      0x13B      0x13B   .absSeg352
.__absdata__DBGCD2__               1   N/I      0x13A      0x13A   .absSeg353
.__absdata__DBGCD1__               1   N/I      0x139      0x139   .absSeg354
.__absdata__DBGCD0__               1   N/I      0x138      0x138   .absSeg355
.__absdata__DBGCAL__               1   N/I      0x137      0x137   .absSeg356
.__absdata__DBGCAM__               1   N/I      0x136      0x136   .absSeg357
.__absdata__DBGCAH__               1   N/I      0x135      0x135   .absSeg358
.__absdata__DBGCCTL__              1   N/I      0x130      0x130   .absSeg359
.__absdata__DBGBAL__               1   N/I      0x127      0x127   .absSeg360
.__absdata__DBGBAM__               1   N/I      0x126      0x126   .absSeg361
.__absdata__DBGBAH__               1   N/I      0x125      0x125   .absSeg362
.__absdata__DBGBCTL__              1   N/I      0x120      0x120   .absSeg363
.__absdata__DBGADM3__              1   N/I      0x11F      0x11F   .absSeg364
.__absdata__DBGADM2__              1   N/I      0x11E      0x11E   .absSeg365
.__absdata__DBGADM1__              1   N/I      0x11D      0x11D   .absSeg366
.__absdata__DBGADM0__              1   N/I      0x11C      0x11C   .absSeg367
.__absdata__DBGAD3__               1   N/I      0x11B      0x11B   .absSeg368
.__absdata__DBGAD2__               1   N/I      0x11A      0x11A   .absSeg369
.__absdata__DBGAD1__               1   N/I      0x119      0x119   .absSeg370
.__absdata__DBGAD0__               1   N/I      0x118      0x118   .absSeg371
.__absdata__DBGAAL__               1   N/I      0x117      0x117   .absSeg372
.__absdata__DBGAAM__               1   N/I      0x116      0x116   .absSeg373
.__absdata__DBGAAH__               1   N/I      0x115      0x115   .absSeg374
.__absdata__DBGACTL__              1   N/I      0x110      0x110   .absSeg375
.__absdata__DBGSR__                1   N/I      0x10B      0x10B   .absSeg376
.__absdata__DBGEFR__               1   N/I      0x10A      0x10A   .absSeg377
.__absdata__DBGSCR3__              1   N/I      0x109      0x109   .absSeg378
.__absdata__DBGSCR2__              1   N/I      0x108      0x108   .absSeg379
.__absdata__DBGSCR1__              1   N/I      0x107      0x107   .absSeg380
.__absdata__DBGCNT__               1   N/I      0x106      0x106   .absSeg381
.__absdata__DBGTCRL__              1   N/I      0x103      0x103   .absSeg382
.__absdata__DBGTCRH__              1   N/I      0x102      0x102   .absSeg383
.__absdata__DBGC2__                1   N/I      0x101      0x101   .absSeg384
.__absdata__DBGC1__                1   N/I      0x100      0x100   .absSeg385
.__absdata__MMCPCL__               1   N/I       0x87       0x87   .absSeg386
.__absdata__MMCPCM__               1   N/I       0x86       0x86   .absSeg387
.__absdata__MMCPCH__               1   N/I       0x85       0x85   .absSeg388
.__absdata__MODE__                 1   N/I       0x70       0x70   .absSeg389
.__absdata__INT_CFDATA7__          1   N/I       0x1F       0x1F   .absSeg390
.__absdata__INT_CFDATA6__          1   N/I       0x1E       0x1E   .absSeg391
.__absdata__INT_CFDATA5__          1   N/I       0x1D       0x1D   .absSeg392
.__absdata__INT_CFDATA4__          1   N/I       0x1C       0x1C   .absSeg393
.__absdata__INT_CFDATA3__          1   N/I       0x1B       0x1B   .absSeg394
.__absdata__INT_CFDATA2__          1   N/I       0x1A       0x1A   .absSeg395
.__absdata__INT_CFDATA1__          1   N/I       0x19       0x19   .absSeg396
.__absdata__INT_CFDATA0__          1   N/I       0x18       0x18   .absSeg397
.__absdata__INT_CFADDR__           1   N/I       0x17       0x17   .absSeg398
.common                         2897   R/W     0x176D     0x22BD   RAM

Summary of section sizes per section type:
READ_ONLY (R):        6B9A (dec:    27546)
READ_WRITE (R/W):     12BE (dec:     4798)
NO_INIT (N/I):         1E4 (dec:      484)

*********************************************************************************************
VECTOR-ALLOCATION SECTION
    Address     InitValue   InitFunction
---------------------------------------------------------------------------------------------

*********************************************************************************************
OBJECT-ALLOCATION SECTION
     Name               Module                 Addr   hSize   dSize     Ref    Section   RLIB
---------------------------------------------------------------------------------------------
MODULE:                 -- actuate_s12zvm_c.obj --
- PROCEDURES:
     EnableOutput                            FE0310      20      32       1   .text       
     DisableOutput                           FE0330      21      33       4   .text       
     SetDutycycle                            FE0351     320     800       5   .text       
     SetPtuTriggers                          FE0671      4E      78       1   .text       
     CalcEdges                               FE06BF      A3     163       6   .text       
     SetPmfValReg                            FE0762      56      86       1   .text       
- VARIABLES:
     minZeroPulse                              15A8       2       2       1   .data       
     minSamplingPulse                          15AA       2       2       2   .data       
     triggerOffset1                            15AC       2       2       1   .data       
     triggerOffset2                            15AE       2       2       1   .data       
     triggerOffset3                            15B0       2       2       1   .data       
     triggerOffset4                            15B2       2       2       1   .data       
     writeToList                               176D       1       1       7   .common     
MODULE:                 -- meas_s12zvm_c.obj --
- PROCEDURES:
     Meas_Clear                              FE07B8      30      48       2   .text       
     Meas_CalibCurrentSense                  FE07E8      79     121       1   .text       
     Meas_Get3PhCurrent                      FE0861     148     328       1   .text       
     GetAdcRawValues                         FE09A9      57      87       2   .text       
     Meas_GetUdcVoltage                      FE0A00      1D      29       1   .text       
     Meas_GetTemperature                     FE0A1D      1A      26       1   .text       
     Meas_GetTemp_NTC                        FE0A37      1A      26       1   .text       
- VARIABLES:
     first                                     1770       2       2       8   .common     
     second                                    1772       2       2       8   .common     
     Ifirst                                    1774       4       4       1   .common     
     Isecond                                   1778       4       4       1   .common     
     rms                                       177C       4       4       2   .common     
     _ZZ18Meas_Get3PhCurrentP6structP6structtE4Iadd_0       1780       2       2       3   .common     
     rmsadd                                    1784       4       4       3   .common     
     unitdev                                   15B4       4       4       1   .data       
     _ZZ18Meas_Get3PhCurrentP6structP6structtE9sectorK_1       15B8       2       2       2   .data       
MODULE:                 -- pwm_control_c.obj --
- PROCEDURES:
     PWMControlInit                          FE0A51      19      25       2   .text       
- VARIABLES:
MODULE:                 -- state_machine_c.obj --
- PROCEDURES:
- VARIABLES:
     state_table                               15BC     126     294       2   .data       
     state_LED                                 16E4      15      21       1   .data       
MODULE:                 -- vector_c.obj --
- PROCEDURES:
     dummy                                   FE0A6A       1       1     114   .text       
- VARIABLES:
     _vectab                                 FFFE10     1F0     496       0   vector      
MODULE:                 -- adc_c.obj --
- PROCEDURES:
     adc0_init                               FE0A6B      4B      75       1   .text       
     adc1_init                               FE0AB6      38      56       1   .text       
- VARIABLES:
     ADC0CommandList                           1528      20      32       1   adcLists    
     ADC1CommandList                           1548      20      32       1   adcLists    
     ADC0ResultList                            1568      20      32       7   adcLists    
     ADC1ResultList                            1588      20      32       5   adcLists    
MODULE:                 -- cpmu_c.obj --
- PROCEDURES:
     cpmu_init                               FE0AEE      52      82       1   .text       
- VARIABLES:
MODULE:                 -- gdu_c.obj --
- PROCEDURES:
     gdu_init                                FE0B40      39      57       1   .text       
- VARIABLES:
MODULE:                 -- pim_c.obj --
- PROCEDURES:
     pim_init                                FE0B79      30      48       1   .text       
- VARIABLES:
MODULE:                 -- pmf_c.obj --
- PROCEDURES:
     pmf_init                                FE0BA9      54      84       1   .text       
- VARIABLES:
MODULE:                 -- ptu_c.obj --
- PROCEDURES:
     ptu_init                                FE0BFD      3F      63       1   .text       
- VARIABLES:
     ptuTriggerList0                           1500      14      20       8   ptuTrigE    
     ptuTriggerList1                           1514      14      20       1   ptuTrigE    
MODULE:                 -- sci_c.obj --
- PROCEDURES:
     sci1_init                               FE0C3C       E      14       1   .text       
- VARIABLES:
MODULE:                 -- tim_c.obj --
- PROCEDURES:
     initTIM                                 FE0C4A      2D      45       1   .text       
     EnableTIM                               FE0C77       8       8       1   .text       
- VARIABLES:
MODULE:                 -- freemaster_appcmd_c.obj --
- PROCEDURES:
     FMSTR_InitAppCmds                       FE0C7F      2A      42       1   .text       
     FMSTR_StoreAppCmd                       FE0CA9      5A      90       1   .text       
     FMSTR_GetAppCmdStatus                   FE0D03      41      65       1   .text       
     FMSTR_GetAppCmdRespData                 FE0D44      47      71       1   .text       
     FMSTR_FindAppCmdCallIndex               FE0D8B      11      17       1   .text       
- VARIABLES:
     pcm_pAppCmdCallFunc                       1788       C      12       2   .common     
     pcm_pAppCmdCallId                         1794       4       4       2   .common     
     pcm_nAppCmdResultDataLen                  1798       1       1       2   .common     
     pcm_nAppCmdResult                         1799       1       1       4   .common     
     pcm_nAppCmdLen                            179A       2       2       2   .common     
     pcm_pAppCmdBuff                           179C      20      32       3   .common     
     pcm_nAppCmd                               17BC       1       1       7   .common     
MODULE:                 -- freemaster_protocol_c.obj --
- PROCEDURES:
     FMSTR_Init                              FE0D9C      1F      31       1   .text       
     FMSTR_ProtocolDecoder                   FE0DBB     137     311       1   .text       
     FMSTR_GetBoardInfo                      FE0EF2      42      66       1   .text       
     FMSTR_ReadMem                           FE0F34      38      56       1   .text       
     FMSTR_WriteMem                          FE0F6C      28      40       1   .text       
     FMSTR_WriteMemMask                      FE0F94      28      40       1   .text       
- VARIABLES:
     @216                                      16FC      16      22       1   .data       
MODULE:                 -- freemaster_rec_c.obj --
- PROCEDURES:
     FMSTR_InitRec                           FE0FBC       A      10       1   .text       
     FMSTR_AbortRec                          FE0FC6       4       4       1   .text       
     FMSTR_SetUpRec                          FE0FCA     112     274       1   .text       
     FMSTR_TriggerRec                        FE10DC      10      16       2   .text       
     FMSTR_StartRec                          FE10EC      33      51       1   .text       
     FMSTR_StopRec                           FE111F      23      35       1   .text       
     FMSTR_GetRecStatus                      FE1142      1C      28       1   .text       
     FMSTR_GetRecBuffSize                    FE115E       4       4       2   .text       
     FMSTR_GetRecBuff                        FE1162      37      55       1   .text       
     FMSTR_Compare8S                         FE1199      18      24       1   .text       
     FMSTR_Compare8U                         FE11B1      16      22       1   .text       
     FMSTR_Compare16S                        FE11C7      12      18       1   .text       
     FMSTR_Compare16U                        FE11D9      12      18       1   .text       
     FMSTR_Compare32S                        FE11EB      12      18       1   .text       
     FMSTR_Compare32U                        FE11FD      12      18       1   .text       
     FMSTR_Recorder                          FE120F       A      10       1   .text       
     FMSTR_Recorder2                         FE1219      BC     188       1   .text       
- VARIABLES:
     pcm_pOwnRecBuffer                         17C0     400    1024       2   .common     
     pcm_pCompareFunc                          1BC0       3       3       3   .common     
     pcm_nRecBuffAddr                          1BC4       3       3       6   .common     
     pcm_uTrgThreshold                         1BC8       4       4       7   .common     
     pcm_bTrgVarSigned                         1BCC       1       1       2   .common     
     pcm_nTrgVarSize                           1BCD       1       1       2   .common     
     pcm_nTrgVarAddr                           1BD0       3       3       7   .common     
     pcm_dwRecEndBuffPtr                       1BD4       3       3       2   .common     
     pcm_dwRecWritePtr                         1BD8       3       3       5   .common     
     pcm_wRecBuffStartIx                       1BDC       2       2       4   .common     
     pcm_wRecFlags                             1BDE       1       1      25   .common     
     pcm_wStoprecCountDown                     1BE0       2       2       3   .common     
     pcm_wRecTimeDivCtr                        1BE2       2       2       4   .common     
     pcm_pRecVarSize                           1BE4       8       8       2   .common     
     pcm_pRecVarAddr                           1BEC      18      24       2   .common     
     pcm_nRecVarCount                          1C04       1       1       4   .common     
     pcm_wRecTimeDiv                           1C06       2       2       2   .common     
     pcm_nRecTriggerMode                       1C08       1       1       3   .common     
     pcm_wRecPostTrigger                       1C0A       2       2       2   .common     
     pcm_wRecTotalSmps                         1C0C       2       2       2   .common     
MODULE:                 -- freemaster_scope_c.obj --
- PROCEDURES:
     FMSTR_InitScope                         FE12D5       1       1       1   .text       
     FMSTR_SetUpScope                        FE12D6      67     103       1   .text       
     FMSTR_ReadScope                         FE133D      43      67       1   .text       
- VARIABLES:
     pcm_pScopeVarSize                         1C10       8       8       2   .common     
     pcm_pScopeVarAddr                         1C18      18      24       2   .common     
     pcm_nScopeVarCount                        1C30       1       1       5   .common     
MODULE:                 -- freemaster_serial_c.obj --
- PROCEDURES:
     FMSTR_ProcessSCI                        FE1380      44      68       1   .text       
     FMSTR_Listen                            FE13C4      1C      28       2   .text       
     FMSTR_SendError                         FE13E0       E      14       1   .text       
     FMSTR_SendResponse                      FE13EE      53      83       2   .text       
     FMSTR_Tx                                FE1441      3C      60       1   .text       
     FMSTR_Rx                                FE147D      D3     211       1   .text       
     FMSTR_InitSerial                        FE1550      14      20       1   .text       
     FMSTR_Poll                              FE1564       4       4       1   .text       
- VARIABLES:
     pcm_nRxCheckSum                           1C34       1       1       3   .common     
     pcm_pRxBuff                               1C38       3       3       5   .common     
     pcm_pTxBuff                               1C3C       3       3       4   .common     
     pcm_nRxTodo                               1C3F       1       1       6   .common     
     pcm_nTxTodo                               1C40       1       1       4   .common     
     pcm_wFlags                                1C41       1       1      19   .common     
     pcm_pCommBuffer                           1C44      3F      63       6   .common     
MODULE:                 -- freemaster_HC12_c.obj --
- PROCEDURES:
     FMSTR_CopyMemory                        FE1568      1B      27       1   .text       
     FMSTR_CopyToBuffer                      FE1583      2B      43       3   .text       
     FMSTR_CopyFromBuffer                    FE15AE      25      37       2   .text       
     FMSTR_CopyFromBufferWithMask            FE15D3      41      65       1   .text       
     FMSTR_SetExAddr                         FE1614       4       4       7   .text       
     FMSTR_AddressToBuffer                   FE1618      24      36       1   .text       
     FMSTR_AddressFromBuffer                 FE163C      37      55       6   .text       
- VARIABLES:
     pcm_bNextAddrIsEx                         1C83       1       1       3   .common     
MODULE:                 -- MC9S12ZVML128_PMSM_c.obj --
- PROCEDURES:
     systick_1ms                             FE1673       9       9       1   .text       
     main                                    FE167C      7A     122       1   .text       
     ADC0error_ISR                           FE16F6      57      87       1   .text       
     ADC1error_ISR                           FE174D      57      87       1   .text       
     ADC0done_ISR                            FE17A4       8       8       1   .text       
     ADC1done_ISR                            FE17AC       8       8       1   .text       
     PMFreloadA_ISR                          FE17B4     18E     398       1   .text       
     TIM0chan3_ISR                           FE1942       A      10       1   .text       
     TIM0overflow_ISR                        FE194C       E      14       1   .text       
     stateReset                              FE195A     2BA     698       3   .text       
     stateFault                              FE1C14      68     104      80   .text       
     stateInit                               FE1C7C     113     275       6   .text       
     stateReady                              FE1D8F      2F      47       3   .text       
     stateCalib                              FE1DBE      40      64       2   .text       
     stateAlign                              FE1DFE      BA     186       2   .text       
     stateRun                                FE1EB8     1E0     480       2   .text       
     focSlowLoop                             FE2098     14C     332       1   .text       
     focFastLoop                             FE21E4     1AB     427       1   .text       
     faultDetection                          FE238F      83     131       1   .text       
     stateLedOFF                             FE2412       5       5       3   .text       
     stateLedON                              FE2417       5       5       1   .text       
     stateLedFLASHING_SLOW                   FE241C      27      39       1   .text       
     stateLedFLASHING_FASTER                 FE2443      2B      43       1   .text       
     stateLedFLASHING_FAST                   FE246E      27      39       1   .text       
- VARIABLES:
     useRawDCBusForElim                        1712       1       1       1   .data       
     OL_SpeedRampInc                           1C84       4       4      19   .common     
     CL_SpeedRampInc                           1C88       4       4       3   .common     
     CL_SpeedRampDec                           1C8C       4       4       3   .common     
     pwmControlEnabled                         1C90       1       1       3   .common     
     f16pwmInputMA                             1C94       6       6       2   .common     
     App_count                                 1C9A       2       2       1   .common     
     uc1msflag                                 1C9C       1       1       1   .common     
     _ZZ14PMFreloadA_ISRvE12getFcnStatus       1C9D       1       1      11   .common     
     _ZZ14PMFreloadA_ISRvE10suc1mscntr_0       1C9E       1       1       3   .common     
     newPospeSensorlessThRotEl                 1CA0       2       2       3   .common     
     newPospeSensorlessWRotEl                  1CA2       2       2       2   .common     
     useOldValues                              1CA4       1       1       3   .common     
     _ZZ8stateRunvE14stateRunStatus            1CA5       1       1       3   .common     
     _ZZ8stateRunvE20trackingToSensorless_0       1CA6       1       1       3   .common     
     useDecoupling                             1CA7       1       1       1   .common     
     thetaOffset                               1CA8       2       2       1   .common     
     pwmControlData                            1CAC      26      38      17   .common     
     AdcError1                                 1CD2       2       2       1   .common     
     AdcError0                                 1CD4       2       2       1   .common     
     AdcErrorIA                                1CD6       2       2       2   .common     
     AdcErrorCMD                               1CD8       2       2       2   .common     
     AdcErrorEOL                               1CDA       2       2       2   .common     
     AdcErrorTRIG                              1CDC       2       2       2   .common     
     AdcErrorRSTAR                             1CDE       2       2       2   .common     
     AdcErrorLDOK                              1CE0       2       2       2   .common     
     pos_mode                                  1CE2       1       1       9   .common     
     meas                                      1CE4      52      82      15   .common     
     fmScale                                   1D38      1C      28       6   .common     
     permFaults                                1D54       6       6      16   .common     
     tempfaults                                1D5C       6       6       3   .common     
     cntrState                                 1D64      15      21      84   .common     
     drvFOC                                    1D7C     150     336     364   .common     
MODULE:                 -- eeprom_S12Z_c.obj --
- PROCEDURES:
     EEPROM_Init                             FE2495      18      24       1   .text       
- VARIABLES:
MODULE:                 -- motorinter_c.obj --
- PROCEDURES:
     MotorDrive_Start                        FE24AD      10      16       2   .text       
     MotorDrive_Stop                         FE24BD       F      15       2   .text       
     MotorDrive_Regulation                   FE24CC      35      53       1   .text       
- VARIABLES:
     Runcommand                                1ECC       1       1       4   .common     
     directemp                                 1ECD       1       1       2   .common     
     MotorDrive_MotorStatus                    1ECE       2       2       1   .common     
     MotorDrive_uiActualSpeed                  1ED0       2       2       2   .common     
     MotorDrive_uiTargetSpeed                  1ED2       2       2       1   .common     
     MotorDrive_uiTemperatureNTC_Digital       1ED4       2       2       2   .common     
     MotorDrive_uiTemperature                  1ED6       2       2       2   .common     
     MotorDrive_uiCurrent                      1ED8       1       1       1   .common     
     MotorDrive_uiVoltage                      1EDA       2       2       2   .common     
     SpeedIN                                   1EDC       2       2       1   .common     
MODULE:                 -- lin_cfg_c.obj --
- PROCEDURES:
     ld_read_by_id_callout                   FE2501      1D      29       2   .text       
- VARIABLES:
     lin_virtual_ifc                         FE005C       1       1       5   .rodata     
     LIN_NXP_response_error_signal           FE005D       1       1       1   .rodata     
     response_error_byte_offset              FE005E       1       1       1   .rodata     
     response_error_bit_offset               FE005F       1       1       1   .rodata     
     lin_frame_tbl                           FE0060      2D      45       5   .rodata     
     lin_max_frame_res_timeout_val           FE0090      10      16       2   .rodata     
     lin_initial_NAD                         FE00A0       1       1       3   .rodata     
     product_id                              FE00A4       5       5      10   .rodata     
     response_error                          FE00A9       1       1       1   .rodata     
     lin_diag_services_supported             FE00AC       9       9       1   .rodata     
     lin_save_configuration_flg                1EE0       1       1       2   .common     
     lin_flag_handle_tbl                       1EE4       5       5       4   .common     
     lin_frame_flag_tbl                        1EEC       5       5       5   .common     
     tl_diag_state                             1EF1       1       1      18   .common     
     lin_diag_services_flag                    1EF4       9       9       1   .common     
     tl_slaveresp_cnt                          1EFD       1       1       7   .common     
     tl_tx_msg_status                          1EFE       1       1       5   .common     
     tl_rx_msg_status                          1EFF       1       1       7   .common     
     tl_receive_msg_status                     1F00       1       1       8   .common     
     tl_check_timeout                          1F02       2       2       9   .common     
     tl_check_timeout_type                     1F04       1       1      13   .common     
     tl_frame_counter                          1F05       1       1       6   .common     
     tl_no_of_pdu                              1F06       1       1       5   .common     
     tl_tx_msg_size                            1F08       2       2       3   .common     
     tl_tx_msg_index                           1F0A       2       2       1   .common     
     tl_rx_queue_data                          1F0C       8       8       1   .common     
     tl_tx_queue_data                          1F14       8       8       1   .common     
     lin_word_status                           1F1C       2       2       1   .common     
     lin_goto_sleep_flg                        1F1E       1       1       4   .common     
     lin_error_in_response                     1F1F       1       1       4   .common     
     lin_successful_transfer                   1F20       1       1       3   .common     
     lin_lld_response_buffer                   1F24       A      10      15   .common     
     lin_pFrameBuf                             1714      18      24      20   .data       
     lin_configuration_RAM                     172C       7       7       4   .data       
     lin_configured_NAD                        1733       1       1       4   .data       
     lin_tl_tx_queue                           1734       C      12      11   .data       
     lin_tl_rx_queue                           1740       C      12      25   .data       
     tl_service_status                         174C       1       1      13   .data       
MODULE:                 -- SystemSchedule_c.obj --
- PROCEDURES:
     PWMLIN_quickservice                     FE251E      11      17       1   .text       
     SetFlag_1MS                             FE252F       5       5       1   .text       
     SystemSchedule_Init                     FE2534      13      19       1   .text       
     SystemSchedule_Main                     FE2547      C2     194       1   .text       
- VARIABLES:
     sucsystemticket_1ms                       1F2E       1       1       3   .common     
     _ZZ19SystemSchedule_MainvE13ticketcounter       1F2F       1       1       3   .common     
MODULE:                 -- ProjectConfig_c.obj --
- PROCEDURES:
- VARIABLES:
     gucswversion_internal                     174D       1       1       1   .data       
MODULE:                 -- MotorOperation_c.obj --
- PROCEDURES:
     stopmotor                               FE2609       8       8       5   .text       
     startmotor                              FE2611      10      16       1   .text       
     speedregulation                         FE2621      18      24       1   .text       
     checksleepmode                          FE2639      38      56       1   .text       
     gotosleedmode                           FE2671      38      56       1   .text       
     MotorOperation_Main                     FE26A9     139     313       1   .text       
- VARIABLES:
     guiSpeedSet                               1F30       2       2       4   .common     
     gucMotorDriveState                        1F32       1       1       2   .common     
     gucMotorDriveStartupTime                  1F33       1       1       2   .common     
     gucFOCError                               1F34       1       1       2   .common     
     gMotorControl                             1F35       1       1       7   .common     
     suidelaycounter_Idea                      1F36       2       2       3   .common     
     suidelaycounter_Stop                      1F38       2       2       7   .common     
MODULE:                 -- Measurement_c.obj --
- PROCEDURES:
     calibrationudpate                       FE27E2      93     147       1   .text       
     compensationupdate                      FE2875       4       4       1   .text       
     Data_filter                             FE2879     16D     365       1   .text       
     Measurement_Main                        FE29E6       4       4       1   .text       
- VARIABLES:
     Kvoltage                                  1F3C       2       2       3   .common     
     Bvoltage                                  1F3E       2       2       3   .common     
     Kcurrent                                  1F40       2       2       1   .common     
     Bcurrent                                  1F42       2       2       1   .common     
     Ktemp                                     1F44       2       2       2   .common     
     Btemp                                     1F46       2       2       3   .common     
     datapointarr                              1F48      10      16      10   .common     
     onlyupdateonetimeflag                     1F58       1       1       2   .common     
     guiVolatgeDropCompensation_mV             1F5A       2       2       2   .common     
     aveargedcvoltage                          1F5C       4       4       3   .common     
     aveargedccurrent                          1F60       4       4       3   .common     
     aveargetemperature                        1F64       4       4       3   .common     
     aveargetemperatureNTC                     1F68       4       4       3   .common     
     aveargespeedactual                        1F6C       4       4       2   .common     
     initflagofdatafilter                      1F70       1       1       2   .common     
     sitempvalue                               1F74       4       4       2   .common     
     guiTemperatureNTC                         1F78       2       2       5   .common     
     guiTemperature_nocalibration              1F7A       2       2       1   .common     
     guiTemperature_Instant                    1F7C       2       2       1   .common     
     guiTemperature                            1F7E       2       2      10   .common     
     guiCurrent_nocalibration                  1F80       2       2       1   .common     
     guiCurrent_Instant                        1F82       2       2       1   .common     
     guiCurrent                                1F84       2       2       6   .common     
     guiVoltage_nocalibration                  1F86       2       2       1   .common     
     guiVoltage_Instant                        1F88       2       2       1   .common     
     guiVoltage                                1F8A       2       2      11   .common     
MODULE:                 -- Diagnostic_c.obj --
- PROCEDURES:
     pwmdiagnostic                           FE29EA      E2     226       1   .text       
     lindiagnostic                           FE2ACC       5       5       1   .text       
     Diagnostic_Main                         FE2AD1       F      15       1   .text       
- VARIABLES:
     gucTest_PINstatus                         1F8C       1       1       2   .common     
     guiTest_diag_period                       1F8E       2       2       1   .common     
     guiTest_diag_low                          1F90       2       2       1   .common     
     guiTest_diag_high                         1F92       2       2       1   .common     
     guiDiagnosticLowTime                      1F94       2       2       3   .common     
     diagnosticTimer                           1F96       2       2       4   .common     
     diagnosticPeriodTime                      1F98       2       2       2   .common     
     diagnosticHighTime                        1F9A       2       2       2   .common     
     diagnosticLowTime                         1F9C       2       2       2   .common     
     sucpoweronresetflag                       1F9E       1       1       3   .common     
     suipoweronresetcounter                    1FA0       2       2       3   .common     
     _ZZ13pwmdiagnosticvE20updatediagnosticflag       1FA2       1       1       4   .common     
     _ZZ13pwmdiagnosticvE21t1sthightime_previous_0       1FA4       2       2       2   .common     
     _ZZ13pwmdiagnosticvE22t2ndpeiodTime_previous_1       1FA6       2       2       2   .common     
MODULE:                 -- Diagnostic_Platform_c.obj --
- PROCEDURES:
     LINDiagnostic_Platform                  FE2AE0     203     515       1   .text       
     GetLowtimefromFailureMode               FE2CE3      79     121       1   .text       
- VARIABLES:
     responseerrorcounter                      1FA8       2       2       3   .common     
     feedbacklowtimeOLD                        1FAA       2       2       3   .common     
     feedbacklowtimeOLD2                       1FAC       2       2       2   .common     
     delaytimeforfeedbackcounter               1FAE       2       2       4   .common     
MODULE:                 -- Common_c.obj --
- PROCEDURES:
- VARIABLES:
     gucDebugEnable                            1FB0       1       1       2   .common     
     guiDebug_CurrentLimit                     1FB2       2       2       3   .common     
     guiDebug_CurrentLimitbyVoltage            1FB4       2       2       1   .common     
     guiDebug_CurrentLimitbyTemperature        1FB6       2       2       1   .common     
     guiDebug_PowerLimit                       1FB8       2       2       3   .common     
MODULE:                 -- TaskAnalysis_c.obj --
- PROCEDURES:
     ANALYSIS_TIMERSTART                     FE2D5C      26      38      10   .text       
     ANALYSIS_TIMERSTOP                      FE2D82      27      39       3   .text       
     TaskAnalysis_Overflow_INT               FE2DA9       7       7       1   .text       
     TaskAnalysis_Main                       FE2DB0      9E     158       1   .text       
- VARIABLES:
     gucAnalysisTimerOverflowFlagCounter       1FBC       2       2       4   .common     
     guiSystemTicketCounter_65536us            1FBE       2       2       3   .common     
     ultotallyexecutiontimer                   1FC0       4       4       6   .common     
     ultotallyexecutionload                    1FC4       4       4       1   .common     
     gulTaskExecutionMax_us                    1FC8      48      72       2   .common     
     gulTaskExecution_us                       2010      48      72       2   .common     
     gulTaskTimersStop                         2058      48      72       3   .common     
     gulTaskTimersStart                        20A0      48      72       3   .common     
     gucTaskCheckedFlag                        20E8      12      18       4   .common     
MODULE:                 -- BSW_c.obj --
- PROCEDURES:
     BSW_PWM_Init                            FE2E4E      19      25       2   .text       
[...]
 |  |  | 
 |  |  +- stateFault          
 |  |  |  | 
 |  |  |  +- DisableOutput       
 |  |  |     | 
 |  |  |     +- SetDutycycle        
 |  |  |        | 
 |  |  |        +- CalcEdges           
 |  |  |        |    
 |  |  |        +- SetPtuTriggers      
 |  |  |        |    
 |  |  |        +- SetPmfValReg        
 |  |  |             
 |  |  +- stateInit           
 |  |  |  | 
 |  |  |  +- DisableOutput        (see above)
 |  |  |  |  
 |  |  |  +- Meas_Clear          
 |  |  |  |    
 |  |  |  +- AMCLIB_CurrentLoopInit_F16
 |  |  |  |    
 |  |  |  +- AMCLIB_SpeedLoopInit_F16
 |  |  |  |    
 |  |  |  +- AMCLIB_BemfObsrvDQInit_F16
 |  |  |  |    
 |  |  |  +- AMCLIB_TrackObsrvInit_F16
 |  |  |       
 |  |  +- stateReady          
 |  |  |    
 |  |  +- stateCalib          
 |  |  |  | 
 |  |  |  +- DisableOutput        (see above)
 |  |  |  |  
 |  |  |  +- Meas_CalibCurrentSense
 |  |  |  |  | 
 |  |  |  |  +- GetAdcRawValues     
 |  |  |  |  |    
 |  |  |  |  +- GDFLIB_FilterMA_F16 
 |  |  |  |       
 |  |  |  +- SetDutycycle         (see above)
 |  |  |     
 |  |  +- stateAlign          
 |  |  |  | 
 |  |  |  +- EnableOutput        
 |  |  |  |  | 
 |  |  |  |  +- SetDutycycle         (see above)
 |  |  |  |     
 |  |  |  +- GFLIB_Sin_F16       
 |  |  |  |    
 |  |  |  +- GFLIB_Cos_F16       
 |  |  |  |    
 |  |  |  +- GMCLIB_ParkInv_F16  
 |  |  |  |    
 |  |  |  +- GMCLIB_SvmStd_F16   
 |  |  |  |    
 |  |  |  +- AMCLIB_CurrentLoopSetState_F16
 |  |  |  |    
 |  |  |  +- AMCLIB_CurrentLoop_F16
 |  |  |  |    
 |  |  |  +- AMCLIB_CurrentLoopInit_F16 (see above)
 |  |  |  |  
 |  |  |  +- SetDutycycle         (see above)
 |  |  |     
 |  |  +- stateRun            
 |  |  |  | 
 |  |  |  +- GFLIB_IntegratorTR_F16
 |  |  |  |    
 |  |  |  +- AMCLIB_BemfObsrvDQ_F16
 |  |  |  |  | 
 |  |  |  |  +- GFLIB_SinCos_F16    
 |  |  |  |  |    
 |  |  |  |  +- GFLIB_ControllerPIrAW_F16
 |  |  |  |  |    
 |  |  |  |  +- GFLIB_Atan_F16      
 |  |  |  |       
 |  |  |  +- AMCLIB_TrackObsrv_F16
 |  |  |  |    
 |  |  |  +- AMCLIB_CurrentLoopSetState_F16 (see above)
 |  |  |  |  
 |  |  |  +- AMCLIB_SpeedLoopSetState_F16
 |  |  |  |    
 |  |  |  +- AMCLIB_BemfObsrvDQInit_F16 (see above)
 |  |  |  |  
 |  |  |  +- focSlowLoop         
 |  |  |  |  | 
 |  |  |  |  +- AMCLIB_SpeedLoop_F16
 |  |  |  |  |  | 
 |  |  |  |  |  +- GFLIB_ControllerPIpAW_F16
 |  |  |  |  |       
 |  |  |  |  +- GFLIB_Sqrt_F16      
 |  |  |  |       
 |  |  |  +- focFastLoop         
 |  |  |  |  | 
 |  |  |  |  +- GMCLIB_Clark_F16    
 |  |  |  |  |    
 |  |  |  |  +- GMCLIB_Park_F16     
 |  |  |  |  |    
 |  |  |  |  +- AMCLIB_CurrentLoop_F16 (see above)
 |  |  |  |  |  
 |  |  |  |  +- GMCLIB_DecouplingPMSM_F16
 |  |  |  |  |    
 |  |  |  |  +- GMCLIB_ParkInv_F16   (see above)
 |  |  |  |  |  
 |  |  |  |  +- GMCLIB_ElimDcBusRip_F16
 |  |  |  |  |    
 |  |  |  |  +- GFLIB_Limit_F16     
 |  |  |  |  |    
 |  |  |  |  +- GMCLIB_SvmStd_F16    (see above)
 |  |  |  |  |  
 |  |  |  |  +- GFLIB_Sin_F16        (see above)
 |  |  |  |  |  
 |  |  |  |  +- GFLIB_Cos_F16        (see above)
 |  |  |  |     
 |  |  |  +- SetDutycycle         (see above)
 |  |  |     
 |  |  +- stateReset          
 |  |     | 
 |  |     +- DisableOutput        (see above)
 |  |     |  
 |  |     +- AMCLIB_CurrentLoopInit_F16 (see above)
 |  |     |  
 |  |     +- AMCLIB_SpeedLoopInit_F16 (see above)
 |  |     |  
 |  |     +- AMCLIB_BemfObsrvDQInit_F16 (see above)
 |  |     |  
 |  |     +- AMCLIB_TrackObsrvInit_F16 (see above)
 |  |     |  
 |  |     +- PWMControlInit      
 |  |     |    
 |  |     +- EnableTIM           
 |  |     |    
 |  |     +- Meas_Clear           (see above)
 |  |     |  
 |  |     +- GDFLIB_FilterIIR1Init_F16
 |  |          
 |  +- SystemSchedule_Init 
 |  |  | 
 |  |  +- BSW_MotorStop       
 |  |  |  | 
 |  |  |  +- MotorDrive_Stop     
 |  |  |       
 |  |  +- BSW_KL15Config      
 |  |       
 |  +- SystemSchedule_Main 
 |  |  | 
 |  |  +- ANALYSIS_TIMERSTART 
 |  |  |  | 
 |  |  |  +- gettimercntr        
 |  |  |       
 |  |  +- PWMLIN_quickservice 
 |  |  |  | 
 |  |  |  +- PWMDetection_Main   
 |  |  |  |  | 
 |  |  |  |  +- settrriger_rise     
 |  |  |  |  |    
 |  |  |  |  +- gettimerclk         
 |  |  |  |       
 |  |  |  +- BSW_LIN_service     
 |  |  |       
 |  |  +- ANALYSIS_TIMERSTOP  
 |  |  |  | 
 |  |  |  +- gettimercntr         (see above)
 |  |  |     
 |  |  +- TaskAnalysis_Main   
 |  |  |    
 |  |  +- InputSignalDetection
 |  |  |  | 
 |  |  |  +- interfacestatusdetection
 |  |  |  |  | 
 |  |  |  |  +- InterfaceConfig     
 |  |  |  |  |  | 
 |  |  |  |  |  +- BSW_PWM_Init        
 |  |  |  |  |  |  | 
 |  |  |  |  |  |  +- PWMControlInit       (see above)
 |  |  |  |  |  |     
 |  |  |  |  |  +- PWMDetection_Init   
 |  |  |  |  |  |    
 |  |  |  |  |  +- BSW_LIN_Init        
 |  |  |  |  |       
 |  |  |  |  +- BSW_PWM_Init         (see above)
 |  |  |  |  |  
 |  |  |  |  +- PWMDetection_Init    (see above)
 |  |  |  |  |  
 |  |  |  |  +- BSW_LIN_Init         (see above)
 |  |  |  |     
 |  |  |  +- updatepwmsignal     
 |  |  |  |  | 
 |  |  |  |  +- flashstartcheck     
 |  |  |  |       
 |  |  |  +- uigetlinsignal      
 |  |  |       
 |  |  +- MotorOperation_Main 
 |  |  |  | 
 |  |  |  +- checksleepmode      
 |  |  |  |    
 |  |  |  +- gotosleedmode       
 |  |  |  |  | 
 |  |  |  |  +- stopmotor           
 |  |  |  |  |  | 
 |  |  |  |  |  +- BSW_MotorStop        (see above)
 |  |  |  |  |     
 |  |  |  |  +- BSW_setpinstatus_interface
 |  |  |  |  |    
 |  |  |  |  +- starttimebaserecording
 |  |  |  |  |  | 
 |  |  |  |  |  +- flashoperation      
 |  |  |  |  |     | 
 |  |  |  |  |     +- get1pagedatafromflash
 |  |  |  |  |     |  | 
 |  |  |  |  |     |  +- getdatafromflash    
 |  |  |  |  |     |     | 
 |  |  |  |  |     |     +- get4bytesfromflash  
 |  |  |  |  |     |        | 
 |  |  |  |  |     |        +- NVM_ReadData        
 |  |  |  |  |     |             
 |  |  |  |  |     +- NVM_ProgramPage     
 |  |  |  |  |          
 |  |  |  |  +- startspeedstatusrecording
 |  |  |  |  |  | 
 |  |  |  |  |  +- flashoperation       (see above)
 |  |  |  |  |     
 |  |  |  |  +- startinternalerrorrecording
 |  |  |  |  |  | 
 |  |  |  |  |  +- __clear             
 |  |  |  |  |  |    
 |  |  |  |  |  +- getdatafromflash     (see above)
 |  |  |  |  |  |  
 |  |  |  |  |  +- flashoperation       (see above)
 |  |  |  |  |     
 |  |  |  |  +- EnterintoSleep      
 |  |  |  |       
 |  |  |  +- stopmotor            (see above)
 |  |  |  |  
 |  |  |  +- startmotor          
 |  |  |  |  | 
 |  |  |  |  +- BSW_MotorStart      
 |  |  |  |     | 
 |  |  |  |     +- MotorDrive_Start    
 |  |  |  |          
 |  |  |  +- speedregulation     
 |  |  |     | 
 |  |  |     +- BSW_MotorRegulation 
 |  |  |        | 
 |  |  |        +- MotorDrive_Regulation
 |  |  |           | 
 |  |  |           +- MotorDrive_Start     (see above)
 |  |  |           |  
 |  |  |           +- MotorDrive_Stop      (see above)
 |  |  |              
 |  |  +- Diagnostic_Main     
 |  |  |  | 
 |  |  |  +- pwmdiagnostic       
 |  |  |  |  | 
 |  |  |  |  +- GetLowtimefromFailureMode
 |  |  |  |  |    
 |  |  |  |  +- BSW_setpinstatus_interface (see above)
 |  |  |  |     
 |  |  |  +- lindiagnostic       
 |  |  |     | 
 |  |  |     +- LINDiagnostic_Platform
 |  |  |          
 |  |  +- Protection_Main     
 |  |  |  | 
 |  |  |  +- overvoltage_protection
 |  |  |  |    
 |  |  |  +- lowvoltage_protection
 |  |  |  |    
 |  |  |  +- undervoltage_protection
 |  |  |  |    
 |  |  |  +- getlimitcurrentbytemperature
 |  |  |  |    
 |  |  |  +- getlimitcurrentbyvoltage
 |  |  |  |    
 |  |  |  +- limitcurrent_protection
 |  |  |  |    
 |  |  |  +- getlimitpower       
 |  |  |  |    
 |  |  |  +- limitpower_protection
 |  |  |  |    
 |  |  |  +- temperaturewarning_protection
 |  |  |  |    
 |  |  |  +- temperatureerror_protection
 |  |  |  |    
 |  |  |  +- overload_protection 
 |  |  |  |    
 |  |  |  +- blockage_protection 
 |  |  |  |    
 |  |  |  +- uigetCurOffsetVal   
 |  |  |  |    
 |  |  |  +- el_currentoffset_protection
 |  |  |  |    
 |  |  |  +- overcurrent_protection
 |  |  |  |    
 |  |  |  +- el_GDU_protection   
 |  |  |  |  | 
 |  |  |  |  +- uigetGDUerror       
 |  |  |  |       
 |  |  |  +- el_shortcircuit_protection
 |  |  |  |  | 
 |  |  |  |  +- uigetSCerror        
 |  |  |  |       
 |  |  |  +- el_phasesbroken_protection
 |  |  |  |  | 
 |  |  |  |  +- uigetPBerror        
 |  |  |  |       
 |  |  |  +- el_overcurrentHW_protection
 |  |  |  |  | 
 |  |  |  |  +- uigetOCerror        
 |  |  |  |       
 |  |  |  +- el_POWER_protection 
 |  |  |  |  | 
 |  |  |  |  +- uigetPowererror     
 |  |  |  |       
 |  |  |  +- speedlimitation2    
 |  |  |     | 
 |  |  |     +- speedlimitbycurrent 
 |  |  |     |  | 
 |  |  |     |  +- MathRangeLimit16    
 |  |  |     |       
 |  |  |     +- speedlimitbytemperature
 |  |  |     |  | 
 |  |  |     |  +- MathRangeLimit16     (see above)
 |  |  |     |     
 |  |  |     +- speedlimitbypower   
 |  |  |        | 
 |  |  |        +- MathRangeLimit16     (see above)
 |  |  |           
 |  |  +- CustomerInterface_Main
 |  |  |  | 
 |  |  |  +- ucgetPINInterfaceStatus
 |  |  |  |    
 |  |  |  +- ucPINStatusKL15_filter
 |  |  |  |  | 
 |  |  |  |  +- ucgetPINEnableStatus
 |  |  |  |       
 |  |  |  +- checkhighlowsignal  
 |  |  |  |    
 |  |  |  +- checkinvalidsignal  
 |  |  |  |    
 |  |  |  +- getcontrolspeedbycustomerinput
 |  |  |  |  | 
 |  |  |  |  +- GetSpeedByDigital   
 |  |  |  |       
 |  |  |  +- checkemergencymode  
 |  |  |       
 |  |  +- Measurement_Main    
 |  |     | 
 |  |     +- Data_filter         
 |  |        | 
 |  |        +- getrawvoltage       
 |  |        |    
 |  |        +- getrawcurrent       
 |  |        |    
 |  |        +- getrawtemperature   
 |  |        |    
 |  |        +- getNTCDigitals      
 |  |        |    
 |  |        +- getactualspeed      
 |  |        |    
 |  |        +- calibrationudpate   
 |  |        |  | 
 |  |        |  +- getdatafromflash     (see above)
 |  |        |     
 |  |        +- compensationupdate  
 |  |             
 |  +- FMSTR_Poll          
 |     | 
 |     +- FMSTR_ProcessSCI    
 |        | 
 |        +- FMSTR_Rx            
 |        |  | 
 |        |  +- FMSTR_ProtocolDecoder
 |        |  |  | 
 |        |  |  +- FMSTR_SetExAddr     
 |        |  |  |    
 |        |  |  +- FMSTR_GetBoardInfo  
 |        |  |  |  | 
 |        |  |  |  +- FMSTR_GetRecBuffSize
 |        |  |  |       
 |        |  |  +- FMSTR_GetAppCmdRespData
 |        |  |  |  | 
 |        |  |  |  +- FMSTR_CopyToBuffer  
 |        |  |  |       
 |        |  |  +- FMSTR_GetAppCmdStatus
 |        |  |  |  | 
 |        |  |  |  +- FMSTR_FindAppCmdCallIndex
 |        |  |  |       
 |        |  |  +- FMSTR_StoreAppCmd   
 |        |  |  |  | 
 |        |  |  |  +- FMSTR_CopyFromBuffer
 |        |  |  |       
 |        |  |  +- FMSTR_GetRecBuff    
 |        |  |  |  | 
 |        |  |  |  +- FMSTR_AddressToBuffer
 |        |  |  |       
 |        |  |  +- FMSTR_StopRec       
 |        |  |  |  | 
 |        |  |  |  +- FMSTR_TriggerRec    
 |        |  |  |       
 |        |  |  +- FMSTR_StartRec      
 |        |  |  |    
 |        |  |  +- FMSTR_GetRecStatus  
 |        |  |  |    
 |        |  |  +- FMSTR_ReadScope     
 |        |  |  |  | 
 |        |  |  |  +- FMSTR_CopyToBuffer   (see above)
 |        |  |  |     
 |        |  |  +- FMSTR_WriteMemMask  
 |        |  |  |  | 
 |        |  |  |  +- FMSTR_AddressFromBuffer
 |        |  |  |  |    
 |        |  |  |  +- FMSTR_CopyFromBufferWithMask
 |        |  |  |       
 |        |  |  +- FMSTR_WriteMem      
 |        |  |  |  | 
 |        |  |  |  +- FMSTR_AddressFromBuffer (see above)
 |        |  |  |  |  
 |        |  |  |  +- FMSTR_CopyFromBuffer (see above)
 |        |  |  |     
 |        |  |  +- FMSTR_SetUpRec      
 |        |  |  |  | 
 |        |  |  |  +- FMSTR_AbortRec      
 |        |  |  |  |    
 |        |  |  |  +- FMSTR_AddressFromBuffer (see above)
 |        |  |  |  |  
 |        |  |  |  +- FMSTR_Compare32U    
 |        |  |  |  |    
 |        |  |  |  +- FMSTR_Compare32S    
 |        |  |  |  |    
 |        |  |  |  +- FMSTR_Compare16U    
 |        |  |  |  |    
 |        |  |  |  +- FMSTR_Compare16S    
 |        |  |  |  |    
 |        |  |  |  +- FMSTR_Compare8U     
 |        |  |  |  |    
 |        |  |  |  +- FMSTR_Compare8S     
 |        |  |  |  |    
 |        |  |  |  +- FMSTR_GetRecBuffSize (see above)
 |        |  |  |     
 |        |  |  +- FMSTR_SetUpScope    
 |        |  |  |  | 
 |        |  |  |  +- FMSTR_AddressFromBuffer (see above)
 |        |  |  |     
 |        |  |  +- FMSTR_ReadMem       
 |        |  |  |  | 
 |        |  |  |  +- FMSTR_AddressFromBuffer (see above)
 |        |  |  |  |  
 |        |  |  |  +- FMSTR_CopyToBuffer   (see above)
 |        |  |  |     
 |        |  |  +- FMSTR_SendResponse  
 |        |  |       
 |        |  +- FMSTR_SendError     
 |        |     | 
 |        |     +- FMSTR_SendResponse   (see above)
 |        |        
 |        +- FMSTR_Tx            
 |           | 
 |           +- FMSTR_Listen         (see above)
 |              
 +- _Startup            
    | 
    +- DoZeroOut           
    |    
    +- DoCopyDown          
    |    
    +- main                 (see above)
       
 _vectab             
 | 
 +- dummy               
 |    
 +- PMFreloadA_ISR      
 |  | 
 |  +- systick_1ms         
 |  |  | 
 |  |  +- SetFlag_1MS         
 |  |       
 |  +- GDFLIB_FilterMA_F16  (see above)
 |  |  
 |  +- GDFLIB_FilterMAInit_F16
 |  |    
 |  +- Meas_Get3PhCurrent  
 |  |  | 
 |  |  +- GetAdcRawValues      (see above)
 |  |     
 |  +- Meas_GetTemperature 
 |  |    
 |  +- Meas_GetTemp_NTC    
 |  |    
 |  +- Meas_GetUdcVoltage  
 |  |  | 
 |  |  +- GDFLIB_FilterIIR1_F16
 |  |       
 |  +- faultDetection      
 |  |    
 |  +- state_table          (see above)
 |  |  
 |  +- state_LED           
 |  |  | 
 |  |  +- stateLedOFF         
 |  |  |    
 |  |  +- stateLedFLASHING_FAST
 |  |  |    
 |  |  +- stateLedFLASHING_SLOW
 |  |  |    
 |  |  +- stateLedFLASHING_FASTER
 |  |  |    
 |  |  +- stateLedON          
 |  |       
 |  +- FMSTR_Recorder      
 |     | 
 |     +- FMSTR_Recorder2     
 |        | 
 |        +- FMSTR_TriggerRec     (see above)
 |        |  
 |        +- FMSTR_CopyMemory    
 |             
 +- ADC1done_ISR        
 |    
 +- ADC1error_ISR       
 |    
 +- ADC0done_ISR        
 |    
 +- ADC0error_ISR       
 |    
 +- SCI0_INT            
 |  | 
 |  +- lin_lld_sci_isr     
 |     | 
 |     +- lin_pid_response_callback_handler
 |     |  | 
 |     |  +- lin_handle_error    
 |     |  |  | 
 |     |  |  +- lin_get_frame_index 
 |     |  |  |    
 |     |  |  +- lin_update_err_signal
 |     |  |  |    
 |     |  |  +- lin_update_word_status_lin21
 |     |  |       
 |     |  +- lin_process_pid     
 |     |  |  | 
 |     |  |  +- lin_get_frame_index  (see above)
 |     |  |  |  
 |     |  |  +- lin_make_res_evnt_frame
 |     |  |  |  | 
 |     |  |  |  +- lin_process_uncd_frame
 |     |  |  |  |    
 |     |  |  |  +- lin_process_parity  
 |     |  |  |       
 |     |  |  +- lin_process_uncd_frame (see above)
 |     |  |  |  
 |     |  |  +- lin_make_res_diag_frame
 |     |  |  |  | 
 |     |  |  |  +- lin_tl_get_pdu      
 |     |  |  |     | 
 |     |  |  |     +- tl_get_raw          
 |     |  |  |          
 |     |  |  +- lin_lld_set_response
 |     |  |  |  | 
 |     |  |  |  +- lin_lld_sci_tx_response
 |     |  |  |     | 
 |     |  |  |     +- lin_checksum        
 |     |  |  |          
 |     |  |  +- lin_lld_rx_response 
 |     |  |  |  | 
 |     |  |  |  +- lin_lld_sci_rx_response
 |     |  |  |       
 |     |  |  +- lin_lld_ignore_response
 |     |  |     | 
 |     |  |     +- lin_lld_sci_ignore_response
 |     |  |        | 
 |     |  |        +- lin_goto_idle_state  (see above)
 |     |  |           
 |     |  +- lin_update_tx       
 |     |  |  | 
 |     |  |  +- lin_get_frame_index  (see above)
 |     |  |  |  
 |     |  |  +- lin_update_tx_flags 
 |     |  |  |    
 |     |  |  +- lin_update_err_signal (see above)
 |     |  |  |  
 |     |  |  +- lin_update_word_status_lin21 (see above)
 |     |  |     
 |     |  +- lin_update_rx       
 |     |  |  | 
 |     |  |  +- lin_update_rx_diag_frame
 |     |  |  |  | 
 |     |  |  |  +- lin_tl_handler      
 |     |  |  |  |  | 
 |     |  |  |  |  +- lin_process_pdu     
 |     |  |  |  |     | 
 |     |  |  |  |     +- tl_put_raw          
 |     |  |  |  |     |    
 |     |  |  |  |     +- lin_tl_attach_service
 |     |  |  |  |        | 
 |     |  |  |  |        +- lin_diagsrv_functional_service
 |     |  |  |  |        |  | 
 |     |  |  |  |        |  +- ld_receive_message  
 |     |  |  |  |        |     | 
 |     |  |  |  |        |     +- ld_get_raw          
 |     |  |  |  |        |        | 
 |     |  |  |  |        |        +- tl_get_raw           (see above)
 |     |  |  |  |        |           
 |     |  |  |  |        +- lin_condittional_change_nad
 |     |  |  |  |        |  | 
 |     |  |  |  |        |  +- lin_tl_make_slaveres_pdu
 |     |  |  |  |        |     | 
 |     |  |  |  |        |     +- ld_read_by_id_callout
 |     |  |  |  |        |          
 |     |  |  |  |        +- lin_diagservice_assign_frame_id_range
 |     |  |  |  |        |  | 
 |     |  |  |  |        |  +- ld_receive_message   (see above)
 |     |  |  |  |        |  |  
 |     |  |  |  |        |  +- lin_process_parity   (see above)
 |     |  |  |  |        |  |  
 |     |  |  |  |        |  +- lin_tl_make_slaveres_pdu (see above)
 |     |  |  |  |        |     
 |     |  |  |  |        +- lin_diagservice_read_by_identifier
 |     |  |  |  |        |  | 
 |     |  |  |  |        |  +- ld_receive_message   (see above)
 |     |  |  |  |        |  |  
 |     |  |  |  |        |  +- ld_read_by_id_callout (see above)
 |     |  |  |  |        |  |  
 |     |  |  |  |        |  +- lin_tl_make_slaveres_pdu (see above)
 |     |  |  |  |        |     
 |     |  |  |  |        +- lin_tl_make_slaveres_pdu (see above)
 |     |  |  |  |           
 |     |  |  |  +- lin_lld_set_low_power_mode
 |     |  |  |     | 
 |     |  |  |     +- lin_lld_sci_set_low_power_mode
 |     |  |  |          
 |     |  |  +- lin_process_uncd_frame (see above)
 |     |  |  |  
 |     |  |  +- lin_update_word_status_lin21 (see above)
 |     |  |     
 |     |  +- lin_bus_activity_timeout
 |     |     | 
 |     |     +- lin_update_word_status_lin21 (see above)
 |     |     |  
 |     |     +- lin_lld_set_low_power_mode (see above)
 |     |        
 |     +- lin_checksum         (see above)
 |     |  
 |     +- lin_goto_idle_state  (see above)
 |     |  
 |     +- lin_process_parity   (see above)
 |        
 +- TIM0overflow_ISR    
 |  | 
 |  +- TaskAnalysis_Overflow_INT
 |  |    
 |  +- PWM_overflow_INT    
 |       
 +- TIM0chan3_ISR       
 |  | 
 |  +- PWMDetection_INT    
 |     | 
 |     +- gettimercntr         (see above)
 |     |  
 |     +- settrriger_rise      (see above)
 |     |  
 |     +- settrriger_fall     
 |          
 +- TIMchan2_ISR        
 |  | 
 |  +- lin_lld_timer_isr   
 |     | 
 |     +- lin_lld_sci_timeout 
 |        | 
 |        +- lin_pid_response_callback_handler (see above)
 |        |  
 |        +- lin_goto_idle_state  (see above)
 |           
 +- _Startup             (see above)
    
*********************************************************************************************
STATISTIC SECTION
---------------------------------------------------------------------------------------------

ExeFile:
--------
Number of blocks to be downloaded: 5
Total size of all blocks to be downloaded: 27546

