Units and locations in library 'LIB_Datalog_v011_NXP.lib'
Unit name                 size     from       to
Common_c.obj              5280       87     5367
DTC_c.obj                 7632     5367    12999
DataLog_c.obj            13408    12999    26407
FlashOperation_c.obj     10224    26407    36631
InternalError_c.obj       5408    36631    42039
TimeBase_c.obj           11632    42039    53671
mylibrary_c.obj           1848    53671    55519

EXPORTED OBJECTS
DTC_Main                              F   (DTC_c.obj)
DTC_Main                              I   (DataLog_c.obj)
DataLog_Main                          F   (DataLog_c.obj)
InternalError_Main                    I   (DataLog_c.obj)
InternalError_Main                    F   (InternalError_c.obj)
NVM_ProgramPage                       I   (FlashOperation_c.obj)
NVM_ReadData                          I   (FlashOperation_c.obj)
TargetData                            I   (FlashOperation_c.obj)
TimeBase_Main                         I   (DataLog_c.obj)
TimeBase_Main                         F   (TimeBase_c.obj)
__clear                               I   (DataLog_c.obj)
calculatechecksum                     F   (FlashOperation_c.obj)
flashoperation                        I   (DataLog_c.obj)
flashoperation                        F   (FlashOperation_c.obj)
gDTCDataArr                           O   (DTC_c.obj)
gDTCDataArr                           I   (DataLog_c.obj)
gInternalDiagnosticFlags              I   (InternalError_c.obj)
gInternalDiagnosticRecordedFlags      O   (InternalError_c.obj)
gMotorControl                         I   (DTC_c.obj)
gMotorControl                         I   (DataLog_c.obj)
gProtectionFlags                      I   (DTC_c.obj)
get1pagedatafromflash                 F   (FlashOperation_c.obj)
get4bytesfromflash                    F   (FlashOperation_c.obj)
getdatafromflash                      I   (DataLog_c.obj)
getdatafromflash                      F   (FlashOperation_c.obj)
getdatafromflash                      I   (TimeBase_c.obj)
gucDTCRecordFlag                      O   (DTC_c.obj)
gucDTCRecordFlag                      I   (DataLog_c.obj)
gucDTCWriteIndex                      I   (DTC_c.obj)
gucDTCWriteIndex                      O   (TimeBase_c.obj)
gucDatalogOperationFlag               O   (DataLog_c.obj)
gucDebugEnable                        O   (Common_c.obj)
gucDebug_PINEnableStatus              O   (Common_c.obj)
gucInternalErrorCounter               I   (DataLog_c.obj)
gucInternalErrorCounter               O   (InternalError_c.obj)
gucInternalErrorRecordFlag            I   (DataLog_c.obj)
gucInternalErrorRecordFlag            O   (InternalError_c.obj)
gucLINEOLServiceReceivedFlag          I   (DataLog_c.obj)
gucSystemInformUpdatedFlag            I   (DataLog_c.obj)
gucSystemInformUpdatedFlag            O   (TimeBase_c.obj)
gucTimebaseWriteFlag                  I   (DataLog_c.obj)
gucTimebaseWriteFlag                  O   (TimeBase_c.obj)
guiActualSpeed                        I   (DataLog_c.obj)
guiActualSpeed                        I   (TimeBase_c.obj)
guiCurrent                            I   (DTC_c.obj)
guiDTCWriteAddress                    O   (DTC_c.obj)
guiDTCWriteAddress                    I   (DataLog_c.obj)
guiDebug_CurrentLimit                 O   (Common_c.obj)
guiDebug_CurrentLimitbyTemperature    O   (Common_c.obj)
guiDebug_CurrentLimitbyVoltage        O   (Common_c.obj)
guiDebug_ErrorOC                      O   (Common_c.obj)
guiDebug_ErrorVCP                     O   (Common_c.obj)
guiDebug_PowerLimit                   O   (Common_c.obj)
guiDebug_SpeedDeviationCntr           O   (Common_c.obj)
guiDebug_Temperature                  O   (Common_c.obj)
guiFailureModeCounter                 I   (DTC_c.obj)
guiFailureModeCounter                 I   (DataLog_c.obj)
guiFailureModeCounter                 O   (TimeBase_c.obj)
guiInformation_SWIdentifier           I   (DataLog_c.obj)
guiLibVersion_Datalog                 O   (DataLog_c.obj)
guiTemperature                        I   (DTC_c.obj)
guiVoltage                            I   (DTC_c.obj)
guiVoltage                            I   (DataLog_c.obj)
gulDCTLastErrorSecond                 I   (DTC_c.obj)
gulDCTLastErrorSecond                 O   (TimeBase_c.obj)
gulTimeSpeedRangeArr                  I   (DataLog_c.obj)
gulTimeSpeedRangeArr                  O   (TimeBase_c.obj)
gulTimebaseSecond                     I   (DTC_c.obj)
gulTimebaseSecond                     I   (DataLog_c.obj)
gulTimebaseSecond                     O   (TimeBase_c.obj)
onetimerunningflag                    O   (FlashOperation_c.obj)
startdtcrecording                     F   (DataLog_c.obj)
startinternalerrorrecording           F   (DataLog_c.obj)
startspeedstatusrecording             F   (DataLog_c.obj)
starttimebaserecording                F   (DataLog_c.obj)
uctempcounter                         O   (TimeBase_c.obj)
writeswid                             F   (DataLog_c.obj)
