Units and locations in library 'LIB_Datalog_v011_NXP.lib'
Unit name                size     from       to
Common_c.obj             5360       87     5447
DTC_c.obj                7696     5447    13143
DataLog_c.obj           13472    13143    26615
InternalError_c.obj      5472    26615    32087
TimeBase_c.obj          11696    32087    43783
mylibrary_c.obj          1880    43783    45663

EXPORTED OBJECTS
DTC_Main                              F   (DTC_c.obj)
DTC_Main                              I   (DataLog_c.obj)
DataLog_Main                          F   (DataLog_c.obj)
InternalError_Main                    I   (DataLog_c.obj)
InternalError_Main                    F   (InternalError_c.obj)
TimeBase_Main                         I   (DataLog_c.obj)
TimeBase_Main                         F   (TimeBase_c.obj)
__clear                               I   (DataLog_c.obj)
flashoperation_1                      I   (DataLog_c.obj)
gDTCDataArr                           O   (DTC_c.obj)
gDTCDataArr                           I   (DataLog_c.obj)
gInternalDiagnosticFlags              I   (InternalError_c.obj)
gInternalDiagnosticRecordedFlags      O   (InternalError_c.obj)
gMotorControl                         I   (DTC_c.obj)
gMotorControl                         I   (DataLog_c.obj)
gProtectionFlags                      I   (DTC_c.obj)
getdatafromflash_1                    I   (DataLog_c.obj)
getdatafromflash_1                    I   (TimeBase_c.obj)
gucDTCRecordFlag                      O   (DTC_c.obj)
gucDTCRecordFlag                      I   (DataLog_c.obj)
gucDTCWriteIndex                      I   (DTC_c.obj)
gucDTCWriteIndex                      O   (TimeBase_c.obj)
gucDatalogOperationFlag               O   (DataLog_c.obj)
gucDebugEnable                        O   (Common_c.obj)
gucDebug_PINEnableStatus              O   (Common_c.obj)
gucInternalErrorCounter               I   (DataLog_c.obj)
gucInternalErrorCounter               O   (InternalError_c.obj)
gucInternalErrorRecordFlag            I   (DataLog_c.obj)
gucInternalErrorRecordFlag            O   (InternalError_c.obj)
gucLINEOLServiceReceivedFlag          I   (DataLog_c.obj)
gucSystemInformUpdatedFlag            I   (DataLog_c.obj)
gucSystemInformUpdatedFlag            O   (TimeBase_c.obj)
gucTimebaseWriteFlag                  I   (DataLog_c.obj)
gucTimebaseWriteFlag                  O   (TimeBase_c.obj)
guiActualSpeed                        I   (DataLog_c.obj)
guiActualSpeed                        I   (TimeBase_c.obj)
guiCurrent                            I   (DTC_c.obj)
guiDTCWriteAddress                    O   (DTC_c.obj)
guiDTCWriteAddress                    I   (DataLog_c.obj)
guiDebug_CurrentLimit                 O   (Common_c.obj)
guiDebug_CurrentLimitbyTemperature    O   (Common_c.obj)
guiDebug_CurrentLimitbyVoltage        O   (Common_c.obj)
guiDebug_ErrorOC                      O   (Common_c.obj)
guiDebug_ErrorVCP                     O   (Common_c.obj)
guiDebug_PowerLimit                   O   (Common_c.obj)
guiDebug_SpeedDeviationCntr           O   (Common_c.obj)
guiDebug_Temperature                  O   (Common_c.obj)
guiFailureModeCounter                 I   (DTC_c.obj)
guiFailureModeCounter                 I   (DataLog_c.obj)
guiFailureModeCounter                 O   (TimeBase_c.obj)
guiInformation_SWIdentifier           I   (DataLog_c.obj)
guiLibVersion_Datalog                 O   (DataLog_c.obj)
guiTemperature                        I   (DTC_c.obj)
guiVoltage                            I   (DTC_c.obj)
guiVoltage                            I   (DataLog_c.obj)
gulDCTLastErrorSecond                 I   (DTC_c.obj)
gulDCTLastErrorSecond                 O   (TimeBase_c.obj)
gulTimeSpeedRangeArr                  I   (DataLog_c.obj)
gulTimeSpeedRangeArr                  O   (TimeBase_c.obj)
gulTimebaseSecond                     I   (DTC_c.obj)
gulTimebaseSecond                     I   (DataLog_c.obj)
gulTimebaseSecond                     O   (TimeBase_c.obj)
startdtcrecording                     F   (DataLog_c.obj)
startinternalerrorrecording           F   (DataLog_c.obj)
startspeedstatusrecording             F   (DataLog_c.obj)
starttimebaserecording                F   (DataLog_c.obj)
uctempcounter                         O   (TimeBase_c.obj)
writeswid                             F   (DataLog_c.obj)
