*** EVALUATION ***
PROGRAM "S12ZVMxHCEVB_SW_CW11.elf"

*********************************************************************************************
TARGET SECTION
---------------------------------------------------------------------------------------------
Processor   : Freescale S12Z
Memory Model: SMALL
File Format : ELF\DWARF 2.0
Linker      : SmartLinker V-5.0.54 Build 18298, Oct 26 2018

*********************************************************************************************
FILE SECTION
---------------------------------------------------------------------------------------------
actuate_s12zvm_c.obj                    Model: SMALL,         Lang: ANSI-C,        Compiler Version: C/C++ Compiler for S12/L-ISA v-5.0.45 build 18298
meas_s12zvm_c.obj                       Model: SMALL,         Lang: ANSI-C,        Compiler Version: C/C++ Compiler for S12/L-ISA v-5.0.45 build 18298
pwm_control_c.obj                       Model: SMALL,         Lang: ANSI-C,        Compiler Version: C/C++ Compiler for S12/L-ISA v-5.0.45 build 18298
state_machine_c.obj                     Model: SMALL,         Lang: ANSI-C,        Compiler Version: C/C++ Compiler for S12/L-ISA v-5.0.45 build 18298
vector_c.obj                            Model: SMALL,         Lang: ANSI-C,        Compiler Version: C/C++ Compiler for S12/L-ISA v-5.0.45 build 18298
adc_c.obj                               Model: SMALL,         Lang: ANSI-C,        Compiler Version: C/C++ Compiler for S12/L-ISA v-5.0.45 build 18298
cpmu_c.obj                              Model: SMALL,         Lang: ANSI-C,        Compiler Version: C/C++ Compiler for S12/L-ISA v-5.0.45 build 18298
gdu_c.obj                               Model: SMALL,         Lang: ANSI-C,        Compiler Version: C/C++ Compiler for S12/L-ISA v-5.0.45 build 18298
pim_c.obj                               Model: SMALL,         Lang: ANSI-C,        Compiler Version: C/C++ Compiler for S12/L-ISA v-5.0.45 build 18298
pmf_c.obj                               Model: SMALL,         Lang: ANSI-C,        Compiler Version: C/C++ Compiler for S12/L-ISA v-5.0.45 build 18298
ptu_c.obj                               Model: SMALL,         Lang: ANSI-C,        Compiler Version: C/C++ Compiler for S12/L-ISA v-5.0.45 build 18298
sci_c.obj                               Model: SMALL,         Lang: ANSI-C,        Compiler Version: C/C++ Compiler for S12/L-ISA v-5.0.45 build 18298
tim_c.obj                               Model: SMALL,         Lang: ANSI-C,        Compiler Version: C/C++ Compiler for S12/L-ISA v-5.0.45 build 18298
freemaster_appcmd_c.obj                 Model: SMALL,         Lang: ANSI-C,        Compiler Version: C/C++ Compiler for S12/L-ISA v-5.0.45 build 18298
freemaster_protocol_c.obj               Model: SMALL,         Lang: ANSI-C,        Compiler Version: C/C++ Compiler for S12/L-ISA v-5.0.45 build 18298
freemaster_rec_c.obj                    Model: SMALL,         Lang: ANSI-C,        Compiler Version: C/C++ Compiler for S12/L-ISA v-5.0.45 build 18298
freemaster_scope_c.obj                  Model: SMALL,         Lang: ANSI-C,        Compiler Version: C/C++ Compiler for S12/L-ISA v-5.0.45 build 18298
freemaster_serial_c.obj                 Model: SMALL,         Lang: ANSI-C,        Compiler Version: C/C++ Compiler for S12/L-ISA v-5.0.45 build 18298
freemaster_HC12_c.obj                   Model: SMALL,         Lang: ANSI-C,        Compiler Version: C/C++ Compiler for S12/L-ISA v-5.0.45 build 18298
MC9S12ZVML128_PMSM_c.obj                Model: SMALL,         Lang: ANSI-C,        Compiler Version: C/C++ Compiler for S12/L-ISA v-5.0.45 build 18298
motorinter_c.obj                        Model: SMALL,         Lang: ANSI-C,        Compiler Version: C/C++ Compiler for S12/L-ISA v-5.0.45 build 18298
lin_cfg_c.obj                           Model: SMALL,         Lang: ANSI-C,        Compiler Version: C/C++ Compiler for S12/L-ISA v-5.0.45 build 18298
starts12z_c.obj                         Model: SMALL,         Lang: ANSI-C,        Compiler Version: C/C++ Compiler for S12/L-ISA v-5.0.45 build 18298
mc9s12zvml128_c.obj                     Model: SMALL,         Lang: ANSI-C,        Compiler Version: C/C++ Compiler for S12/L-ISA v-5.0.45 build 18298
lin_commontl_proto_c.obj                Model: SMALL,         Lang: ANSI-C,        Compiler Version: C/C++ Compiler for S12/L-ISA v-5.0.45 build 18298
lin_c.obj                               Model: SMALL,         Lang: ANSI-C,        Compiler Version: C/C++ Compiler for S12/L-ISA v-5.0.45 build 18298
lin_diagnostic_service_c.obj            Model: SMALL,         Lang: ANSI-C,        Compiler Version: C/C++ Compiler for S12/L-ISA v-5.0.45 build 18298
lin_common_api_c.obj                    Model: SMALL,         Lang: ANSI-C,        Compiler Version: C/C++ Compiler for S12/L-ISA v-5.0.45 build 18298
lin_common_proto_c.obj                  Model: SMALL,         Lang: ANSI-C,        Compiler Version: C/C++ Compiler for S12/L-ISA v-5.0.45 build 18298
lin_lin21_proto_c.obj                   Model: SMALL,         Lang: ANSI-C,        Compiler Version: C/C++ Compiler for S12/L-ISA v-5.0.45 build 18298
lin_isr_c.obj                           Model: SMALL,         Lang: ANSI-C,        Compiler Version: C/C++ Compiler for S12/L-ISA v-5.0.45 build 18298
lin_lld_sci_c.obj                       Model: SMALL,         Lang: ANSI-C,        Compiler Version: C/C++ Compiler for S12/L-ISA v-5.0.45 build 18298
lin_lld_timesrv_c.obj                   Model: SMALL,         Lang: ANSI-C,        Compiler Version: C/C++ Compiler for S12/L-ISA v-5.0.45 build 18298
AMCLIB_BemfObsrvDQ_cUCSMALL.o (MC9S12ZVM_AMMCLIB.UC.a)Model: SMALL,         Lang: ANSI-C,        Compiler Version: C/C++ Compiler for S12/L-ISA v-5.0.47 build 19351
AMCLIB_CurrentLoop_cUCSMALL.o (MC9S12ZVM_AMMCLIB.UC.a)Model: SMALL,         Lang: ANSI-C,        Compiler Version: C/C++ Compiler for S12/L-ISA v-5.0.47 build 19351
AMCLIB_SpeedLoop_cUCSMALL.o (MC9S12ZVM_AMMCLIB.UC.a)Model: SMALL,         Lang: ANSI-C,        Compiler Version: C/C++ Compiler for S12/L-ISA v-5.0.47 build 19351
AMCLIB_TrackObsrv_cUCSMALL.o (MC9S12ZVM_AMMCLIB.UC.a)Model: SMALL,         Lang: ANSI-C,        Compiler Version: C/C++ Compiler for S12/L-ISA v-5.0.47 build 19351
GDFLIB_FilterIIR1_cUCSMALL.o (MC9S12ZVM_AMMCLIB.UC.a)Model: SMALL,         Lang: ANSI-C,        Compiler Version: C/C++ Compiler for S12/L-ISA v-5.0.47 build 19351
GDFLIB_FilterMA_cUCSMALL.o (MC9S12ZVM_AMMCLIB.UC.a)Model: SMALL,         Lang: ANSI-C,        Compiler Version: C/C++ Compiler for S12/L-ISA v-5.0.47 build 19351
GFLIB_Atan_cUCSMALL.o (MC9S12ZVM_AMMCLIB.UC.a)Model: SMALL,         Lang: ANSI-C,        Compiler Version: C/C++ Compiler for S12/L-ISA v-5.0.47 build 19351
GFLIB_ControllerPIpAW_cUCSMALL.o (MC9S12ZVM_AMMCLIB.UC.a)Model: SMALL,         Lang: ANSI-C,        Compiler Version: C/C++ Compiler for S12/L-ISA v-5.0.47 build 19351
GFLIB_ControllerPIrAW_cUCSMALL.o (MC9S12ZVM_AMMCLIB.UC.a)Model: SMALL,         Lang: ANSI-C,        Compiler Version: C/C++ Compiler for S12/L-ISA v-5.0.47 build 19351
GFLIB_Cos_cUCSMALL.o (MC9S12ZVM_AMMCLIB.UC.a)Model: SMALL,         Lang: ANSI-C,        Compiler Version: C/C++ Compiler for S12/L-ISA v-5.0.47 build 19351
GFLIB_IntegratorTR_cUCSMALL.o (MC9S12ZVM_AMMCLIB.UC.a)Model: SMALL,         Lang: ANSI-C,        Compiler Version: C/C++ Compiler for S12/L-ISA v-5.0.47 build 19351
GFLIB_Limit_cUCSMALL.o (MC9S12ZVM_AMMCLIB.UC.a)Model: SMALL,         Lang: ANSI-C,        Compiler Version: C/C++ Compiler for S12/L-ISA v-5.0.47 build 19351
GFLIB_SinCos_cUCSMALL.o (MC9S12ZVM_AMMCLIB.UC.a)Model: SMALL,         Lang: ANSI-C,        Compiler Version: C/C++ Compiler for S12/L-ISA v-5.0.47 build 19351
GFLIB_Sin_cUCSMALL.o (MC9S12ZVM_AMMCLIB.UC.a)Model: SMALL,         Lang: ANSI-C,        Compiler Version: C/C++ Compiler for S12/L-ISA v-5.0.47 build 19351
GFLIB_Sqrt_cUCSMALL.o (MC9S12ZVM_AMMCLIB.UC.a)Model: SMALL,         Lang: ANSI-C,        Compiler Version: C/C++ Compiler for S12/L-ISA v-5.0.47 build 19351
GMCLIB_Clark_cUCSMALL.o (MC9S12ZVM_AMMCLIB.UC.a)Model: SMALL,         Lang: ANSI-C,        Compiler Version: C/C++ Compiler for S12/L-ISA v-5.0.47 build 19351
GMCLIB_DecouplingPMSM_cUCSMALL.o (MC9S12ZVM_AMMCLIB.UC.a)Model: SMALL,         Lang: ANSI-C,        Compiler Version: C/C++ Compiler for S12/L-ISA v-5.0.47 build 19351
GMCLIB_ElimDcBusRip_cUCSMALL.o (MC9S12ZVM_AMMCLIB.UC.a)Model: SMALL,         Lang: ANSI-C,        Compiler Version: C/C++ Compiler for S12/L-ISA v-5.0.47 build 19351
GMCLIB_ParkInv_cUCSMALL.o (MC9S12ZVM_AMMCLIB.UC.a)Model: SMALL,         Lang: ANSI-C,        Compiler Version: C/C++ Compiler for S12/L-ISA v-5.0.47 build 19351
GMCLIB_Park_cUCSMALL.o (MC9S12ZVM_AMMCLIB.UC.a)Model: SMALL,         Lang: ANSI-C,        Compiler Version: C/C++ Compiler for S12/L-ISA v-5.0.47 build 19351
GMCLIB_SvmStd_cUCSMALL.o (MC9S12ZVM_AMMCLIB.UC.a)Model: SMALL,         Lang: ANSI-C,        Compiler Version: C/C++ Compiler for S12/L-ISA v-5.0.47 build 19351

*********************************************************************************************
STARTUP SECTION
---------------------------------------------------------------------------------------------
Entry point: 0xFF802E (_Startup)
_startupData is allocated at 0xFF803E and uses 20 Bytes
extern struct _tagStartup {
  unsigned nofZeroOut     1
  _Range   pZeroOut       0x1500     2543
  _Copy    *toCopyDownBeg 0xFFBB07
  int      nofInitBodies  0
  _Cpp     *initBodies    0xFF8059
  int      nofFiniBodies  0
  _Cpp     *finiBodies    0xFF8059
} _startupData;

*********************************************************************************************
SECTION-ALLOCATION SECTION
Section Name                    Size  Type     From       To       Segment
---------------------------------------------------------------------------------------------
.init                             62     R   0xFF8000   0xFF803D   ROM
.startData                        27     R   0xFF803E   0xFF8058   ROM
.rodata                          168     R   0xFF805C   0xFF8103   ROM
.text                          14851     R   0xFF8104   0xFFBB06   ROM
.copy                            525     R   0xFFBB07   0xFFBD13   ROM
.stack                          1280   R/W     0x1000     0x14FF   RAM
ptuTrigE                          40   R/W     0x1500     0x1527   RAM
adcLists                         128   R/W     0x1528     0x15A7   RAM
.data                            402   R/W     0x15A8     0x1739   RAM
vector                           496     R   0xFFFE10   0xFFFFFF   OSVECTORS
.__absdata_ADC1RBP__               3   N/I      0x661      0x663   .absSeg0
.__absdata_ADC1CBP__               3   N/I      0x65D      0x65F   .absSeg1
.__absdata_ADC0RBP__               3   N/I      0x621      0x623   .absSeg2
.__absdata_ADC0CBP__               3   N/I      0x61D      0x61F   .absSeg3
.__absdata_PTUPTR__                3   N/I      0x591      0x593   .absSeg4
.__absdata_ECCDPTR__               3   N/I      0x3C7      0x3C9   .absSeg5
.__absdata_DBGDA__                 3   N/I      0x145      0x147   .absSeg6
.__absdata_DBGCA__                 3   N/I      0x135      0x137   .absSeg7
.__absdata_DBGBA__                 3   N/I      0x125      0x127   .absSeg8
.__absdata_DBGAA__                 3   N/I      0x115      0x117   .absSeg9
.__absdata_MMCPC__                 3   N/I       0x85       0x87   .absSeg10
.__absdata__ADC1CMD__              4   N/I      0x654      0x657   .absSeg11
.__absdata__ADC0CMD__              4   N/I      0x614      0x617   .absSeg12
.__absdata__PARTID__               4   N/I        0x0        0x3   .absSeg13
.__absdata__CAN0TXTSR__            2   N/I      0x83E      0x83F   .absSeg14
.__absdata__CAN0RXTSR__            2   N/I      0x82E      0x82F   .absSeg15
.__absdata__SPI0DR__               2   N/I      0x784      0x785   .absSeg16
.__absdata__SCI1BD__               2   N/I      0x710      0x711   .absSeg17
.__absdata__SCI0BD__               2   N/I      0x700      0x701   .absSeg18
.__absdata__CPMUIRCTRIM__          2   N/I      0x6D8      0x6D9   .absSeg19
.__absdata__CPMUAPIR__             2   N/I      0x6D4      0x6D5   .absSeg20
.__absdata__ADC1IMDRI__            2   N/I      0x64E      0x64F   .absSeg21
.__absdata__ADC1CONIF__            2   N/I      0x64C      0x64D   .absSeg22
.__absdata__ADC1CONIE__            2   N/I      0x64A      0x64B   .absSeg23
.__absdata__ADC1CTL__              2   N/I      0x640      0x641   .absSeg24
.__absdata__ADC0IMDRI__            2   N/I      0x60E      0x60F   .absSeg25
.__absdata__ADC0CONIF__            2   N/I      0x60C      0x60D   .absSeg26
.__absdata__ADC0CONIE__            2   N/I      0x60A      0x60B   .absSeg27
.__absdata__ADC0CTL__              2   N/I      0x600      0x601   .absSeg28
.__absdata__TIM0TC3__              2   N/I      0x5D6      0x5D7   .absSeg29
.__absdata__TIM0TC2__              2   N/I      0x5D4      0x5D5   .absSeg30
.__absdata__TIM0TC1__              2   N/I      0x5D2      0x5D3   .absSeg31
.__absdata__TIM0TC0__              2   N/I      0x5D0      0x5D1   .absSeg32
.__absdata__TIM0TCNT__             2   N/I      0x5C4      0x5C5   .absSeg33
.__absdata__PMFDTMC__              2   N/I      0x536      0x537   .absSeg34
.__absdata__PMFMODC__              2   N/I      0x534      0x535   .absSeg35
.__absdata__PMFCNTC__              2   N/I      0x532      0x533   .absSeg36
.__absdata__PMFDTMB__              2   N/I      0x52E      0x52F   .absSeg37
.__absdata__PMFMODB__              2   N/I      0x52C      0x52D   .absSeg38
.__absdata__PMFCNTB__              2   N/I      0x52A      0x52B   .absSeg39
.__absdata__PMFDTMA__              2   N/I      0x526      0x527   .absSeg40
.__absdata__PMFMODA__              2   N/I      0x524      0x525   .absSeg41
.__absdata__PMFCNTA__              2   N/I      0x522      0x523   .absSeg42
.__absdata__PMFVAL5__              2   N/I      0x51A      0x51B   .absSeg43
.__absdata__PMFVAL4__              2   N/I      0x518      0x519   .absSeg44
.__absdata__PMFVAL3__              2   N/I      0x516      0x517   .absSeg45
.__absdata__PMFVAL2__              2   N/I      0x514      0x515   .absSeg46
.__absdata__PMFVAL1__              2   N/I      0x512      0x513   .absSeg47
.__absdata__PMFVAL0__              2   N/I      0x510      0x511   .absSeg48
.__absdata__ECCDD__                2   N/I      0x3CC      0x3CD   .absSeg49
.__absdata__FCCOB5__               2   N/I      0x396      0x397   .absSeg50
.__absdata__FCCOB4__               2   N/I      0x394      0x395   .absSeg51
.__absdata__FCCOB3__               2   N/I      0x392      0x393   .absSeg52
.__absdata__FCCOB2__               2   N/I      0x390      0x391   .absSeg53
.__absdata__FCCOB1__               2   N/I      0x38E      0x38F   .absSeg54
.__absdata__FCCOB0__               2   N/I      0x38C      0x38D   .absSeg55
.__absdata__DIENAD__               2   N/I      0x298      0x299   .absSeg56
.__absdata__PIFAD__                2   N/I      0x28E      0x28F   .absSeg57
.__absdata__PIEAD__                2   N/I      0x28C      0x28D   .absSeg58
.__absdata__PPSAD__                2   N/I      0x288      0x289   .absSeg59
.__absdata__PERAD__                2   N/I      0x286      0x287   .absSeg60
.__absdata__DDRAD__                2   N/I      0x284      0x285   .absSeg61
.__absdata__PTIAD__                2   N/I      0x282      0x283   .absSeg62
.__absdata__PTAD__                 2   N/I      0x280      0x281   .absSeg63
.__absdata__DBGTB__                2   N/I      0x104      0x105   .absSeg64
.__absdata__MMCCCR__               2   N/I       0x82       0x83   .absSeg65
.__absdata__MMCEC__                2   N/I       0x80       0x81   .absSeg66
.__absdata__IVBR__                 2   N/I       0x10       0x11   .absSeg67
.__absdata__LP0IF__                1   N/I      0x987      0x987   .absSeg68
.__absdata__LP0IE__                1   N/I      0x986      0x986   .absSeg69
.__absdata__LP0SR__                1   N/I      0x985      0x985   .absSeg70
.__absdata__LP0SLRM__              1   N/I      0x983      0x983   .absSeg71
.__absdata__LP0CR__                1   N/I      0x981      0x981   .absSeg72
.__absdata__LP0DR__                1   N/I      0x980      0x980   .absSeg73
.__absdata__CAN0TXTBPR__           1   N/I      0x83D      0x83D   .absSeg74
.__absdata__CAN0TXDLR__            1   N/I      0x83C      0x83C   .absSeg75
.__absdata__CAN0TXDSR7__           1   N/I      0x83B      0x83B   .absSeg76
.__absdata__CAN0TXDSR6__           1   N/I      0x83A      0x83A   .absSeg77
.__absdata__CAN0TXDSR5__           1   N/I      0x839      0x839   .absSeg78
.__absdata__CAN0TXDSR4__           1   N/I      0x838      0x838   .absSeg79
.__absdata__CAN0TXDSR3__           1   N/I      0x837      0x837   .absSeg80
.__absdata__CAN0TXDSR2__           1   N/I      0x836      0x836   .absSeg81
.__absdata__CAN0TXDSR1__           1   N/I      0x835      0x835   .absSeg82
.__absdata__CAN0TXDSR0__           1   N/I      0x834      0x834   .absSeg83
.__absdata__CAN0TXIDR3__           1   N/I      0x833      0x833   .absSeg84
.__absdata__CAN0TXIDR2__           1   N/I      0x832      0x832   .absSeg85
.__absdata__CAN0TXIDR1__           1   N/I      0x831      0x831   .absSeg86
.__absdata__CAN0TXIDR0__           1   N/I      0x830      0x830   .absSeg87
.__absdata__CAN0RXDLR__            1   N/I      0x82C      0x82C   .absSeg88
.__absdata__CAN0RXDSR7__           1   N/I      0x82B      0x82B   .absSeg89
.__absdata__CAN0RXDSR6__           1   N/I      0x82A      0x82A   .absSeg90
.__absdata__CAN0RXDSR5__           1   N/I      0x829      0x829   .absSeg91
.__absdata__CAN0RXDSR4__           1   N/I      0x828      0x828   .absSeg92
.__absdata__CAN0RXDSR3__           1   N/I      0x827      0x827   .absSeg93
.__absdata__CAN0RXDSR2__           1   N/I      0x826      0x826   .absSeg94
.__absdata__CAN0RXDSR1__           1   N/I      0x825      0x825   .absSeg95
.__absdata__CAN0RXDSR0__           1   N/I      0x824      0x824   .absSeg96
.__absdata__CAN0RXIDR3__           1   N/I      0x823      0x823   .absSeg97
.__absdata__CAN0RXIDR2__           1   N/I      0x822      0x822   .absSeg98
.__absdata__CAN0RXIDR1__           1   N/I      0x821      0x821   .absSeg99
.__absdata__CAN0RXIDR0__           1   N/I      0x820      0x820   .absSeg100
.__absdata__CAN0IDMR7__            1   N/I      0x81F      0x81F   .absSeg101
.__absdata__CAN0IDMR6__            1   N/I      0x81E      0x81E   .absSeg102
.__absdata__CAN0IDMR5__            1   N/I      0x81D      0x81D   .absSeg103
.__absdata__CAN0IDMR4__            1   N/I      0x81C      0x81C   .absSeg104
.__absdata__CAN0IDAR7__            1   N/I      0x81B      0x81B   .absSeg105
.__absdata__CAN0IDAR6__            1   N/I      0x81A      0x81A   .absSeg106
.__absdata__CAN0IDAR5__            1   N/I      0x819      0x819   .absSeg107
.__absdata__CAN0IDAR4__            1   N/I      0x818      0x818   .absSeg108
.__absdata__CAN0IDMR3__            1   N/I      0x817      0x817   .absSeg109
.__absdata__CAN0IDMR2__            1   N/I      0x816      0x816   .absSeg110
.__absdata__CAN0IDMR1__            1   N/I      0x815      0x815   .absSeg111
.__absdata__CAN0IDMR0__            1   N/I      0x814      0x814   .absSeg112
.__absdata__CAN0IDAR3__            1   N/I      0x813      0x813   .absSeg113
.__absdata__CAN0IDAR2__            1   N/I      0x812      0x812   .absSeg114
.__absdata__CAN0IDAR1__            1   N/I      0x811      0x811   .absSeg115
.__absdata__CAN0IDAR0__            1   N/I      0x810      0x810   .absSeg116
.__absdata__CAN0TXERR__            1   N/I      0x80F      0x80F   .absSeg117
.__absdata__CAN0RXERR__            1   N/I      0x80E      0x80E   .absSeg118
.__absdata__CAN0MISC__             1   N/I      0x80D      0x80D   .absSeg119
.__absdata__CAN0IDAC__             1   N/I      0x80B      0x80B   .absSeg120
.__absdata__CAN0TBSEL__            1   N/I      0x80A      0x80A   .absSeg121
.__absdata__CAN0TAAK__             1   N/I      0x809      0x809   .absSeg122
.__absdata__CAN0TARQ__             1   N/I      0x808      0x808   .absSeg123
.__absdata__CAN0TIER__             1   N/I      0x807      0x807   .absSeg124
.__absdata__CAN0TFLG__             1   N/I      0x806      0x806   .absSeg125
.__absdata__CAN0RIER__             1   N/I      0x805      0x805   .absSeg126
.__absdata__CAN0RFLG__             1   N/I      0x804      0x804   .absSeg127
.__absdata__CAN0BTR1__             1   N/I      0x803      0x803   .absSeg128
.__absdata__CAN0BTR0__             1   N/I      0x802      0x802   .absSeg129
.__absdata__CAN0CTL1__             1   N/I      0x801      0x801   .absSeg130
.__absdata__CAN0CTL0__             1   N/I      0x800      0x800   .absSeg131
.__absdata__SPI0SR__               1   N/I      0x783      0x783   .absSeg132
.__absdata__SPI0BR__               1   N/I      0x782      0x782   .absSeg133
.__absdata__SPI0CR2__              1   N/I      0x781      0x781   .absSeg134
.__absdata__SPI0CR1__              1   N/I      0x780      0x780   .absSeg135
.__absdata__SCI1DRL__              1   N/I      0x717      0x717   .absSeg136
.__absdata__SCI1DRH__              1   N/I      0x716      0x716   .absSeg137
.__absdata__SCI1SR2__              1   N/I      0x715      0x715   .absSeg138
.__absdata__SCI1SR1__              1   N/I      0x714      0x714   .absSeg139
.__absdata__SCI1CR2__              1   N/I      0x713      0x713   .absSeg140
.__absdata__SCI1ACR2__             1   N/I      0x712      0x712   .absSeg141
.__absdata__SCI0DRL__              1   N/I      0x707      0x707   .absSeg142
.__absdata__SCI0DRH__              1   N/I      0x706      0x706   .absSeg143
.__absdata__SCI0SR2__              1   N/I      0x705      0x705   .absSeg144
.__absdata__SCI0SR1__              1   N/I      0x704      0x704   .absSeg145
.__absdata__SCI0CR2__              1   N/I      0x703      0x703   .absSeg146
.__absdata__SCI0ACR2__             1   N/I      0x702      0x702   .absSeg147
.__absdata__BATIF__                1   N/I      0x6F3      0x6F3   .absSeg148
.__absdata__BATIE__                1   N/I      0x6F2      0x6F2   .absSeg149
.__absdata__BATSR__                1   N/I      0x6F1      0x6F1   .absSeg150
.__absdata__BATE__                 1   N/I      0x6F0      0x6F0   .absSeg151
.__absdata__CPMUOSC2__             1   N/I      0x6DE      0x6DE   .absSeg152
.__absdata__CPMUVREGCTL__          1   N/I      0x6DD      0x6DD   .absSeg153
.__absdata__CPMUPROT__             1   N/I      0x6DB      0x6DB   .absSeg154
.__absdata__CPMUOSC__              1   N/I      0x6DA      0x6DA   .absSeg155
.__absdata__CPMUHTTR__             1   N/I      0x6D7      0x6D7   .absSeg156
.__absdata__CPMUACLKTR__           1   N/I      0x6D3      0x6D3   .absSeg157
.__absdata__CPMUAPICTL__           1   N/I      0x6D2      0x6D2   .absSeg158
.__absdata__CPMULVCTL__            1   N/I      0x6D1      0x6D1   .absSeg159
.__absdata__CPMUHTCTL__            1   N/I      0x6D0      0x6D0   .absSeg160
.__absdata__CPMUARMCOP__           1   N/I      0x6CF      0x6CF   .absSeg161
.__absdata__CPMUCOP__              1   N/I      0x6CC      0x6CC   .absSeg162
.__absdata__CPMURTI__              1   N/I      0x6CB      0x6CB   .absSeg163
.__absdata__CPMUPLL__              1   N/I      0x6CA      0x6CA   .absSeg164
.__absdata__CPMUCLKS__             1   N/I      0x6C9      0x6C9   .absSeg165
.__absdata__CPMUINT__              1   N/I      0x6C8      0x6C8   .absSeg166
.__absdata__CPMUIFLG__             1   N/I      0x6C7      0x6C7   .absSeg167
.__absdata__CPMUPOSTDIV__          1   N/I      0x6C6      0x6C6   .absSeg168
.__absdata__CPMUREFDIV__           1   N/I      0x6C5      0x6C5   .absSeg169
.__absdata__CPMUSYNR__             1   N/I      0x6C4      0x6C4   .absSeg170
.__absdata__CPMURFLG__             1   N/I      0x6C3      0x6C3   .absSeg171
.__absdata__GDUOC1__               1   N/I      0x6AF      0x6AF   .absSeg172
.__absdata__GDUOC0__               1   N/I      0x6AE      0x6AE   .absSeg173
.__absdata__GDUCLK2__              1   N/I      0x6AD      0x6AD   .absSeg174
.__absdata__GDUPHL__               1   N/I      0x6AC      0x6AC   .absSeg175
.__absdata__GDUDSLVL__             1   N/I      0x6AB      0x6AB   .absSeg176
.__absdata__GDUCSO__               1   N/I      0x6AA      0x6AA   .absSeg177
.__absdata__GDUPHMUX__             1   N/I      0x6A9      0x6A9   .absSeg178
.__absdata__GDUBCL__               1   N/I      0x6A8      0x6A8   .absSeg179
.__absdata__GDUCLK1__              1   N/I      0x6A7      0x6A7   .absSeg180
.__absdata__GDUF__                 1   N/I      0x6A6      0x6A6   .absSeg181
.__absdata__GDUSRC__               1   N/I      0x6A5      0x6A5   .absSeg182
.__absdata__GDUSTAT__              1   N/I      0x6A4      0x6A4   .absSeg183
.__absdata__GDUDSE__               1   N/I      0x6A3      0x6A3   .absSeg184
.__absdata__GDUIE__                1   N/I      0x6A2      0x6A2   .absSeg185
.__absdata__GDUCTR__               1   N/I      0x6A1      0x6A1   .absSeg186
.__absdata__GDUE__                 1   N/I      0x6A0      0x6A0   .absSeg187
.__absdata__ADC1CROFF1__           1   N/I      0x665      0x665   .absSeg188
.__absdata__ADC1CROFF0__           1   N/I      0x664      0x664   .absSeg189
.__absdata__ADC1RBP_2__            1   N/I      0x663      0x663   .absSeg190
.__absdata__ADC1RBP_1__            1   N/I      0x662      0x662   .absSeg191
.__absdata__ADC1RBP_0__            1   N/I      0x661      0x661   .absSeg192
.__absdata__ADC1RIDX__             1   N/I      0x660      0x660   .absSeg193
.__absdata__ADC1CBP_2__            1   N/I      0x65F      0x65F   .absSeg194
.__absdata__ADC1CBP_1__            1   N/I      0x65E      0x65E   .absSeg195
.__absdata__ADC1CBP_0__            1   N/I      0x65D      0x65D   .absSeg196
.__absdata__ADC1CIDX__             1   N/I      0x65C      0x65C   .absSeg197
.__absdata__ADC1EOLRI__            1   N/I      0x650      0x650   .absSeg198
.__absdata__ADC1IF__               1   N/I      0x649      0x649   .absSeg199
.__absdata__ADC1EIF__              1   N/I      0x648      0x648   .absSeg200
.__absdata__ADC1IE__               1   N/I      0x647      0x647   .absSeg201
.__absdata__ADC1EIE__              1   N/I      0x646      0x646   .absSeg202
.__absdata__ADC1FLWCTL__           1   N/I      0x645      0x645   .absSeg203
.__absdata__ADC1FMT__              1   N/I      0x644      0x644   .absSeg204
.__absdata__ADC1TIM__              1   N/I      0x643      0x643   .absSeg205
.__absdata__ADC1STS__              1   N/I      0x642      0x642   .absSeg206
.__absdata__ADC0CROFF1__           1   N/I      0x625      0x625   .absSeg207
.__absdata__ADC0CROFF0__           1   N/I      0x624      0x624   .absSeg208
.__absdata__ADC0RBP_2__            1   N/I      0x623      0x623   .absSeg209
.__absdata__ADC0RBP_1__            1   N/I      0x622      0x622   .absSeg210
.__absdata__ADC0RBP_0__            1   N/I      0x621      0x621   .absSeg211
.__absdata__ADC0RIDX__             1   N/I      0x620      0x620   .absSeg212
.__absdata__ADC0CBP_2__            1   N/I      0x61F      0x61F   .absSeg213
.__absdata__ADC0CBP_1__            1   N/I      0x61E      0x61E   .absSeg214
.__absdata__ADC0CBP_0__            1   N/I      0x61D      0x61D   .absSeg215
.__absdata__ADC0CIDX__             1   N/I      0x61C      0x61C   .absSeg216
.__absdata__ADC0EOLRI__            1   N/I      0x610      0x610   .absSeg217
.__absdata__ADC0IF__               1   N/I      0x609      0x609   .absSeg218
.__absdata__ADC0EIF__              1   N/I      0x608      0x608   .absSeg219
.__absdata__ADC0IE__               1   N/I      0x607      0x607   .absSeg220
.__absdata__ADC0EIE__              1   N/I      0x606      0x606   .absSeg221
.__absdata__ADC0FLWCTL__           1   N/I      0x605      0x605   .absSeg222
.__absdata__ADC0FMT__              1   N/I      0x604      0x604   .absSeg223
.__absdata__ADC0TIM__              1   N/I      0x603      0x603   .absSeg224
.__absdata__ADC0STS__              1   N/I      0x602      0x602   .absSeg225
.__absdata__TIM0PTPSR__            1   N/I      0x5EE      0x5EE   .absSeg226
.__absdata__TIM0OCPD__             1   N/I      0x5EC      0x5EC   .absSeg227
.__absdata__TIM0TFLG2__            1   N/I      0x5CF      0x5CF   .absSeg228
.__absdata__TIM0TFLG1__            1   N/I      0x5CE      0x5CE   .absSeg229
.__absdata__TIM0TSCR2__            1   N/I      0x5CD      0x5CD   .absSeg230
.__absdata__TIM0TIE__              1   N/I      0x5CC      0x5CC   .absSeg231
.__absdata__TIM0TCTL4__            1   N/I      0x5CB      0x5CB   .absSeg232
.__absdata__TIM0TCTL2__            1   N/I      0x5C9      0x5C9   .absSeg233
.__absdata__TIM0TTOV__             1   N/I      0x5C7      0x5C7   .absSeg234
.__absdata__TIM0TSCR1__            1   N/I      0x5C6      0x5C6   .absSeg235
.__absdata__TIM0CFORC__            1   N/I      0x5C1      0x5C1   .absSeg236
.__absdata__TIM0TIOS__             1   N/I      0x5C0      0x5C0   .absSeg237
.__absdata__PTUDEBUG__             1   N/I      0x59F      0x59F   .absSeg238
.__absdata__TG1L1IDX__             1   N/I      0x597      0x597   .absSeg239
.__absdata__TG1L0IDX__             1   N/I      0x596      0x596   .absSeg240
.__absdata__TG0L1IDX__             1   N/I      0x595      0x595   .absSeg241
.__absdata__TG0L0IDX__             1   N/I      0x594      0x594   .absSeg242
.__absdata__PTUPTRL__              1   N/I      0x593      0x593   .absSeg243
.__absdata__PTUPTRM__              1   N/I      0x592      0x592   .absSeg244
.__absdata__PTUPTRH__              1   N/I      0x591      0x591   .absSeg245
.__absdata__PTUCNTL__              1   N/I      0x58F      0x58F   .absSeg246
.__absdata__PTUCNTH__              1   N/I      0x58E      0x58E   .absSeg247
.__absdata__TG1TVL__               1   N/I      0x58D      0x58D   .absSeg248
.__absdata__TG1TVH__               1   N/I      0x58C      0x58C   .absSeg249
.__absdata__TG1TNUM__              1   N/I      0x58B      0x58B   .absSeg250
.__absdata__TG1LIST__              1   N/I      0x58A      0x58A   .absSeg251
.__absdata__TG0TVL__               1   N/I      0x589      0x589   .absSeg252
.__absdata__TG0TVH__               1   N/I      0x588      0x588   .absSeg253
.__absdata__TG0TNUM__              1   N/I      0x587      0x587   .absSeg254
.__absdata__TG0LIST__              1   N/I      0x586      0x586   .absSeg255
.__absdata__PTUIFL__               1   N/I      0x585      0x585   .absSeg256
.__absdata__PTUIFH__               1   N/I      0x584      0x584   .absSeg257
.__absdata__PTUIEL__               1   N/I      0x583      0x583   .absSeg258
.__absdata__PTUIEH__               1   N/I      0x582      0x582   .absSeg259
.__absdata__PTUC__                 1   N/I      0x581      0x581   .absSeg260
.__absdata__PTUE__                 1   N/I      0x580      0x580   .absSeg261
.__absdata__PMFOUTF__              1   N/I      0x53E      0x53E   .absSeg262
.__absdata__PMFDMP5__              1   N/I      0x53D      0x53D   .absSeg263
.__absdata__PMFDMP4__              1   N/I      0x53C      0x53C   .absSeg264
.__absdata__PMFDMP3__              1   N/I      0x53B      0x53B   .absSeg265
.__absdata__PMFDMP2__              1   N/I      0x53A      0x53A   .absSeg266
.__absdata__PMFDMP1__              1   N/I      0x539      0x539   .absSeg267
.__absdata__PMFDMP0__              1   N/I      0x538      0x538   .absSeg268
.__absdata__PMFFQCC__              1   N/I      0x531      0x531   .absSeg269
.__absdata__PMFENCC__              1   N/I      0x530      0x530   .absSeg270
.__absdata__PMFFQCB__              1   N/I      0x529      0x529   .absSeg271
.__absdata__PMFENCB__              1   N/I      0x528      0x528   .absSeg272
.__absdata__PMFFQCA__              1   N/I      0x521      0x521   .absSeg273
.__absdata__PMFENCA__              1   N/I      0x520      0x520   .absSeg274
.__absdata__PMFCINV__              1   N/I      0x51F      0x51F   .absSeg275
.__absdata__PMFICCTL__             1   N/I      0x51E      0x51E   .absSeg276
.__absdata__PMFROIF__              1   N/I      0x51D      0x51D   .absSeg277
.__absdata__PMFROIE__              1   N/I      0x51C      0x51C   .absSeg278
.__absdata__PMFCCTL__              1   N/I      0x50F      0x50F   .absSeg279
.__absdata__PMFDTMS__              1   N/I      0x50E      0x50E   .absSeg280
.__absdata__PMFOUTB__              1   N/I      0x50D      0x50D   .absSeg281
.__absdata__PMFOUTC__              1   N/I      0x50C      0x50C   .absSeg282
.__absdata__PMFQSMP1__             1   N/I      0x509      0x509   .absSeg283
.__absdata__PMFQSMP0__             1   N/I      0x508      0x508   .absSeg284
.__absdata__PMFFIF__               1   N/I      0x507      0x507   .absSeg285
.__absdata__PMFFIE__               1   N/I      0x506      0x506   .absSeg286
.__absdata__PMFFMOD__              1   N/I      0x505      0x505   .absSeg287
.__absdata__PMFFEN__               1   N/I      0x504      0x504   .absSeg288
.__absdata__PMFCFG3__              1   N/I      0x503      0x503   .absSeg289
.__absdata__PMFCFG2__              1   N/I      0x502      0x502   .absSeg290
.__absdata__PMFCFG1__              1   N/I      0x501      0x501   .absSeg291
.__absdata__PMFCFG0__              1   N/I      0x500      0x500   .absSeg292
.__absdata__ECCDCMD__              1   N/I      0x3CF      0x3CF   .absSeg293
.__absdata__ECCDE__                1   N/I      0x3CE      0x3CE   .absSeg294
.__absdata__ECCDPTRL__             1   N/I      0x3C9      0x3C9   .absSeg295
.__absdata__ECCDPTRM__             1   N/I      0x3C8      0x3C8   .absSeg296
.__absdata__ECCDPTRH__             1   N/I      0x3C7      0x3C7   .absSeg297
.__absdata__ECCIF__                1   N/I      0x3C2      0x3C2   .absSeg298
.__absdata__ECCIE__                1   N/I      0x3C1      0x3C1   .absSeg299
.__absdata__ECCSTAT__              1   N/I      0x3C0      0x3C0   .absSeg300
.__absdata__FOPT__                 1   N/I      0x38A      0x38A   .absSeg301
.__absdata__DFPROT__               1   N/I      0x389      0x389   .absSeg302
.__absdata__FPROT__                1   N/I      0x388      0x388   .absSeg303
.__absdata__FERSTAT__              1   N/I      0x387      0x387   .absSeg304
.__absdata__FSTAT__                1   N/I      0x386      0x386   .absSeg305
.__absdata__FERCNFG__              1   N/I      0x385      0x385   .absSeg306
.__absdata__FCNFG__                1   N/I      0x384      0x384   .absSeg307
.__absdata__FPSTAT__               1   N/I      0x383      0x383   .absSeg308
.__absdata__FCCOBIX__              1   N/I      0x382      0x382   .absSeg309
.__absdata__FSEC__                 1   N/I      0x381      0x381   .absSeg310
.__absdata__FCLKDIV__              1   N/I      0x380      0x380   .absSeg311
.__absdata__RDRP__                 1   N/I      0x2FD      0x2FD   .absSeg312
.__absdata__PIFP__                 1   N/I      0x2F7      0x2F7   .absSeg313
.__absdata__PIEP__                 1   N/I      0x2F6      0x2F6   .absSeg314
.__absdata__PPSP__                 1   N/I      0x2F4      0x2F4   .absSeg315
.__absdata__PERP__                 1   N/I      0x2F3      0x2F3   .absSeg316
.__absdata__DDRP__                 1   N/I      0x2F2      0x2F2   .absSeg317
.__absdata__PTIP__                 1   N/I      0x2F1      0x2F1   .absSeg318
.__absdata__PTP__                  1   N/I      0x2F0      0x2F0   .absSeg319
.__absdata__WOMS__                 1   N/I      0x2DF      0x2DF   .absSeg320
.__absdata__PIFS__                 1   N/I      0x2D7      0x2D7   .absSeg321
.__absdata__PIES__                 1   N/I      0x2D6      0x2D6   .absSeg322
.__absdata__PPSS__                 1   N/I      0x2D4      0x2D4   .absSeg323
.__absdata__PERS__                 1   N/I      0x2D3      0x2D3   .absSeg324
.__absdata__DDRS__                 1   N/I      0x2D2      0x2D2   .absSeg325
.__absdata__PTIS__                 1   N/I      0x2D1      0x2D1   .absSeg326
.__absdata__PTS__                  1   N/I      0x2D0      0x2D0   .absSeg327
.__absdata__PPST__                 1   N/I      0x2C4      0x2C4   .absSeg328
.__absdata__PERT__                 1   N/I      0x2C3      0x2C3   .absSeg329
.__absdata__DDRT__                 1   N/I      0x2C2      0x2C2   .absSeg330
.__absdata__PTIT__                 1   N/I      0x2C1      0x2C1   .absSeg331
.__absdata__PTT__                  1   N/I      0x2C0      0x2C0   .absSeg332
.__absdata__PPSE__                 1   N/I      0x268      0x268   .absSeg333
.__absdata__PERE__                 1   N/I      0x266      0x266   .absSeg334
.__absdata__DDRE__                 1   N/I      0x264      0x264   .absSeg335
.__absdata__PTIE__                 1   N/I      0x262      0x262   .absSeg336
.__absdata__PTE__                  1   N/I      0x260      0x260   .absSeg337
.__absdata__PIMMISC__              1   N/I      0x20A      0x20A   .absSeg338
.__absdata__IRQCR__                1   N/I      0x209      0x209   .absSeg339
.__absdata__ECLKCTL__              1   N/I      0x208      0x208   .absSeg340
.__absdata__MODRR2__               1   N/I      0x202      0x202   .absSeg341
.__absdata__MODRR1__               1   N/I      0x201      0x201   .absSeg342
.__absdata__MODRR0__               1   N/I      0x200      0x200   .absSeg343
.__absdata__DBGDAL__               1   N/I      0x147      0x147   .absSeg344
.__absdata__DBGDAM__               1   N/I      0x146      0x146   .absSeg345
.__absdata__DBGDAH__               1   N/I      0x145      0x145   .absSeg346
.__absdata__DBGDCTL__              1   N/I      0x140      0x140   .absSeg347
.__absdata__DBGCDM3__              1   N/I      0x13F      0x13F   .absSeg348
.__absdata__DBGCDM2__              1   N/I      0x13E      0x13E   .absSeg349
.__absdata__DBGCDM1__              1   N/I      0x13D      0x13D   .absSeg350
.__absdata__DBGCDM0__              1   N/I      0x13C      0x13C   .absSeg351
.__absdata__DBGCD3__               1   N/I      0x13B      0x13B   .absSeg352
.__absdata__DBGCD2__               1   N/I      0x13A      0x13A   .absSeg353
.__absdata__DBGCD1__               1   N/I      0x139      0x139   .absSeg354
.__absdata__DBGCD0__               1   N/I      0x138      0x138   .absSeg355
.__absdata__DBGCAL__               1   N/I      0x137      0x137   .absSeg356
.__absdata__DBGCAM__               1   N/I      0x136      0x136   .absSeg357
.__absdata__DBGCAH__               1   N/I      0x135      0x135   .absSeg358
.__absdata__DBGCCTL__              1   N/I      0x130      0x130   .absSeg359
.__absdata__DBGBAL__               1   N/I      0x127      0x127   .absSeg360
.__absdata__DBGBAM__               1   N/I      0x126      0x126   .absSeg361
.__absdata__DBGBAH__               1   N/I      0x125      0x125   .absSeg362
.__absdata__DBGBCTL__              1   N/I      0x120      0x120   .absSeg363
.__absdata__DBGADM3__              1   N/I      0x11F      0x11F   .absSeg364
.__absdata__DBGADM2__              1   N/I      0x11E      0x11E   .absSeg365
.__absdata__DBGADM1__              1   N/I      0x11D      0x11D   .absSeg366
.__absdata__DBGADM0__              1   N/I      0x11C      0x11C   .absSeg367
.__absdata__DBGAD3__               1   N/I      0x11B      0x11B   .absSeg368
.__absdata__DBGAD2__               1   N/I      0x11A      0x11A   .absSeg369
.__absdata__DBGAD1__               1   N/I      0x119      0x119   .absSeg370
.__absdata__DBGAD0__               1   N/I      0x118      0x118   .absSeg371
.__absdata__DBGAAL__               1   N/I      0x117      0x117   .absSeg372
.__absdata__DBGAAM__               1   N/I      0x116      0x116   .absSeg373
.__absdata__DBGAAH__               1   N/I      0x115      0x115   .absSeg374
.__absdata__DBGACTL__              1   N/I      0x110      0x110   .absSeg375
.__absdata__DBGSR__                1   N/I      0x10B      0x10B   .absSeg376
.__absdata__DBGEFR__               1   N/I      0x10A      0x10A   .absSeg377
.__absdata__DBGSCR3__              1   N/I      0x109      0x109   .absSeg378
.__absdata__DBGSCR2__              1   N/I      0x108      0x108   .absSeg379
.__absdata__DBGSCR1__              1   N/I      0x107      0x107   .absSeg380
.__absdata__DBGCNT__               1   N/I      0x106      0x106   .absSeg381
.__absdata__DBGTCRL__              1   N/I      0x103      0x103   .absSeg382
.__absdata__DBGTCRH__              1   N/I      0x102      0x102   .absSeg383
.__absdata__DBGC2__                1   N/I      0x101      0x101   .absSeg384
.__absdata__DBGC1__                1   N/I      0x100      0x100   .absSeg385
.__absdata__MMCPCL__               1   N/I       0x87       0x87   .absSeg386
.__absdata__MMCPCM__               1   N/I       0x86       0x86   .absSeg387
.__absdata__MMCPCH__               1   N/I       0x85       0x85   .absSeg388
.__absdata__MODE__                 1   N/I       0x70       0x70   .absSeg389
.__absdata__INT_CFDATA7__          1   N/I       0x1F       0x1F   .absSeg390
.__absdata__INT_CFDATA6__          1   N/I       0x1E       0x1E   .absSeg391
.__absdata__INT_CFDATA5__          1   N/I       0x1D       0x1D   .absSeg392
.__absdata__INT_CFDATA4__          1   N/I       0x1C       0x1C   .absSeg393
.__absdata__INT_CFDATA3__          1   N/I       0x1B       0x1B   .absSeg394
.__absdata__INT_CFDATA2__          1   N/I       0x1A       0x1A   .absSeg395
.__absdata__INT_CFDATA1__          1   N/I       0x19       0x19   .absSeg396
.__absdata__INT_CFDATA0__          1   N/I       0x18       0x18   .absSeg397
.__absdata__INT_CFADDR__           1   N/I       0x17       0x17   .absSeg398
.__absdata___vector_24_SCI0_INT____          3     R   0xFFFF9D   0xFFFF9F   .absSeg399
.__absdata___vector_14_TIMchan2_ISR____          3     R   0xFFFFC5   0xFFFFC7   .absSeg400
.common                         1973   R/W     0x173A     0x1EEE   RAM

Summary of section sizes per section type:
READ_ONLY (R):        3F07 (dec:    16135)
READ_WRITE (R/W):      EEF (dec:     3823)
NO_INIT (N/I):         1E4 (dec:      484)

*********************************************************************************************
VECTOR-ALLOCATION SECTION
    Address     InitValue   InitFunction
---------------------------------------------------------------------------------------------

*********************************************************************************************
OBJECT-ALLOCATION SECTION
     Name               Module                 Addr   hSize   dSize     Ref    Section   RLIB
---------------------------------------------------------------------------------------------
MODULE:                 -- actuate_s12zvm_c.obj --
- PROCEDURES:
     EnableOutput                            FF8104      20      32       1   .text       
     DisableOutput                           FF8124      21      33       4   .text       
     SetDutycycle                            FF8145     305     773       5   .text       
     SetPtuTriggers                          FF844A      4E      78       1   .text       
     CalcEdges                               FF8498      A3     163       6   .text       
     SetPmfValReg                            FF853B      56      86       1   .text       
- VARIABLES:
     minZeroPulse                              15A8       2       2       1   .data       
     minSamplingPulse                          15AA       2       2       2   .data       
     triggerOffset1                            15AC       2       2       1   .data       
     triggerOffset2                            15AE       2       2       1   .data       
     triggerOffset3                            15B0       2       2       1   .data       
     triggerOffset4                            15B2       2       2       1   .data       
     writeToList                               173A       1       1       7   .common     
MODULE:                 -- meas_s12zvm_c.obj --
- PROCEDURES:
     Meas_Clear                              FF8591      30      48       2   .text       
     Meas_CalibCurrentSense                  FF85C1      79     121       1   .text       
     Meas_Get3PhCurrent                      FF863A      F5     245       1   .text       
     GetAdcRawValues                         FF872F      57      87       2   .text       
     Meas_GetUdcVoltage                      FF8786      1D      29       1   .text       
     Meas_GetTemperature                     FF87A3      1A      26       1   .text       
     Meas_GetTemp_NTC                        FF87BD      1D      29       1   .text       
- VARIABLES:
     _ZZ18Meas_Get3PhCurrentP6structP6structtE9sectorK_1       15B4       2       2       2   .data       
MODULE:                 -- pwm_control_c.obj --
- PROCEDURES:
     PWMControlInit                          FF87DA      19      25       2   .text       
     PWMControlUpdate                        FF87F3      E7     231       1   .text       
     PWMControlTimerOverflow                 FF88DA      1D      29       1   .text       
     PWMControlGetOutputValue                FF88F7      82     130       1   .text       
- VARIABLES:
     _ZZ16PWMControlUpdatejP6structE11highImpulse       173C       2       2       3   .common     
     _ZZ16PWMControlUpdatejP6structE10lowImpulse_0       173E       2       2       3   .common     
     _ZZ16PWMControlUpdatejP6structE6prevIn_1       1740       2       2       4   .common     
MODULE:                 -- state_machine_c.obj --
- PROCEDURES:
- VARIABLES:
     state_table                               15B8     126     294       2   .data       
     state_LED                                 16E0      15      21       1   .data       
MODULE:                 -- vector_c.obj --
- PROCEDURES:
     dummy                                   FF8979       1       1     116   .text       
- VARIABLES:
     _vectab                                 FFFE10     1F0     496       0   vector      
MODULE:                 -- adc_c.obj --
- PROCEDURES:
     adc0_init                               FF897A      4B      75       1   .text       
     adc1_init                               FF89C5      38      56       1   .text       
- VARIABLES:
     ADC0CommandList                           1528      20      32       1   adcLists    
     ADC1CommandList                           1548      20      32       1   adcLists    
     ADC0ResultList                            1568      20      32       7   adcLists    
     ADC1ResultList                            1588      20      32       4   adcLists    
MODULE:                 -- cpmu_c.obj --
- PROCEDURES:
     cpmu_init                               FF89FD      52      82       1   .text       
- VARIABLES:
MODULE:                 -- gdu_c.obj --
- PROCEDURES:
     gdu_init                                FF8A4F      39      57       1   .text       
- VARIABLES:
MODULE:                 -- pim_c.obj --
- PROCEDURES:
     pim_init                                FF8A88      30      48       1   .text       
- VARIABLES:
MODULE:                 -- pmf_c.obj --
- PROCEDURES:
     pmf_init                                FF8AB8      54      84       1   .text       
- VARIABLES:
MODULE:                 -- ptu_c.obj --
- PROCEDURES:
     ptu_init                                FF8B0C      3F      63       1   .text       
- VARIABLES:
     ptuTriggerList0                           1500      14      20       8   ptuTrigE    
     ptuTriggerList1                           1514      14      20       1   ptuTrigE    
MODULE:                 -- sci_c.obj --
- PROCEDURES:
     sci1_init                               FF8B4B       E      14       1   .text       
- VARIABLES:
MODULE:                 -- tim_c.obj --
- PROCEDURES:
     initTIM                                 FF8B59      2D      45       1   .text       
     EnableTIM                               FF8B86       8       8       1   .text       
- VARIABLES:
MODULE:                 -- freemaster_appcmd_c.obj --
- PROCEDURES:
     FMSTR_InitAppCmds                       FF8B8E      2A      42       1   .text       
     FMSTR_StoreAppCmd                       FF8BB8      5A      90       1   .text       
     FMSTR_GetAppCmdStatus                   FF8C12      41      65       1   .text       
     FMSTR_GetAppCmdRespData                 FF8C53      47      71       1   .text       
     FMSTR_FindAppCmdCallIndex               FF8C9A      11      17       1   .text       
- VARIABLES:
     pcm_pAppCmdCallFunc                       1744       C      12       2   .common     
     pcm_pAppCmdCallId                         1750       4       4       2   .common     
     pcm_nAppCmdResultDataLen                  1754       1       1       2   .common     
     pcm_nAppCmdResult                         1755       1       1       4   .common     
     pcm_nAppCmdLen                            1756       2       2       2   .common     
     pcm_pAppCmdBuff                           1758      20      32       3   .common     
     pcm_nAppCmd                               1778       1       1       7   .common     
MODULE:                 -- freemaster_protocol_c.obj --
- PROCEDURES:
     FMSTR_Init                              FF8CAB      1F      31       1   .text       
     FMSTR_ProtocolDecoder                   FF8CCA     137     311       1   .text       
     FMSTR_GetBoardInfo                      FF8E01      42      66       1   .text       
     FMSTR_ReadMem                           FF8E43      38      56       1   .text       
     FMSTR_WriteMem                          FF8E7B      28      40       1   .text       
     FMSTR_WriteMemMask                      FF8EA3      28      40       1   .text       
- VARIABLES:
     @216                                      16F8      16      22       1   .data       
MODULE:                 -- freemaster_rec_c.obj --
- PROCEDURES:
     FMSTR_InitRec                           FF8ECB       A      10       1   .text       
     FMSTR_AbortRec                          FF8ED5       4       4       1   .text       
     FMSTR_SetUpRec                          FF8ED9     112     274       1   .text       
     FMSTR_TriggerRec                        FF8FEB      10      16       2   .text       
     FMSTR_StartRec                          FF8FFB      33      51       1   .text       
     FMSTR_StopRec                           FF902E      23      35       1   .text       
     FMSTR_GetRecStatus                      FF9051      1C      28       1   .text       
     FMSTR_GetRecBuffSize                    FF906D       4       4       2   .text       
     FMSTR_GetRecBuff                        FF9071      37      55       1   .text       
     FMSTR_Compare8S                         FF90A8      18      24       1   .text       
     FMSTR_Compare8U                         FF90C0      16      22       1   .text       
     FMSTR_Compare16S                        FF90D6      12      18       1   .text       
     FMSTR_Compare16U                        FF90E8      12      18       1   .text       
     FMSTR_Compare32S                        FF90FA      12      18       1   .text       
     FMSTR_Compare32U                        FF910C      12      18       1   .text       
     FMSTR_Recorder                          FF911E       A      10       1   .text       
     FMSTR_Recorder2                         FF9128      BC     188       1   .text       
- VARIABLES:
     pcm_pOwnRecBuffer                         177C     400    1024       2   .common     
     pcm_pCompareFunc                          1B7C       3       3       3   .common     
     pcm_nRecBuffAddr                          1B80       3       3       6   .common     
     pcm_uTrgThreshold                         1B84       4       4       7   .common     
     pcm_bTrgVarSigned                         1B88       1       1       2   .common     
     pcm_nTrgVarSize                           1B89       1       1       2   .common     
     pcm_nTrgVarAddr                           1B8C       3       3       7   .common     
     pcm_dwRecEndBuffPtr                       1B90       3       3       2   .common     
     pcm_dwRecWritePtr                         1B94       3       3       5   .common     
     pcm_wRecBuffStartIx                       1B98       2       2       4   .common     
     pcm_wRecFlags                             1B9A       1       1      25   .common     
     pcm_wStoprecCountDown                     1B9C       2       2       3   .common     
     pcm_wRecTimeDivCtr                        1B9E       2       2       4   .common     
     pcm_pRecVarSize                           1BA0       8       8       2   .common     
     pcm_pRecVarAddr                           1BA8      18      24       2   .common     
     pcm_nRecVarCount                          1BC0       1       1       4   .common     
     pcm_wRecTimeDiv                           1BC2       2       2       2   .common     
     pcm_nRecTriggerMode                       1BC4       1       1       3   .common     
     pcm_wRecPostTrigger                       1BC6       2       2       2   .common     
     pcm_wRecTotalSmps                         1BC8       2       2       2   .common     
MODULE:                 -- freemaster_scope_c.obj --
- PROCEDURES:
     FMSTR_InitScope                         FF91E4       1       1       1   .text       
     FMSTR_SetUpScope                        FF91E5      67     103       1   .text       
     FMSTR_ReadScope                         FF924C      43      67       1   .text       
- VARIABLES:
     pcm_pScopeVarSize                         1BCC       8       8       2   .common     
     pcm_pScopeVarAddr                         1BD4      18      24       2   .common     
     pcm_nScopeVarCount                        1BEC       1       1       5   .common     
MODULE:                 -- freemaster_serial_c.obj --
- PROCEDURES:
     FMSTR_ProcessSCI                        FF928F      44      68       1   .text       
     FMSTR_Listen                            FF92D3      1C      28       2   .text       
     FMSTR_SendError                         FF92EF       E      14       1   .text       
     FMSTR_SendResponse                      FF92FD      53      83       2   .text       
     FMSTR_Tx                                FF9350      3C      60       1   .text       
     FMSTR_Rx                                FF938C      D3     211       1   .text       
     FMSTR_InitSerial                        FF945F      14      20       1   .text       
     FMSTR_Poll                              FF9473       4       4       1   .text       
- VARIABLES:
     pcm_nRxCheckSum                           1BF0       1       1       3   .common     
     pcm_pRxBuff                               1BF4       3       3       5   .common     
     pcm_pTxBuff                               1BF8       3       3       4   .common     
     pcm_nRxTodo                               1BFB       1       1       6   .common     
     pcm_nTxTodo                               1BFC       1       1       4   .common     
     pcm_wFlags                                1BFD       1       1      19   .common     
     pcm_pCommBuffer                           1C00      3F      63       6   .common     
MODULE:                 -- freemaster_HC12_c.obj --
- PROCEDURES:
     FMSTR_CopyMemory                        FF9477      1B      27       1   .text       
     FMSTR_CopyToBuffer                      FF9492      2B      43       3   .text       
     FMSTR_CopyFromBuffer                    FF94BD      25      37       2   .text       
     FMSTR_CopyFromBufferWithMask            FF94E2      41      65       1   .text       
     FMSTR_SetExAddr                         FF9523       4       4       7   .text       
     FMSTR_AddressToBuffer                   FF9527      24      36       1   .text       
     FMSTR_AddressFromBuffer                 FF954B      37      55       6   .text       
- VARIABLES:
     pcm_bNextAddrIsEx                         1C3F       1       1       3   .common     
MODULE:                 -- MC9S12ZVML128_PMSM_c.obj --
- PROCEDURES:
     main                                    FF9582      C0     192       1   .text       
     ADC0error_ISR                           FF9642      57      87       1   .text       
     ADC1error_ISR                           FF9699      57      87       1   .text       
     ADC0done_ISR                            FF96F0       8       8       1   .text       
     ADC1done_ISR                            FF96F8       8       8       1   .text       
     PMFreloadA_ISR                          FF9700     16F     367       1   .text       
     TIM0chan3_ISR                           FF986F      3A      58       1   .text       
     TIM0overflow_ISR                        FF98A9       E      14       1   .text       
     stateReset                              FF98B7     2BA     698       3   .text       
     stateFault                              FF9B71      68     104      80   .text       
     stateInit                               FF9BD9     113     275       6   .text       
     stateReady                              FF9CEC      2F      47       3   .text       
     stateCalib                              FF9D1B      40      64       2   .text       
     stateAlign                              FF9D5B      BA     186       2   .text       
     stateRun                                FF9E15     1F0     496       2   .text       
     focSlowLoop                             FFA005     14C     332       1   .text       
     focFastLoop                             FFA151     1AB     427       1   .text       
     faultDetection                          FFA2FC      83     131       1   .text       
     stateLedOFF                             FFA37F       5       5       3   .text       
     stateLedON                              FFA384       5       5       1   .text       
     stateLedFLASHING_SLOW                   FFA389      27      39       1   .text       
     stateLedFLASHING_FASTER                 FFA3B0      2B      43       1   .text       
     stateLedFLASHING_FAST                   FFA3DB      27      39       1   .text       
- VARIABLES:
     useRawDCBusForElim                        170E       1       1       1   .data       
     OL_SpeedRampInc                           1C40       4       4      19   .common     
     CL_SpeedRampInc                           1C44       4       4       3   .common     
     CL_SpeedRampDec                           1C48       4       4       3   .common     
     pwmControlEnabled                         1C4C       1       1       3   .common     
     f16pwmInputMA                             1C50       6       6       2   .common     
     App_count                                 1C56       2       2       4   .common     
     _ZZ14PMFreloadA_ISRvE12getFcnStatus       1C58       1       1       9   .common     
     newPospeSensorlessThRotEl                 1C5A       2       2       3   .common     
     newPospeSensorlessWRotEl                  1C5C       2       2       2   .common     
     useOldValues                              1C5E       1       1       3   .common     
     _ZZ8stateRunvE14stateRunStatus            1C5F       1       1       3   .common     
     _ZZ8stateRunvE20trackingToSensorless_0       1C60       1       1       3   .common     
     useDecoupling                             1C61       1       1       1   .common     
     thetaOffset                               1C62       2       2       1   .common     
     pwmControlData                            1C64      26      38      22   .common     
     AdcError1                                 1C8A       2       2       1   .common     
     AdcError0                                 1C8C       2       2       1   .common     
     AdcErrorIA                                1C8E       2       2       2   .common     
     AdcErrorCMD                               1C90       2       2       2   .common     
     AdcErrorEOL                               1C92       2       2       2   .common     
     AdcErrorTRIG                              1C94       2       2       2   .common     
     AdcErrorRSTAR                             1C96       2       2       2   .common     
     AdcErrorLDOK                              1C98       2       2       2   .common     
     pos_mode                                  1C9A       1       1       9   .common     
     meas                                      1C9C      52      82      15   .common     
     fmScale                                   1CF0      1C      28       6   .common     
     permFaults                                1D0C       6       6      15   .common     
     tempfaults                                1D14       6       6       3   .common     
     cntrState                                 1D1C      15      21      84   .common     
     drvFOC                                    1D34     150     336     364   .common     
MODULE:                 -- motorinter_c.obj --
- PROCEDURES:
     MotorDrive_Start                        FFA402      10      16       1   .text       
     MotorDrive_Stop                         FFA412       F      15       1   .text       
     MotorDrive_Regulation                   FFA421      35      53       1   .text       
- VARIABLES:
     Runcommand                                1E84       1       1       4   .common     
     directemp                                 1E85       1       1       2   .common     
     MotorDrive_MotorStatus                    1E86       2       2       1   .common     
     MotorDrive_uiActualSpeed                  1E88       2       2       1   .common     
     MotorDrive_uiTargetSpeed                  1E8A       2       2       1   .common     
     MotorDrive_uiTemperatureNTC               1E8C       2       2       2   .common     
     MotorDrive_uiTemperature                  1E8E       2       2       1   .common     
     MotorDrive_uiCurrent                      1E90       4       4       4   .common     
     MotorDrive_uiVoltage                      1E94       2       2       1   .common     
     SpeedIN                                   1E96       2       2       1   .common     
MODULE:                 -- lin_cfg_c.obj --
- PROCEDURES:
     ld_read_by_id_callout                   FFA456      1D      29       2   .text       
- VARIABLES:
     lin_virtual_ifc                         FF805C       1       1       5   .rodata     
     LIN_NXP_response_error_signal           FF805D       1       1       1   .rodata     
     response_error_byte_offset              FF805E       1       1       1   .rodata     
     response_error_bit_offset               FF805F       1       1       1   .rodata     
     lin_frame_tbl                           FF8060      2D      45       5   .rodata     
     lin_max_frame_res_timeout_val           FF8090      10      16       2   .rodata     
     lin_initial_NAD                         FF80A0       1       1       3   .rodata     
     product_id                              FF80A4       5       5      10   .rodata     
     response_error                          FF80A9       1       1       1   .rodata     
     lin_diag_services_supported             FF80AA       2       2       1   .rodata     
     lin_save_configuration_flg                1E98       1       1       2   .common     
     lin_flag_handle_tbl                       1E9C       4       4       5   .common     
     lin_frame_flag_tbl                        1EA0       5       5       8   .common     
     tx_single_pdu_data                        1EA8       8       8       2   .common     
     rx_single_pdu_data                        1EB0       8       8       1   .common     
     lin_diag_services_flag                    1EB8       2       2       1   .common     
     tl_slaveresp_cnt                          1EBA       1       1       7   .common     
     tl_current_rx_pdu_ptr                     1EBC       3       3       9   .common     
     tl_current_tx_pdu_ptr                     1EC0       3       3       2   .common     
     lin_word_status                           1EC4       2       2       1   .common     
     lin_goto_sleep_flg                        1EC6       1       1       4   .common     
     lin_error_in_response                     1EC7       1       1       4   .common     
     lin_successful_transfer                   1EC8       1       1       3   .common     
     lin_lld_response_buffer                   1ECC       A      10      10   .common     
     lin_pFrameBuf                             1710      18      24       9   .data       
     lin_configuration_RAM                     1728       7       7       4   .data       
     lin_configured_NAD                        172F       1       1       4   .data       
MODULE:                 -- starts12z_c.obj --
- PROCEDURES:
     DoZeroOut                               FF8000      19      25       1   .init       
     DoCopyDown                              FF8019      15      21       1   .init       
     _Startup                                FF802E      10      16       1   .init       
- VARIABLES:
     _startupData                            FF803E       A      10       3   .startData  
- LABELS:
     __SEG_END_SSTACK                          1500       0       0       1               
MODULE:                 -- mc9s12zvml128_c.obj --
- PROCEDURES:
- VARIABLES:
     ADC1RBP                                    661       3       3       0   .__absdata_ADC1RBP__
     ADC1CBP                                    65D       3       3       0   .__absdata_ADC1CBP__
     ADC0RBP                                    621       3       3       0   .__absdata_ADC0RBP__
     ADC0CBP                                    61D       3       3       0   .__absdata_ADC0CBP__
     PTUPTR                                     591       3       3       0   .__absdata_PTUPTR__
     ECCDPTR                                    3C7       3       3       0   .__absdata_ECCDPTR__
     DBGDA                                      145       3       3       0   .__absdata_DBGDA__
     DBGCA                                      135       3       3       0   .__absdata_DBGCA__
     DBGBA                                      125       3       3       0   .__absdata_DBGBA__
     DBGAA                                      115       3       3       0   .__absdata_DBGAA__
     MMCPC                                       85       3       3       0   .__absdata_MMCPC__
     _ADC1CMD                                   654       4       4       0   .__absdata__ADC1CMD__
     _ADC0CMD                                   614       4       4       0   .__absdata__ADC0CMD__
     _PARTID                                      0       4       4       0   .__absdata__PARTID__
     _CAN0TXTSR                                 83E       2       2       0   .__absdata__CAN0TXTSR__
     _CAN0RXTSR                                 82E       2       2       0   .__absdata__CAN0RXTSR__
     _SPI0DR                                    784       2       2       0   .__absdata__SPI0DR__
     _SCI1BD                                    710       2       2       0   .__absdata__SCI1BD__
     _SCI0BD                                    700       2       2       0   .__absdata__SCI0BD__
     _CPMUIRCTRIM                               6D8       2       2       0   .__absdata__CPMUIRCTRIM__
     _CPMUAPIR                                  6D4       2       2       0   .__absdata__CPMUAPIR__
     _ADC1IMDRI                                 64E       2       2       0   .__absdata__ADC1IMDRI__
     _ADC1CONIF                                 64C       2       2       0   .__absdata__ADC1CONIF__
     _ADC1CONIE                                 64A       2       2       0   .__absdata__ADC1CONIE__
     _ADC1CTL                                   640       2       2       0   .__absdata__ADC1CTL__
     _ADC0IMDRI                                 60E       2       2       0   .__absdata__ADC0IMDRI__
     _ADC0CONIF                                 60C       2       2       0   .__absdata__ADC0CONIF__
     _ADC0CONIE                                 60A       2       2       0   .__absdata__ADC0CONIE__
     _ADC0CTL                                   600       2       2       0   .__absdata__ADC0CTL__
     _TIM0TC3                                   5D6       2       2       0   .__absdata__TIM0TC3__
     _TIM0TC2                                   5D4       2       2       0   .__absdata__TIM0TC2__
     _TIM0TC1                                   5D2       2       2       0   .__absdata__TIM0TC1__
     _TIM0TC0                                   5D0       2       2       0   .__absdata__TIM0TC0__
     _TIM0TCNT                                  5C4       2       2       0   .__absdata__TIM0TCNT__
     _PMFDTMC                                   536       2       2       0   .__absdata__PMFDTMC__
     _PMFMODC                                   534       2       2       0   .__absdata__PMFMODC__
     _PMFCNTC                                   532       2       2       0   .__absdata__PMFCNTC__
     _PMFDTMB                                   52E       2       2       0   .__absdata__PMFDTMB__
     _PMFMODB                                   52C       2       2       0   .__absdata__PMFMODB__
     _PMFCNTB                                   52A       2       2       0   .__absdata__PMFCNTB__
     _PMFDTMA                                   526       2       2       0   .__absdata__PMFDTMA__
     _PMFMODA                                   524       2       2       0   .__absdata__PMFMODA__
     _PMFCNTA                                   522       2       2       0   .__absdata__PMFCNTA__
     _PMFVAL5                                   51A       2       2       0   .__absdata__PMFVAL5__
     _PMFVAL4                                   518       2       2       0   .__absdata__PMFVAL4__
     _PMFVAL3                                   516       2       2       0   .__absdata__PMFVAL3__
     _PMFVAL2                                   514       2       2       0   .__absdata__PMFVAL2__
     _PMFVAL1                                   512       2       2       0   .__absdata__PMFVAL1__
     _PMFVAL0                                   510       2       2       0   .__absdata__PMFVAL0__
     _ECCDD                                     3CC       2       2       0   .__absdata__ECCDD__
     _FCCOB5                                    396       2       2       0   .__absdata__FCCOB5__
     _FCCOB4                                    394       2       2       0   .__absdata__FCCOB4__
     _FCCOB3                                    392       2       2       0   .__absdata__FCCOB3__
     _FCCOB2                                    390       2       2       0   .__absdata__FCCOB2__
     _FCCOB1                                    38E       2       2       0   .__absdata__FCCOB1__
     _FCCOB0                                    38C       2       2       0   .__absdata__FCCOB0__
     _DIENAD                                    298       2       2       0   .__absdata__DIENAD__
     _PIFAD                                     28E       2       2       0   .__absdata__PIFAD__
     _PIEAD                                     28C       2       2       0   .__absdata__PIEAD__
     _PPSAD                                     288       2       2       0   .__absdata__PPSAD__
     _PERAD                                     286       2       2       0   .__absdata__PERAD__
     _DDRAD                                     284       2       2       0   .__absdata__DDRAD__
     _PTIAD                                     282       2       2       0   .__absdata__PTIAD__
     _PTAD                                      280       2       2       0   .__absdata__PTAD__
     _DBGTB                                     104       2       2       0   .__absdata__DBGTB__
     _MMCCCR                                     82       2       2       0   .__absdata__MMCCCR__
     _MMCEC                                      80       2       2       0   .__absdata__MMCEC__
     _IVBR                                       10       2       2       0   .__absdata__IVBR__
     _LP0IF                                     987       1       1       0   .__absdata__LP0IF__
     _LP0IE                                     986       1       1       0   .__absdata__LP0IE__
     _LP0SR                                     985       1       1       0   .__absdata__LP0SR__
     _LP0SLRM                                   983       1       1       0   .__absdata__LP0SLRM__
     _LP0CR                                     981       1       1       0   .__absdata__LP0CR__
     _LP0DR                                     980       1       1       0   .__absdata__LP0DR__
     _CAN0TXTBPR                                83D       1       1       0   .__absdata__CAN0TXTBPR__
     _CAN0TXDLR                                 83C       1       1       0   .__absdata__CAN0TXDLR__
     _CAN0TXDSR7                                83B       1       1       0   .__absdata__CAN0TXDSR7__
     _CAN0TXDSR6                                83A       1       1       0   .__absdata__CAN0TXDSR6__
     _CAN0TXDSR5                                839       1       1       0   .__absdata__CAN0TXDSR5__
     _CAN0TXDSR4                                838       1       1       0   .__absdata__CAN0TXDSR4__
     _CAN0TXDSR3                                837       1       1       0   .__absdata__CAN0TXDSR3__
     _CAN0TXDSR2                                836       1       1       0   .__absdata__CAN0TXDSR2__
     _CAN0TXDSR1                                835       1       1       0   .__absdata__CAN0TXDSR1__
     _CAN0TXDSR0                                834       1       1       0   .__absdata__CAN0TXDSR0__
     _CAN0TXIDR3                                833       1       1       0   .__absdata__CAN0TXIDR3__
     _CAN0TXIDR2                                832       1       1       0   .__absdata__CAN0TXIDR2__
     _CAN0TXIDR1                                831       1       1       0   .__absdata__CAN0TXIDR1__
     _CAN0TXIDR0                                830       1       1       0   .__absdata__CAN0TXIDR0__
     _CAN0RXDLR                                 82C       1       1       0   .__absdata__CAN0RXDLR__
     _CAN0RXDSR7                                82B       1       1       0   .__absdata__CAN0RXDSR7__
     _CAN0RXDSR6                                82A       1       1       0   .__absdata__CAN0RXDSR6__
     _CAN0RXDSR5                                829       1       1       0   .__absdata__CAN0RXDSR5__
     _CAN0RXDSR4                                828       1       1       0   .__absdata__CAN0RXDSR4__
     _CAN0RXDSR3                                827       1       1       0   .__absdata__CAN0RXDSR3__
     _CAN0RXDSR2                                826       1       1       0   .__absdata__CAN0RXDSR2__
     _CAN0RXDSR1                                825       1       1       0   .__absdata__CAN0RXDSR1__
     _CAN0RXDSR0                                824       1       1       0   .__absdata__CAN0RXDSR0__
     _CAN0RXIDR3                                823       1       1       0   .__absdata__CAN0RXIDR3__
     _CAN0RXIDR2                                822       1       1       0   .__absdata__CAN0RXIDR2__
     _CAN0RXIDR1                                821       1       1       0   .__absdata__CAN0RXIDR1__
     _CAN0RXIDR0                                820       1       1       0   .__absdata__CAN0RXIDR0__
     _CAN0IDMR7                                 81F       1       1       0   .__absdata__CAN0IDMR7__
     _CAN0IDMR6                                 81E       1       1       0   .__absdata__CAN0IDMR6__
     _CAN0IDMR5                                 81D       1       1       0   .__absdata__CAN0IDMR5__
     _CAN0IDMR4                                 81C       1       1       0   .__absdata__CAN0IDMR4__
     _CAN0IDAR7                                 81B       1       1       0   .__absdata__CAN0IDAR7__
     _CAN0IDAR6                                 81A       1       1       0   .__absdata__CAN0IDAR6__
     _CAN0IDAR5                                 819       1       1       0   .__absdata__CAN0IDAR5__
     _CAN0IDAR4                                 818       1       1       0   .__absdata__CAN0IDAR4__
     _CAN0IDMR3                                 817       1       1       0   .__absdata__CAN0IDMR3__
     _CAN0IDMR2                                 816       1       1       0   .__absdata__CAN0IDMR2__
     _CAN0IDMR1                                 815       1       1       0   .__absdata__CAN0IDMR1__
     _CAN0IDMR0                                 814       1       1       0   .__absdata__CAN0IDMR0__
     _CAN0IDAR3                                 813       1       1       0   .__absdata__CAN0IDAR3__
     _CAN0IDAR2                                 812       1       1       0   .__absdata__CAN0IDAR2__
     _CAN0IDAR1                                 811       1       1       0   .__absdata__CAN0IDAR1__
     _CAN0IDAR0                                 810       1       1       0   .__absdata__CAN0IDAR0__
     _CAN0TXERR                                 80F       1       1       0   .__absdata__CAN0TXERR__
     _CAN0RXERR                                 80E       1       1       0   .__absdata__CAN0RXERR__
     _CAN0MISC                                  80D       1       1       0   .__absdata__CAN0MISC__
     _CAN0IDAC                                  80B       1       1       0   .__absdata__CAN0IDAC__
     _CAN0TBSEL                                 80A       1       1       0   .__absdata__CAN0TBSEL__
     _CAN0TAAK                                  809       1       1       0   .__absdata__CAN0TAAK__
     _CAN0TARQ                                  808       1       1       0   .__absdata__CAN0TARQ__
     _CAN0TIER                                  807       1       1       0   .__absdata__CAN0TIER__
     _CAN0TFLG                                  806       1       1       0   .__absdata__CAN0TFLG__
     _CAN0RIER                                  805       1       1       0   .__absdata__CAN0RIER__
     _CAN0RFLG                                  804       1       1       0   .__absdata__CAN0RFLG__
     _CAN0BTR1                                  803       1       1       0   .__absdata__CAN0BTR1__
     _CAN0BTR0                                  802       1       1       0   .__absdata__CAN0BTR0__
     _CAN0CTL1                                  801       1       1       0   .__absdata__CAN0CTL1__
     _CAN0CTL0                                  800       1       1       0   .__absdata__CAN0CTL0__
     _SPI0SR                                    783       1       1       0   .__absdata__SPI0SR__
     _SPI0BR                                    782       1       1       0   .__absdata__SPI0BR__
     _SPI0CR2                                   781       1       1       0   .__absdata__SPI0CR2__
     _SPI0CR1                                   780       1       1       0   .__absdata__SPI0CR1__
     _SCI1DRL                                   717       1       1       0   .__absdata__SCI1DRL__
     _SCI1DRH                                   716       1       1       0   .__absdata__SCI1DRH__
     _SCI1SR2                                   715       1       1       0   .__absdata__SCI1SR2__
     _SCI1SR1                                   714       1       1       0   .__absdata__SCI1SR1__
     _SCI1CR2                                   713       1       1       0   .__absdata__SCI1CR2__
     _SCI1ACR2                                  712       1       1       0   .__absdata__SCI1ACR2__
     _SCI0DRL                                   707       1       1       0   .__absdata__SCI0DRL__
[...]
                                lin_diag_services_supported lin_diag_services_flag 
                                lin_condittional_change_nad lin_initial_NAD product_id 
                                lin_save_configuration_flg lin_diagservice_assign_frame_id_range 
                                lin_diagservice_read_by_identifier lin_tl_make_slaveres_pdu 
lin_lld_init              USES lin_virtual_ifc lin_lld_sci_init 
lin_lld_ignore_response   USES lin_virtual_ifc lin_lld_sci_ignore_response 
lin_lld_set_low_power_mode USES lin_virtual_ifc lin_lld_sci_set_low_power_mode 
lin_lld_set_response      USES lin_lld_response_buffer lin_virtual_ifc 
                                lin_lld_sci_tx_response 
lin_lld_rx_response       USES lin_virtual_ifc lin_lld_sci_rx_response 
lin_lld_timer_init        USES lin_lld_timer_S12_init 
lin_diagservice_assign_frame_id_range USES tl_current_rx_pdu_ptr 
                                lin_configuration_RAM lin_process_parity lin_tl_make_slaveres_pdu 
lin_diagservice_read_by_identifier USES tl_current_rx_pdu_ptr product_id 
                                tl_slaveresp_cnt @138 ld_read_by_id_callout 
                                lin_tl_make_slaveres_pdu 
lin_condittional_change_nad USES tl_current_rx_pdu_ptr product_id 
                                lin_tl_make_slaveres_pdu lin_configured_NAD 
l_sys_init                USES lin_lld_timer_init 
l_ifc_init                USES lin_lld_init 
lin_pid_response_callback_handler USES lin_handle_error lin_process_pid 
                                lin_update_tx lin_update_rx lin_bus_activity_timeout 
lin_process_pid           USES lin_goto_sleep_flg lin_get_frame_index 
                                frame_index lin_frame_tbl lin_frame_flag_tbl 
                                lin_configuration_RAM lin_make_res_evnt_frame lin_process_uncd_frame 
                                tl_slaveresp_cnt tl_service_status lin_make_res_diag_frame 
                                lin_lld_set_response lin_lld_rx_response lin_lld_ignore_response 
lin_update_rx             USES frame_index lin_frame_tbl 
                                lin_successful_transfer lin_update_rx_diag_frame lin_flag_handle_tbl 
                                lin_process_uncd_frame lin_update_word_status_lin21 
lin_update_tx             USES lin_successful_transfer frame_signal_error 
                                lin_get_frame_index frame_index lin_update_tx_flags 
                                lin_update_err_signal lin_update_word_status_lin21 tl_slaveresp_cnt 
                                tl_check_timeout_type tl_check_timeout lin_error_in_response 
lin_handle_error          USES lin_get_frame_index frame_index 
                                lin_error_in_response tl_slaveresp_cnt lin_update_err_signal 
                                lin_update_word_status_lin21 
lin_bus_activity_timeout  USES lin_update_word_status_lin21 
                                lin_lld_set_low_power_mode 
lin_update_tx_flags       USES lin_frame_tbl lin_flag_handle_tbl 
                                lin_frame_flag_tbl 
lin_update_rx_diag_frame  USES lin_lld_response_buffer lin_tl_put_pdu 
                                lin_tl_handler lin_goto_sleep_flg lin_lld_set_low_power_mode 
lin_make_res_diag_frame   USES lin_tl_get_pdu 
lin_get_frame_index       USES lin_configuration_RAM 
lin_process_uncd_frame    USES frame_index lin_frame_tbl 
                                lin_lld_response_buffer response_error frame_signal_error 
                                lin_pFrameBuf 
lin_update_word_status_lin21 USES lin_error_in_response 
                                lin_successful_transfer lin_goto_sleep_flg lin_save_configuration_flg 
                                lin_word_status 
lin_update_err_signal     USES lin_frame_tbl response_error_byte_offset 
                                lin_pFrameBuf response_error_bit_offset 
                                lin_error_in_response 
lin_make_res_evnt_frame   USES lin_process_uncd_frame lin_process_parity 
                                lin_lld_response_buffer 
SCI0_INT                  USES lin_lld_sci_isr 
TIMchan2_ISR              USES lin_lld_timer_isr 
lin_lld_sci_init          USES ifc lin_lld_response_buffer response_buffer 
                                tbit pSCI lin_goto_idle_state 
lin_lld_sci_ignore_response USES lin_goto_idle_state 
lin_lld_sci_set_low_power_mode USES state 
lin_lld_sci_rx_response   USES response_buffer cnt_byte ptr state 
lin_lld_sci_tx_response   USES pid response_buffer lin_checksum cnt_byte pSCI 
                                state 
lin_lld_sci_timeout       USES tl_check_timeout_type tl_check_timeout 
                                tl_service_status state res_frame_timeout_cnt cnt_byte l_status 
                                current_id lin_pid_response_callback_handler 
                                lin_goto_idle_state idle_timeout_cnt lin_goto_sleep_flg 
                                frame_timeout_cnt 
lin_goto_idle_state       USES l_status idle_timeout_cnt state 
lin_lld_sci_isr           USES pSCI l_status lin_max_frame_res_timeout_val 
                                frame_timeout_cnt state current_id 
                                lin_pid_response_callback_handler cnt_byte response_buffer ptr pid lin_checksum 
                                lin_goto_idle_state lin_process_parity res_frame_timeout_cnt 
lin_lld_timer_isr         USES lin_lld_sci_timeout 
AMCLIB_BemfObsrvDQ_F16    USES f16gflibSinCosCoef GFLIB_SinCos_F16 
                                GFLIB_ControllerPIrAW_F16 f16gflibAtanCoef GFLIB_Atan_F16 
AMCLIB_SpeedLoop_F16      USES GFLIB_ControllerPIpAW_F16 
_vectab                   USES dummy PMFreloadA_ISR ADC1done_ISR ADC1error_ISR 
                                ADC0done_ISR ADC0error_ISR TIM0overflow_ISR TIM0chan3_ISR 
                                _Startup 
__vector_24_SCI0_INT__    USES SCI0_INT 
__vector_14_TIMchan2_ISR__ USES TIMchan2_ISR 

*********************************************************************************************
DEPENDENCY TREE
*********************************************************************************************
 main and _Startup Group
 | 
 +- main                
 |  | 
 |  +- cpmu_init           
 |  |    
 |  +- pim_init            
 |  |    
 |  +- pmf_init            
 |  |    
 |  +- ptu_init            
 |  |    
 |  +- adc0_init           
 |  |    
 |  +- adc1_init           
 |  |    
 |  +- sci1_init           
 |  |    
 |  +- gdu_init            
 |  |    
 |  +- initTIM             
 |  |    
 |  +- initLIN             
 |  |    
 |  +- l_sys_init          
 |  |  | 
 |  |  +- lin_lld_timer_init  
 |  |     | 
 |  |     +- lin_lld_timer_S12_init
 |  |          
 |  +- l_ifc_init          
 |  |  | 
 |  |  +- lin_lld_init        
 |  |     | 
 |  |     +- lin_lld_sci_init    
 |  |        | 
 |  |        +- lin_goto_idle_state 
 |  |             
 |  +- FMSTR_Init          
 |  |  | 
 |  |  +- FMSTR_InitScope     
 |  |  |    
 |  |  +- FMSTR_InitRec       
 |  |  |    
 |  |  +- FMSTR_InitAppCmds   
 |  |  |    
 |  |  +- FMSTR_InitSerial    
 |  |     | 
 |  |     +- FMSTR_Listen        
 |  |          
 |  +- state_table         
 |  |  | 
 |  |  +- stateFault          
 |  |  |  | 
 |  |  |  +- DisableOutput       
 |  |  |     | 
 |  |  |     +- SetDutycycle        
 |  |  |        | 
 |  |  |        +- CalcEdges           
 |  |  |        |    
 |  |  |        +- SetPtuTriggers      
 |  |  |        |    
 |  |  |        +- SetPmfValReg        
 |  |  |             
 |  |  +- stateInit           
 |  |  |  | 
 |  |  |  +- DisableOutput        (see above)
 |  |  |  |  
 |  |  |  +- Meas_Clear          
 |  |  |  |    
 |  |  |  +- AMCLIB_CurrentLoopInit_F16
 |  |  |  |    
 |  |  |  +- AMCLIB_SpeedLoopInit_F16
 |  |  |  |    
 |  |  |  +- AMCLIB_BemfObsrvDQInit_F16
 |  |  |  |    
 |  |  |  +- AMCLIB_TrackObsrvInit_F16
 |  |  |       
 |  |  +- stateReady          
 |  |  |    
 |  |  +- stateCalib          
 |  |  |  | 
 |  |  |  +- DisableOutput        (see above)
 |  |  |  |  
 |  |  |  +- Meas_CalibCurrentSense
 |  |  |  |  | 
 |  |  |  |  +- GetAdcRawValues     
 |  |  |  |  |    
 |  |  |  |  +- GDFLIB_FilterMA_F16 
 |  |  |  |       
 |  |  |  +- SetDutycycle         (see above)
 |  |  |     
 |  |  +- stateAlign          
 |  |  |  | 
 |  |  |  +- EnableOutput        
 |  |  |  |  | 
 |  |  |  |  +- SetDutycycle         (see above)
 |  |  |  |     
 |  |  |  +- GFLIB_Sin_F16       
 |  |  |  |    
 |  |  |  +- GFLIB_Cos_F16       
 |  |  |  |    
 |  |  |  +- GMCLIB_ParkInv_F16  
 |  |  |  |    
 |  |  |  +- GMCLIB_SvmStd_F16   
 |  |  |  |    
 |  |  |  +- AMCLIB_CurrentLoopSetState_F16
 |  |  |  |    
 |  |  |  +- AMCLIB_CurrentLoop_F16
 |  |  |  |    
 |  |  |  +- AMCLIB_CurrentLoopInit_F16 (see above)
 |  |  |  |  
 |  |  |  +- SetDutycycle         (see above)
 |  |  |     
 |  |  +- stateRun            
 |  |  |  | 
 |  |  |  +- GFLIB_IntegratorTR_F16
 |  |  |  |    
 |  |  |  +- AMCLIB_BemfObsrvDQ_F16
 |  |  |  |  | 
 |  |  |  |  +- GFLIB_SinCos_F16    
 |  |  |  |  |    
 |  |  |  |  +- GFLIB_ControllerPIrAW_F16
 |  |  |  |  |    
 |  |  |  |  +- GFLIB_Atan_F16      
 |  |  |  |       
 |  |  |  +- AMCLIB_TrackObsrv_F16
 |  |  |  |    
 |  |  |  +- AMCLIB_CurrentLoopSetState_F16 (see above)
 |  |  |  |  
 |  |  |  +- AMCLIB_SpeedLoopSetState_F16
 |  |  |  |    
 |  |  |  +- AMCLIB_BemfObsrvDQInit_F16 (see above)
 |  |  |  |  
 |  |  |  +- focSlowLoop         
 |  |  |  |  | 
 |  |  |  |  +- AMCLIB_SpeedLoop_F16
 |  |  |  |  |  | 
 |  |  |  |  |  +- GFLIB_ControllerPIpAW_F16
 |  |  |  |  |       
 |  |  |  |  +- GFLIB_Sqrt_F16      
 |  |  |  |       
 |  |  |  +- focFastLoop         
 |  |  |  |  | 
 |  |  |  |  +- GMCLIB_Clark_F16    
 |  |  |  |  |    
 |  |  |  |  +- GMCLIB_Park_F16     
 |  |  |  |  |    
 |  |  |  |  +- AMCLIB_CurrentLoop_F16 (see above)
 |  |  |  |  |  
 |  |  |  |  +- GMCLIB_DecouplingPMSM_F16
 |  |  |  |  |    
 |  |  |  |  +- GMCLIB_ParkInv_F16   (see above)
 |  |  |  |  |  
 |  |  |  |  +- GMCLIB_ElimDcBusRip_F16
 |  |  |  |  |    
 |  |  |  |  +- GFLIB_Limit_F16     
 |  |  |  |  |    
 |  |  |  |  +- GMCLIB_SvmStd_F16    (see above)
 |  |  |  |  |  
 |  |  |  |  +- GFLIB_Sin_F16        (see above)
 |  |  |  |  |  
 |  |  |  |  +- GFLIB_Cos_F16        (see above)
 |  |  |  |     
 |  |  |  +- SetDutycycle         (see above)
 |  |  |     
 |  |  +- stateReset          
 |  |     | 
 |  |     +- DisableOutput        (see above)
 |  |     |  
 |  |     +- AMCLIB_CurrentLoopInit_F16 (see above)
 |  |     |  
 |  |     +- AMCLIB_SpeedLoopInit_F16 (see above)
 |  |     |  
 |  |     +- AMCLIB_BemfObsrvDQInit_F16 (see above)
 |  |     |  
 |  |     +- AMCLIB_TrackObsrvInit_F16 (see above)
 |  |     |  
 |  |     +- PWMControlInit      
 |  |     |    
 |  |     +- EnableTIM           
 |  |     |    
 |  |     +- Meas_Clear           (see above)
 |  |     |  
 |  |     +- GDFLIB_FilterIIR1Init_F16
 |  |          
 |  +- FMSTR_Poll          
 |  |  | 
 |  |  +- FMSTR_ProcessSCI    
 |  |     | 
 |  |     +- FMSTR_Rx            
 |  |     |  | 
 |  |     |  +- FMSTR_ProtocolDecoder
 |  |     |  |  | 
 |  |     |  |  +- FMSTR_SetExAddr     
 |  |     |  |  |    
 |  |     |  |  +- FMSTR_GetBoardInfo  
 |  |     |  |  |  | 
 |  |     |  |  |  +- FMSTR_GetRecBuffSize
 |  |     |  |  |       
 |  |     |  |  +- FMSTR_GetAppCmdRespData
 |  |     |  |  |  | 
 |  |     |  |  |  +- FMSTR_CopyToBuffer  
 |  |     |  |  |       
 |  |     |  |  +- FMSTR_GetAppCmdStatus
 |  |     |  |  |  | 
 |  |     |  |  |  +- FMSTR_FindAppCmdCallIndex
 |  |     |  |  |       
 |  |     |  |  +- FMSTR_StoreAppCmd   
 |  |     |  |  |  | 
 |  |     |  |  |  +- FMSTR_CopyFromBuffer
 |  |     |  |  |       
 |  |     |  |  +- FMSTR_GetRecBuff    
 |  |     |  |  |  | 
 |  |     |  |  |  +- FMSTR_AddressToBuffer
 |  |     |  |  |       
 |  |     |  |  +- FMSTR_StopRec       
 |  |     |  |  |  | 
 |  |     |  |  |  +- FMSTR_TriggerRec    
 |  |     |  |  |       
 |  |     |  |  +- FMSTR_StartRec      
 |  |     |  |  |    
 |  |     |  |  +- FMSTR_GetRecStatus  
 |  |     |  |  |    
 |  |     |  |  +- FMSTR_ReadScope     
 |  |     |  |  |  | 
 |  |     |  |  |  +- FMSTR_CopyToBuffer   (see above)
 |  |     |  |  |     
 |  |     |  |  +- FMSTR_WriteMemMask  
 |  |     |  |  |  | 
 |  |     |  |  |  +- FMSTR_AddressFromBuffer
 |  |     |  |  |  |    
 |  |     |  |  |  +- FMSTR_CopyFromBufferWithMask
 |  |     |  |  |       
 |  |     |  |  +- FMSTR_WriteMem      
 |  |     |  |  |  | 
 |  |     |  |  |  +- FMSTR_AddressFromBuffer (see above)
 |  |     |  |  |  |  
 |  |     |  |  |  +- FMSTR_CopyFromBuffer (see above)
 |  |     |  |  |     
 |  |     |  |  +- FMSTR_SetUpRec      
 |  |     |  |  |  | 
 |  |     |  |  |  +- FMSTR_AbortRec      
 |  |     |  |  |  |    
 |  |     |  |  |  +- FMSTR_AddressFromBuffer (see above)
 |  |     |  |  |  |  
 |  |     |  |  |  +- FMSTR_Compare32U    
 |  |     |  |  |  |    
 |  |     |  |  |  +- FMSTR_Compare32S    
 |  |     |  |  |  |    
 |  |     |  |  |  +- FMSTR_Compare16U    
 |  |     |  |  |  |    
 |  |     |  |  |  +- FMSTR_Compare16S    
 |  |     |  |  |  |    
 |  |     |  |  |  +- FMSTR_Compare8U     
 |  |     |  |  |  |    
 |  |     |  |  |  +- FMSTR_Compare8S     
 |  |     |  |  |  |    
 |  |     |  |  |  +- FMSTR_GetRecBuffSize (see above)
 |  |     |  |  |     
 |  |     |  |  +- FMSTR_SetUpScope    
 |  |     |  |  |  | 
 |  |     |  |  |  +- FMSTR_AddressFromBuffer (see above)
 |  |     |  |  |     
 |  |     |  |  +- FMSTR_ReadMem       
 |  |     |  |  |  | 
 |  |     |  |  |  +- FMSTR_AddressFromBuffer (see above)
 |  |     |  |  |  |  
 |  |     |  |  |  +- FMSTR_CopyToBuffer   (see above)
 |  |     |  |  |     
 |  |     |  |  +- FMSTR_SendResponse  
 |  |     |  |       
 |  |     |  +- FMSTR_SendError     
 |  |     |     | 
 |  |     |     +- FMSTR_SendResponse   (see above)
 |  |     |        
 |  |     +- FMSTR_Tx            
 |  |        | 
 |  |        +- FMSTR_Listen         (see above)
 |  |           
 |  +- Meas_GetTemp_NTC    
 |  |    
 |  +- MotorDrive_Regulation
 |     | 
 |     +- MotorDrive_Start    
 |     |    
 |     +- MotorDrive_Stop     
 |          
 +- _Startup            
    | 
    +- DoZeroOut           
    |    
    +- DoCopyDown          
    |    
    +- main                 (see above)
       
 _vectab             
 | 
 +- dummy               
 |    
 +- PMFreloadA_ISR      
 |  | 
 |  +- GDFLIB_FilterMA_F16  (see above)
 |  |  
 |  +- GDFLIB_FilterMAInit_F16
 |  |    
 |  +- Meas_Get3PhCurrent  
 |  |  | 
 |  |  +- GetAdcRawValues      (see above)
 |  |     
 |  +- Meas_GetTemperature 
 |  |    
 |  +- Meas_GetUdcVoltage  
 |  |  | 
 |  |  +- GDFLIB_FilterIIR1_F16
 |  |       
 |  +- faultDetection      
 |  |    
 |  +- state_table          (see above)
 |  |  
 |  +- state_LED           
 |  |  | 
 |  |  +- stateLedOFF         
 |  |  |    
 |  |  +- stateLedFLASHING_FAST
 |  |  |    
 |  |  +- stateLedFLASHING_SLOW
 |  |  |    
 |  |  +- stateLedFLASHING_FASTER
 |  |  |    
 |  |  +- stateLedON          
 |  |       
 |  +- FMSTR_Recorder      
 |     | 
 |     +- FMSTR_Recorder2     
 |        | 
 |        +- FMSTR_TriggerRec     (see above)
 |        |  
 |        +- FMSTR_CopyMemory    
 |             
 +- ADC1done_ISR        
 |    
 +- ADC1error_ISR       
 |    
 +- ADC0done_ISR        
 |    
 +- ADC0error_ISR       
 |    
 +- TIM0overflow_ISR    
 |  | 
 |  +- PWMControlTimerOverflow
 |     | 
 |     +- PWMControlInit       (see above)
 |        
 +- TIM0chan3_ISR       
 |  | 
 |  +- PWMControlUpdate    
 |  |    
 |  +- PWMControlGetOutputValue
 |       
 +- _Startup             (see above)
    
 __vector_24_SCI0_INT__
 | 
 +- SCI0_INT            
    | 
    +- lin_lld_sci_isr     
       | 
       +- lin_pid_response_callback_handler
       |  | 
       |  +- lin_handle_error    
       |  |  | 
       |  |  +- lin_get_frame_index 
       |  |  |    
       |  |  +- lin_update_err_signal
       |  |  |    
       |  |  +- lin_update_word_status_lin21
       |  |       
       |  +- lin_process_pid     
       |  |  | 
       |  |  +- lin_get_frame_index  (see above)
       |  |  |  
       |  |  +- lin_make_res_evnt_frame
       |  |  |  | 
       |  |  |  +- lin_process_uncd_frame
       |  |  |  |    
       |  |  |  +- lin_process_parity  
       |  |  |       
       |  |  +- lin_process_uncd_frame (see above)
       |  |  |  
       |  |  +- lin_make_res_diag_frame
       |  |  |  | 
       |  |  |  +- lin_tl_get_pdu      
       |  |  |       
       |  |  +- lin_lld_set_response
       |  |  |  | 
       |  |  |  +- lin_lld_sci_tx_response
       |  |  |     | 
       |  |  |     +- lin_checksum        
       |  |  |          
       |  |  +- lin_lld_rx_response 
       |  |  |  | 
       |  |  |  +- lin_lld_sci_rx_response
       |  |  |       
       |  |  +- lin_lld_ignore_response
       |  |     | 
       |  |     +- lin_lld_sci_ignore_response
       |  |        | 
       |  |        +- lin_goto_idle_state  (see above)
       |  |           
       |  +- lin_update_tx       
       |  |  | 
       |  |  +- lin_get_frame_index  (see above)
       |  |  |  
       |  |  +- lin_update_tx_flags 
       |  |  |    
       |  |  +- lin_update_err_signal (see above)
       |  |  |  
       |  |  +- lin_update_word_status_lin21 (see above)
       |  |     
       |  +- lin_update_rx       
       |  |  | 
       |  |  +- lin_update_rx_diag_frame
       |  |  |  | 
       |  |  |  +- lin_tl_put_pdu      
       |  |  |  |    
       |  |  |  +- lin_tl_handler      
       |  |  |  |  | 
       |  |  |  |  +- lin_tl_attach_service
       |  |  |  |     | 
       |  |  |  |     +- lin_condittional_change_nad
       |  |  |  |     |  | 
       |  |  |  |     |  +- lin_tl_make_slaveres_pdu
       |  |  |  |     |     | 
       |  |  |  |     |     +- ld_read_by_id_callout
       |  |  |  |     |          
       |  |  |  |     +- lin_diagservice_assign_frame_id_range
       |  |  |  |     |  | 
       |  |  |  |     |  +- lin_process_parity   (see above)
       |  |  |  |     |  |  
       |  |  |  |     |  +- lin_tl_make_slaveres_pdu (see above)
       |  |  |  |     |     
       |  |  |  |     +- lin_diagservice_read_by_identifier
       |  |  |  |     |  | 
       |  |  |  |     |  +- ld_read_by_id_callout (see above)
       |  |  |  |     |  |  
       |  |  |  |     |  +- lin_tl_make_slaveres_pdu (see above)
       |  |  |  |     |     
       |  |  |  |     +- lin_tl_make_slaveres_pdu (see above)
       |  |  |  |        
       |  |  |  +- lin_lld_set_low_power_mode
       |  |  |     | 
       |  |  |     +- lin_lld_sci_set_low_power_mode
       |  |  |          
       |  |  +- lin_process_uncd_frame (see above)
       |  |  |  
       |  |  +- lin_update_word_status_lin21 (see above)
       |  |     
       |  +- lin_bus_activity_timeout
       |     | 
       |     +- lin_update_word_status_lin21 (see above)
       |     |  
       |     +- lin_lld_set_low_power_mode (see above)
       |        
       +- lin_checksum         (see above)
       |  
       +- lin_goto_idle_state  (see above)
       |  
       +- lin_process_parity   (see above)
          
 __vector_14_TIMchan2_ISR__
 | 
 +- TIMchan2_ISR        
    | 
    +- lin_lld_timer_isr   
       | 
       +- lin_lld_sci_timeout 
          | 
          +- lin_pid_response_callback_handler (see above)
          |  
          +- lin_goto_idle_state  (see above)
             
*********************************************************************************************
STATISTIC SECTION
---------------------------------------------------------------------------------------------

ExeFile:
--------
Number of blocks to be downloaded: 7
Total size of all blocks to be downloaded: 16135

