Units and locations in library 'LIB_CustomerInterface_v012_NXP_400W.lib'
Unit name                                size     from       to
Common_c.obj                             5360      102     5462
CustomerInterface_InputSignal_c.obj     16112    24902    41014
CustomerInterface_c.obj                 19440     5462    24902
PWMDetection_c.obj                       9248    41014    50262
SpeedCurve_GAC_c.obj                     1864    50262    52126
SpeedCurve_Geely_c.obj                   1864    52126    53990
SpeedCurve_Platform_c.obj                5064    53990    59054
mylibrary_c.obj                          1896    59054    60950

EXPORTED OBJECTS
BSW_LIN_Init                          I   (CustomerInterface_InputSignal_c.obj)
BSW_PWM_Init                          I   (CustomerInterface_InputSignal_c.obj)
CustomerInterface_Main                F   (CustomerInterface_c.obj)
GetSpeedByDigital                     I   (CustomerInterface_c.obj)
GetSpeedByDigital                     F   (SpeedCurve_Platform_c.obj)
InputSignalDetection                  F   (CustomerInterface_InputSignal_c.obj)
PWMDetection_INT                      F   (PWMDetection_c.obj)
PWMDetection_Init                     I   (CustomerInterface_InputSignal_c.obj)
PWMDetection_Init                     F   (PWMDetection_c.obj)
PWMDetection_Main                     F   (PWMDetection_c.obj)
PWM_overflow_INT                      F   (PWMDetection_c.obj)
SPEEDCURVETABLE_CUSTOMER              I   (CustomerInterface_c.obj)
SPEEDCURVETABLE_CUSTOMER              O   (SpeedCurve_Platform_c.obj)
SPEEDCURVETABLE_LIN                   O   (SpeedCurve_Platform_c.obj)
checkemergencymode                    F   (CustomerInterface_c.obj)
checkhighlowsignal                    F   (CustomerInterface_c.obj)
checkinvalidsignal                    F   (CustomerInterface_c.obj)
finallycontrolspeed                   O   (CustomerInterface_c.obj)
flashstartcheck                       F   (CustomerInterface_InputSignal_c.obj)
getcontrolspeedbycustomerinput        F   (CustomerInterface_c.obj)
gettimerclk                           I   (PWMDetection_c.obj)
gettimercntr                          I   (PWMDetection_c.obj)
gucDebugEnable                        O   (Common_c.obj)
gucDebug_PINEnableStatus              O   (Common_c.obj)
gucEOLTFirstSkipFlag                  I   (CustomerInterface_InputSignal_c.obj)
gucEmergencyType                      O   (CustomerInterface_c.obj)
gucHighLowStatus                      O   (CustomerInterface_c.obj)
gucInterfaceStatus                    O   (CustomerInterface_InputSignal_c.obj)
gucLINEOLServiceReceivedFlag          O   (CustomerInterface_InputSignal_c.obj)
gucLINGotoSleepFlag                   O   (CustomerInterface_c.obj)
gucLINResponseError                   O   (CustomerInterface_c.obj)
gucLINSignalReceivedFlag              O   (CustomerInterface_InputSignal_c.obj)
gucPINInterfacePullDownStatus         O   (CustomerInterface_InputSignal_c.obj)
gucPINInterfacePullDownStatus         I   (CustomerInterface_c.obj)
gucPINInterfacePullDownStatus         I   (PWMDetection_c.obj)
gucPINInterfaceStatus                 O   (CustomerInterface_InputSignal_c.obj)
gucPINInterfaceStatus                 I   (CustomerInterface_c.obj)
gucPINKL15EnableStatus                O   (CustomerInterface_InputSignal_c.obj)
gucPINKL15EnableStatus                I   (CustomerInterface_c.obj)
gucPWMDetection_TriggerFlag           I   (CustomerInterface_c.obj)
gucPWMDetection_TriggerFlag           O   (PWMDetection_c.obj)
gucPWMInvalidStatus                   I   (CustomerInterface_InputSignal_c.obj)
gucPWMInvalidStatus                   O   (CustomerInterface_c.obj)
gucPWMSignalDetectedFlag              O   (CustomerInterface_InputSignal_c.obj)
gucPWMSignalDetectedFlag              I   (PWMDetection_c.obj)
gucPWMSignalFlashStartFlag            O   (CustomerInterface_InputSignal_c.obj)
gucPWMSignalFlashStartFlag            I   (CustomerInterface_c.obj)
guiActualSpeed                        I   (CustomerInterface_InputSignal_c.obj)
guiActualSpeed                        O   (CustomerInterface_c.obj)
guiControlSpeed                       O   (CustomerInterface_c.obj)
guiDebug_CurrentLimit                 O   (Common_c.obj)
guiDebug_CurrentLimitbyTemperature    O   (Common_c.obj)
guiDebug_CurrentLimitbyVoltage        O   (Common_c.obj)
guiDebug_ErrorOC                      O   (Common_c.obj)
guiDebug_ErrorVCP                     O   (Common_c.obj)
guiDebug_PowerLimit                   O   (Common_c.obj)
guiDebug_SpeedDeviationCntr           O   (Common_c.obj)
guiDebug_Temperature                  O   (Common_c.obj)
guiDiagnosticLowTime                  I   (CustomerInterface_InputSignal_c.obj)
guiLINEOLServiceCounter               O   (CustomerInterface_InputSignal_c.obj)
guiLINSignal_Digital                  O   (CustomerInterface_InputSignal_c.obj)
guiLINSignal_Digital                  I   (CustomerInterface_c.obj)
guiLibVersion_CustomerInterface       O   (CustomerInterface_c.obj)
guiMaxSpeedCalculated                 I   (CustomerInterface_c.obj)
guiPWMDetection_Duty                  I   (CustomerInterface_InputSignal_c.obj)
guiPWMDetection_Duty                  O   (PWMDetection_c.obj)
guiPWMDetection_Freq                  I   (CustomerInterface_InputSignal_c.obj)
guiPWMDetection_Freq                  O   (PWMDetection_c.obj)
guiPWMSignal_Duty                     O   (CustomerInterface_InputSignal_c.obj)
guiPWMSignal_Duty                     I   (CustomerInterface_c.obj)
guiPWMSignal_Freq                     O   (CustomerInterface_InputSignal_c.obj)
guiPWMSignal_Freq                     I   (CustomerInterface_c.obj)
guiTargetSpeed                        O   (CustomerInterface_c.obj)
interfacestatusdetection              F   (CustomerInterface_InputSignal_c.obj)
settrriger_fall                       I   (PWMDetection_c.obj)
settrriger_rise                       I   (PWMDetection_c.obj)
sucflashmodeflag                      O   (CustomerInterface_InputSignal_c.obj)
suiflashsignalexistcounter            O   (CustomerInterface_InputSignal_c.obj)
suiflashsignalkeepcounter             O   (CustomerInterface_InputSignal_c.obj)
ucPINStatusKL15_filter                F   (CustomerInterface_c.obj)
ucdigitaldelta                        O   (CustomerInterface_c.obj)
ucgetPINEnableStatus                  I   (CustomerInterface_c.obj)
ucgetPINInterfaceStatus               I   (CustomerInterface_c.obj)
ucspeeddigital                        O   (CustomerInterface_c.obj)
uigetlinsignal                        I   (CustomerInterface_InputSignal_c.obj)
uispeeddelta                          O   (CustomerInterface_c.obj)
uispeedvaluerpm                       O   (CustomerInterface_c.obj)
updatepwmsignal                       F   (CustomerInterface_InputSignal_c.obj)
