Units and locations in library 'LIB_Protection_v017_NXP_600W.lib'
Unit name                        size     from       to
Common_c.obj                     5280       95     5375
Protection_c.obj                46320     5375    51695
blockageprotection_c.obj        11280    51695    62975
currentprotection_c.obj          6112    62975    69087
electronicsprotection_c.obj     17024    69087    86111
inputsignalprotection_c.obj      1832    86111    87943
mylibrary_c.obj                  1848   106807   108655
powerprotection_c.obj            4528    87943    92471
temperatureprotection_c.obj      6384    92471    98855
voltageprotection_c.obj          7952    98855   106807

EXPORTED OBJECTS
MathRangeLimit16                      F   (Protection_c.obj)
Protection_Main                       F   (Protection_c.obj)
blockage_protection                   I   (Protection_c.obj)
blockage_protection                   F   (blockageprotection_c.obj)
blockageprotectioncounter             O   (blockageprotection_c.obj)
def_overspeed_delay10ms               O   (blockageprotection_c.obj)
def_overspeed_deltaspeed              O   (blockageprotection_c.obj)
el_GDU_protection                     I   (Protection_c.obj)
el_GDU_protection                     F   (electronicsprotection_c.obj)
el_POWER_protection                   I   (Protection_c.obj)
el_POWER_protection                   F   (electronicsprotection_c.obj)
el_currentoffset_protection           I   (Protection_c.obj)
el_currentoffset_protection           F   (electronicsprotection_c.obj)
el_overcurrentHW_protection           I   (Protection_c.obj)
el_overcurrentHW_protection           F   (electronicsprotection_c.obj)
el_phasesbroken_protection            I   (Protection_c.obj)
el_phasesbroken_protection            F   (electronicsprotection_c.obj)
el_shortcircuit_protection            I   (Protection_c.obj)
el_shortcircuit_protection            F   (electronicsprotection_c.obj)
electronicserrorcounter               O   (electronicsprotection_c.obj)
electronicserrorcounter2              O   (electronicsprotection_c.obj)
electronicserrorcounter3              O   (electronicsprotection_c.obj)
electronicserrorcounter4              O   (electronicsprotection_c.obj)
electronicserrorcounter5              O   (electronicsprotection_c.obj)
gProtectionFlags                      O   (Protection_c.obj)
getlimitcurrentbytemperature          F   (Protection_c.obj)
getlimitcurrentbyvoltage              F   (Protection_c.obj)
getlimitpower                         F   (Protection_c.obj)
gucBlockedCounter                     O   (blockageprotection_c.obj)
gucDebugEnable                        O   (Common_c.obj)
gucDebugEnable                        I   (Protection_c.obj)
gucDebug_PINEnableStatus              O   (Common_c.obj)
gucMotorDriveStartupTime              I   (Protection_c.obj)
gucMotorDriveState                    I   (Protection_c.obj)
gucOneBlockedFlag                     O   (blockageprotection_c.obj)
gucOneElectronicsError                O   (electronicsprotection_c.obj)
gucOneOverSpeedFlag                   O   (blockageprotection_c.obj)
gucOneOverloadFlag                    O   (blockageprotection_c.obj)
guiActualSpeed                        I   (Protection_c.obj)
guiControlSpeed                       I   (Protection_c.obj)
guiCurrent                            I   (Protection_c.obj)
guiDebug_CurrentLimit                 O   (Common_c.obj)
guiDebug_CurrentLimit                 I   (Protection_c.obj)
guiDebug_CurrentLimitbyTemperature    O   (Common_c.obj)
guiDebug_CurrentLimitbyTemperature    I   (Protection_c.obj)
guiDebug_CurrentLimitbyVoltage        O   (Common_c.obj)
guiDebug_CurrentLimitbyVoltage        I   (Protection_c.obj)
guiDebug_ErrorOC                      O   (Common_c.obj)
guiDebug_ErrorVCP                     O   (Common_c.obj)
guiDebug_PowerLimit                   O   (Common_c.obj)
guiDebug_PowerLimit                   I   (Protection_c.obj)
guiDebug_SpeedDeviationCntr           O   (Common_c.obj)
guiDebug_Temperature                  O   (Common_c.obj)
guiLibVersion_Protection              O   (Protection_c.obj)
guiMaxSpeedCalculated                 O   (Protection_c.obj)
guiMinSpeedCalculated                 O   (Protection_c.obj)
guiSpeedSet                           I   (Protection_c.obj)
guiTargetSpeed                        I   (Protection_c.obj)
guiTemperature                        I   (Protection_c.obj)
guiTemperatureNTC                     I   (Protection_c.obj)
guiVoltage                            I   (Protection_c.obj)
limitcurrent_protection               I   (Protection_c.obj)
limitcurrent_protection               F   (currentprotection_c.obj)
limitpower_protection                 I   (Protection_c.obj)
limitpower_protection                 F   (powerprotection_c.obj)
lowvoltage_protection                 I   (Protection_c.obj)
lowvoltage_protection                 F   (voltageprotection_c.obj)
overcurrent_protection                I   (Protection_c.obj)
overcurrent_protection                F   (currentprotection_c.obj)
overload_protection                   I   (Protection_c.obj)
overload_protection                   F   (blockageprotection_c.obj)
overspeed_protection                  F   (blockageprotection_c.obj)
overvoltage_protection                I   (Protection_c.obj)
overvoltage_protection                F   (voltageprotection_c.obj)
speedlimitation2                      F   (Protection_c.obj)
speedlimitbycurrent                   F   (Protection_c.obj)
speedlimitbypower                     F   (Protection_c.obj)
speedlimitbytemperature               F   (Protection_c.obj)
speedlimitcurrent                     O   (Protection_c.obj)
speedlimitpower                       O   (Protection_c.obj)
speedlimittemp                        O   (Protection_c.obj)
sslsumcurrentdelta                    O   (Protection_c.obj)
sslsumpowerdelta                      O   (Protection_c.obj)
sslsumtempdelta                       O   (Protection_c.obj)
temperatureerror_protection           I   (Protection_c.obj)
temperatureerror_protection           F   (temperatureprotection_c.obj)
temperaturewarning_protection         I   (Protection_c.obj)
temperaturewarning_protection         F   (temperatureprotection_c.obj)
uigetCurOffsetVal                     I   (Protection_c.obj)
uigetGDUerror                         I   (electronicsprotection_c.obj)
uigetOCerror                          I   (electronicsprotection_c.obj)
uigetPBerror                          I   (electronicsprotection_c.obj)
uigetPowererror                       I   (electronicsprotection_c.obj)
uigetSCerror                          I   (electronicsprotection_c.obj)
undervoltage_protection               I   (Protection_c.obj)
undervoltage_protection               F   (voltageprotection_c.obj)
