Units and locations in library 'LIB_UDS_v011_NXP.lib'
Unit name            size     from       to
Common_c.obj         5280       83     5363
EOLT_c.obj           6592     5363    11955
UDS_c.obj            3304    11955    15259
appl_diag_c.obj     36560    15259    51819
mylibrary_c.obj      1832    51819    53651

EXPORTED OBJECTS
EOLT_Main                               F   (EOLT_c.obj)
EOLT_Main                               I   (UDS_c.obj)
EOL_Receivedflag                        O   (appl_diag_c.obj)
EOL_controloption                       O   (appl_diag_c.obj)
EOL_controltype                         O   (appl_diag_c.obj)
EOL_routineID                           O   (appl_diag_c.obj)
KL15Test                                F   (EOLT_c.obj)
RunEOLService4_PhasesCurrentTest        F   (appl_diag_c.obj)
RunEOLService5_KL15Check                F   (appl_diag_c.obj)
RunEOLService_CurrentCalibration        F   (appl_diag_c.obj)
RunEOLService_TemperatureCalibration    F   (appl_diag_c.obj)
RunEOLService_VoltageCalibration        F   (appl_diag_c.obj)
UDS_Main                                F   (UDS_c.obj)
__clear                                 I   (appl_diag_c.obj)
b6bridgeoperation                       I   (EOLT_c.obj)
currentcalibration                      F   (EOLT_c.obj)
eolstartingcheck                        F   (appl_diag_c.obj)
flashoperation                          I   (appl_diag_c.obj)
gEOLTRoutinues                          O   (EOLT_c.obj)
gEOLTRoutinues                          I   (appl_diag_c.obj)
g_lin_diag_mreq                         O   (appl_diag_c.obj)
getdatafromflash                        I   (appl_diag_c.obj)
getnad                                  I   (appl_diag_c.obj)
gucDebugEnable                          O   (Common_c.obj)
gucDebug_PINEnableStatus                O   (Common_c.obj)
gucEOLTFirstSkipFlag                    O   (appl_diag_c.obj)
gucLINEOLServiceReceivedFlag            I   (appl_diag_c.obj)
gucLINSignalReceivedFlag                I   (appl_diag_c.obj)
guiActualSpeed                          I   (appl_diag_c.obj)
guiControlSpeed                         I   (appl_diag_c.obj)
guiDebug_CurrentLimit                   O   (Common_c.obj)
guiDebug_CurrentLimitbyTemperature      O   (Common_c.obj)
guiDebug_CurrentLimitbyVoltage          O   (Common_c.obj)
guiDebug_ErrorOC                        O   (Common_c.obj)
guiDebug_ErrorVCP                       O   (Common_c.obj)
guiDebug_PowerLimit                     O   (Common_c.obj)
guiDebug_SpeedDeviationCntr             O   (Common_c.obj)
guiDebug_Temperature                    O   (Common_c.obj)
guiEOLTCurrentFilteredValue             I   (EOLT_c.obj)
guiEOLTCurrentFilteredValue             I   (appl_diag_c.obj)
guiKL15CheckCntr                        I   (EOLT_c.obj)
guiKL15CheckCntr                        I   (appl_diag_c.obj)
guiLINEOLServiceCounter                 I   (appl_diag_c.obj)
guiLibVersion_UDS                       O   (UDS_c.obj)
guiTemperature_nocalibration            I   (appl_diag_c.obj)
guiVoltage_nocalibration                I   (appl_diag_c.obj)
l_ifc_read_status                       I   (appl_diag_c.obj)
ld_receive_message                      I   (appl_diag_c.obj)
ld_rx_status                            I   (appl_diag_c.obj)
ld_send_message                         I   (appl_diag_c.obj)
ld_tx_status                            I   (appl_diag_c.obj)
lineolindication                        F   (appl_diag_c.obj)
phasecurrenttest                        F   (EOLT_c.obj)
tDiagState                              O   (appl_diag_c.obj)
uiaddress                               O   (appl_diag_c.obj)
vAPPLDiagResetDiag                      F   (appl_diag_c.obj)
vAPPLLinCheckSleep                      F   (appl_diag_c.obj)
vAPPLLinDiag                            I   (UDS_c.obj)
vAPPLLinDiag                            F   (appl_diag_c.obj)
